[01m[K/home/pratik/ros2_ws/src/my_robot_description/src/robot_controller.cpp:15:31:[m[K [01;31m[Kerror: [m[K‘[01m[Kyour_package_name[m[K’ was not declared in this scope
   15 |         const std::shared_ptr<[01;31m[Kyour_package_name[m[K::srv::SetVelocity::Request> request,
      |                               [01;31m[K^~~~~~~~~~~~~~~~~[m[K
[01m[K/home/pratik/ros2_ws/src/my_robot_description/src/robot_controller.cpp:15:75:[m[K [01;31m[Kerror: [m[Ktemplate argument 1 is invalid
   15 |         const std::shared_ptr<your_package_name::srv::SetVelocity::Request[01;31m[K>[m[K request,
      |                                                                           [01;31m[K^[m[K
[01m[K/home/pratik/ros2_ws/src/my_robot_description/src/teleop_node.cpp:[m[K In function ‘[01m[Kint main(int, char**)[m[K’:
[01m[K/home/pratik/ros2_ws/src/my_robot_description/src/teleop_node.cpp:11:39:[m[K [01;31m[Kerror: [m[K‘[01m[Kyour_package_name[m[K’ was not declared in this scope
   11 |     auto client = node->create_client<[01;31m[Kyour_package_name[m[K::srv::SetVelocity>("set_robot_velocity");
      |                                       [01;31m[K^~~~~~~~~~~~~~~~~[m[K
[01m[K/home/pratik/ros2_ws/src/my_robot_description/src/teleop_node.cpp:11:25:[m[K [01;31m[Kerror: [m[Kparse error in template argument list
   11 |     auto client = node->[01;31m[Kcreate_client<your_package_name::srv::SetVelocity>[m[K("set_robot_velocity");
      |                         [01;31m[K^~~~~~~~~~~~~~~~~~~~~~~~~~~~~~~~~~~~~~~~~~~~~~~~~~[m[K
[01m[K/home/pratik/ros2_ws/src/my_robot_description/src/teleop_node.cpp:11:75:[m[K [01;31m[Kerror: [m[Kno matching function for call to ‘[01m[Krclcpp::Node::create_client<<expression error> >(const char [19])[m[K’
   11 |     auto client = [01;31m[Knode->create_client<your_package_name::srv::SetVelocity>("set_robot_velocity")[m[K;
      |                   [01;31m[K~~~~~~~~~~~~~~~~~~~~~~~~~~~~~~~~~~~~~~~~~~~~~~~~~~~~~~~~^~~~~~~~~~~~~~~~~~~~~~[m[K
In file included from [01m[K/opt/ros/humble/include/rclcpp/rclcpp/executors/single_threaded_executor.hpp:28[m[K,
                 from [01m[K/opt/ros/humble/include/rclcpp/rclcpp/executors.hpp:22[m[K,
                 from [01m[K/opt/ros/humble/include/rclcpp/rclcpp/rclcpp.hpp:155[m[K,
                 from [01m[K/home/pratik/ros2_ws/src/my_robot_description/src/teleop_node.cpp:2[m[K:
[01m[K/opt/ros/humble/include/rclcpp/rclcpp/node.hpp:252:3:[m[K [01;36m[Knote: [m[Kcandidate: ‘[01m[Ktemplate<class ServiceT> typename rclcpp::Client<ServiceT>::SharedPtr rclcpp::Node::create_client(const string&, const rmw_qos_profile_t&, rclcpp::CallbackGroup::SharedPtr)[m[K’
  252 |   [01;36m[Kcreate_client[m[K(
      |   [01;36m[K^~~~~~~~~~~~~[m[K
[01m[K/opt/ros/humble/include/rclcpp/rclcpp/node.hpp:252:3:[m[K [01;36m[Knote: [m[K  template argument deduction/substitution failed:
[01m[K/home/pratik/ros2_ws/src/my_robot_description/src/teleop_node.cpp:11:75:[m[K [01;31m[Kerror: [m[Ktemplate argument 1 is invalid
   11 |     auto client = [01;31m[Knode->create_client<your_package_name::srv::SetVelocity>("set_robot_velocity")[m[K;
      |                   [01;31m[K~~~~~~~~~~~~~~~~~~~~~~~~~~~~~~~~~~~~~~~~~~~~~~~~~~~~~~~~^~~~~~~~~~~~~~~~~~~~~~[m[K
[01m[K/home/pratik/ros2_ws/src/my_robot_description/src/teleop_node.cpp:14:29:[m[K [01;31m[Kerror: [m[Kparse error in template argument list
   14 |         auto request = std::[01;31m[Kmake_shared<your_package_name::srv::SetVelocity::Request>[m[K();
      |                             [01;31m[K^~~~~~~~~~~~~~~~~~~~~~~~~~~~~~~~~~~~~~~~~~~~~~~~~~~~~~~~~[m[K
[01m[K/home/pratik/ros2_ws/src/my_robot_description/src/teleop_node.cpp:14:86:[m[K [01;31m[Kerror: [m[Kno matching function for call to ‘[01m[Kmake_shared<your_package_name>()[m[K’
   14 |         auto request = [01;31m[Kstd::make_shared<your_package_name::srv::SetVelocity::Request>()[m[K;
      |                        [01;31m[K~~~~~~~~~~~~~~~~~~~~~~~~~~~~~~~~~~~~~~~~~~~~~~~~~~~~~~~~~~~~~~^~[m[K
In file included from [01m[K/usr/include/c++/11/memory:77[m[K,
                 from [01m[K/opt/ros/humble/include/rclcpp/rclcpp/rclcpp.hpp:153[m[K,
                 from [01m[K/home/pratik/ros2_ws/src/my_robot_description/src/teleop_node.cpp:2[m[K:
[01m[K/usr/include/c++/11/bits/shared_ptr.h:875:5:[m[K [01;36m[Knote: [m[Kcandidate: ‘[01m[Ktemplate<class _Tp, class ... _Args> std::shared_ptr<_Tp> std::make_shared(_Args&& ...)[m[K’
  875 |     [01;36m[Kmake_shared[m[K(_Args&&... __args)
      |     [01;36m[K^~~~~~~~~~~[m[K
[01m[K/usr/include/c++/11/bits/shared_ptr.h:875:5:[m[K [01;36m[Knote: [m[K  template argument deduction/substitution failed:
[01m[K/home/pratik/ros2_ws/src/my_robot_description/src/robot_controller.cpp:15:31:[m[K [01;31m[Kerror: [m[K‘[01m[Kyour_package_name[m[K’ was not declared in this scope
   15 |         const std::shared_ptr<[01;31m[Kyour_package_name[m[K::srv::SetVelocity::Request> request,
      |                               [01;31m[K^~~~~~~~~~~~~~~~~[m[K
[01m[K/home/pratik/ros2_ws/src/my_robot_description/src/robot_controller.cpp:15:75:[m[K [01;31m[Kerror: [m[Ktemplate argument 1 is invalid
   15 |         const std::shared_ptr<your_package_name::srv::SetVelocity::Request[01;31m[K>[m[K request,
      |                                                                           [01;31m[K^[m[K
[01m[K/home/pratik/ros2_ws/src/my_robot_description/src/robot_controller.cpp:15:31:[m[K [01;31m[Kerror: [m[K‘[01m[Kyour_package_name[m[K’ was not declared in this scope
   15 |         const std::shared_ptr<[01;31m[Kyour_package_name[m[K::srv::SetVelocity::Request> request,
      |                               [01;31m[K^~~~~~~~~~~~~~~~~[m[K
[01m[K/home/pratik/ros2_ws/src/my_robot_description/src/robot_controller.cpp:15:75:[m[K [01;31m[Kerror: [m[Ktemplate argument 1 is invalid
   15 |         const std::shared_ptr<your_package_name::srv::SetVelocity::Request[01;31m[K>[m[K request,
      |                                                                           [01;31m[K^[m[K
[01m[K/home/pratik/ros2_ws/src/my_robot_description/src/robot_controller.cpp:15:15:[m[K [01;31m[Kerror: [m[Kinvalid template-id
   15 |         const [01;31m[Kstd[m[K::shared_ptr<your_package_name::srv::SetVelocity::Request> request,
      |               [01;31m[K^~~[m[K
[01m[K/home/pratik/ros2_ws/src/my_robot_description/src/robot_controller.cpp:15:31:[m[K [01;31m[Kerror: [m[K‘[01m[Kyour_package_name[m[K’ has not been declared
   15 |         const std::shared_ptr<[01;31m[Kyour_package_name[m[K::srv::SetVelocity::Request> request,
      |                               [01;31m[K^~~~~~~~~~~~~~~~~[m[K
[01m[K/home/pratik/ros2_ws/src/my_robot_description/src/robot_controller.cpp:15:9:[m[K [01;31m[Kerror: [m[Kclass template placeholder ‘[01m[Kstd::shared_ptr[m[K’ not permitted in this context
   15 |         [01;31m[Kconst[m[K std::shared_ptr<your_package_name::srv::SetVelocity::Request> request,
      |         [01;31m[K^~~~~[m[K
[01m[K/home/pratik/ros2_ws/src/my_robot_description/src/robot_controller.cpp:16:25:[m[K [01;31m[Kerror: [m[K‘[01m[Kyour_package_name[m[K’ was not declared in this scope
   16 |         std::shared_ptr<[01;31m[Kyour_package_name[m[K::srv::SetVelocity::Response> response) {
      |                         [01;31m[K^~~~~~~~~~~~~~~~~[m[K
[01m[K/home/pratik/ros2_ws/src/my_robot_description/src/robot_controller.cpp:16:70:[m[K [01;31m[Kerror: [m[Ktemplate argument 1 is invalid
   16 |         std::shared_ptr<your_package_name::srv::SetVelocity::Response[01;31m[K>[m[K response) {
      |                                                                      [01;31m[K^[m[K
[01m[K/home/pratik/ros2_ws/src/my_robot_description/src/robot_controller.cpp:16:25:[m[K [01;31m[Kerror: [m[K‘[01m[Kyour_package_name[m[K’ was not declared in this scope
   16 |         std::shared_ptr<[01;31m[Kyour_package_name[m[K::srv::SetVelocity::Response> response) {
      |                         [01;31m[K^~~~~~~~~~~~~~~~~[m[K
[01m[K/home/pratik/ros2_ws/src/my_robot_description/src/robot_controller.cpp:16:70:[m[K [01;31m[Kerror: [m[Ktemplate argument 1 is invalid
   16 |         std::shared_ptr<your_package_name::srv::SetVelocity::Response[01;31m[K>[m[K response) {
      |                                                                      [01;31m[K^[m[K
[01m[K/home/pratik/ros2_ws/src/my_robot_description/src/robot_controller.cpp:16:25:[m[K [01;31m[Kerror: [m[K‘[01m[Kyour_package_name[m[K’ was not declared in this scope
   16 |         std::shared_ptr<[01;31m[Kyour_package_name[m[K::srv::SetVelocity::Response> response) {
      |                         [01;31m[K^~~~~~~~~~~~~~~~~[m[K
[01m[K/home/pratik/ros2_ws/src/my_robot_description/src/robot_controller.cpp:16:70:[m[K [01;31m[Kerror: [m[Ktemplate argument 1 is invalid
   16 |         std::shared_ptr<your_package_name::srv::SetVelocity::Response[01;31m[K>[m[K response) {
      |                                                                      [01;31m[K^[m[K
[01m[K/home/pratik/ros2_ws/src/my_robot_description/src/robot_controller.cpp:16:9:[m[K [01;31m[Kerror: [m[Kinvalid template-id
   16 |         [01;31m[Kstd[m[K::shared_ptr<your_package_name::srv::SetVelocity::Response> response) {
      |         [01;31m[K^~~[m[K
[01m[K/home/pratik/ros2_ws/src/my_robot_description/src/robot_controller.cpp:16:25:[m[K [01;31m[Kerror: [m[K‘[01m[Kyour_package_name[m[K’ has not been declared
   16 |         std::shared_ptr<[01;31m[Kyour_package_name[m[K::srv::SetVelocity::Response> response) {
      |                         [01;31m[K^~~~~~~~~~~~~~~~~[m[K
[01m[K/home/pratik/ros2_ws/src/my_robot_description/src/robot_controller.cpp:16:9:[m[K [01;31m[Kerror: [m[Kclass template placeholder ‘[01m[Kstd::shared_ptr[m[K’ not permitted in this context
   16 |         [01;31m[Kstd[m[K::shared_ptr<your_package_name::srv::SetVelocity::Response> response) {
      |         [01;31m[K^~~[m[K
[01m[K/home/pratik/ros2_ws/src/my_robot_description/src/robot_controller.cpp:25:21:[m[K [01;31m[Kerror: [m[K‘[01m[Kyour_package_name[m[K’ was not declared in this scope
   25 |     rclcpp::Service<[01;31m[Kyour_package_name[m[K::srv::SetVelocity>::SharedPtr service_;
      |                     [01;31m[K^~~~~~~~~~~~~~~~~[m[K
[01m[K/home/pratik/ros2_ws/src/my_robot_description/src/robot_controller.cpp:25:56:[m[K [01;31m[Kerror: [m[Ktemplate argument 1 is invalid
   25 |     rclcpp::Service<your_package_name::srv::SetVelocity[01;31m[K>[m[K::SharedPtr service_;
      |                                                        [01;31m[K^[m[K
[01m[K/home/pratik/ros2_ws/src/my_robot_description/src/robot_controller.cpp:25:59:[m[K [01;31m[Kerror: [m[Kexpected ‘[01m[K;[m[K’ at end of member declaration
   25 |     rclcpp::Service<your_package_name::srv::SetVelocity>::[01;31m[KSharedPtr[m[K service_;
      |                                                           [01;31m[K^~~~~~~~~[m[K
      |                                                                    [32m[K;[m[K
[01m[K/home/pratik/ros2_ws/src/my_robot_description/src/robot_controller.cpp:25:69:[m[K [01;31m[Kerror: [m[K‘[01m[Kservice_[m[K’ does not name a type
   25 |     rclcpp::Service<your_package_name::srv::SetVelocity>::SharedPtr [01;31m[Kservice_[m[K;
      |                                                                     [01;31m[K^~~~~~~~[m[K
[01m[K/home/pratik/ros2_ws/src/my_robot_description/src/robot_controller.cpp:[m[K In constructor ‘[01m[KRobotController::RobotController()[m[K’:
[01m[K/home/pratik/ros2_ws/src/my_robot_description/src/robot_controller.cpp:9:9:[m[K [01;31m[Kerror: [m[K‘[01m[Kservice_[m[K’ was not declared in this scope
    9 |         [01;31m[Kservice_[m[K = this->create_service<your_package_name::srv::SetVelocity>(
      |         [01;31m[K^~~~~~~~[m[K
[01m[K/home/pratik/ros2_ws/src/my_robot_description/src/robot_controller.cpp:9:41:[m[K [01;31m[Kerror: [m[K‘[01m[Kyour_package_name[m[K’ was not declared in this scope
    9 |         service_ = this->create_service<[01;31m[Kyour_package_name[m[K::srv::SetVelocity>(
      |                                         [01;31m[K^~~~~~~~~~~~~~~~~[m[K
[01m[K/home/pratik/ros2_ws/src/my_robot_description/src/robot_controller.cpp:9:26:[m[K [01;31m[Kerror: [m[Kparse error in template argument list
    9 |         service_ = this->[01;31m[Kcreate_service<your_package_name::srv::SetVelocity>[m[K(
      |                          [01;31m[K^~~~~~~~~~~~~~~~~~~~~~~~~~~~~~~~~~~~~~~~~~~~~~~~~~~[m[K
[01m[K/home/pratik/ros2_ws/src/my_robot_description/src/robot_controller.cpp:9:77:[m[K [01;31m[Kerror: [m[Kno matching function for call to ‘[01m[KRobotController::create_service<<expression error> >(const char [19], std::_Bind_helper<false, void (RobotController::*)(...), RobotController*, const std::_Placeholder<1>&, const std::_Placeholder<2>&>::type)[m[K’
    9 |         service_ = [01;31m[Kthis->create_service<your_package_name::srv::SetVelocity>([m[K
      |                    [01;31m[K~~~~~~~~~~~~~~~~~~~~~~~~~~~~~~~~~~~~~~~~~~~~~~~~~~~~~~~~~^[m[K
   10 | [01;31m[K            "set_robot_velocity",[m[K
      |             [01;31m[K~~~~~~~~~~~~~~~~~~~~~[m[K                                            
   11 | [01;31m[K            std::bind(&RobotController::handle_velocity_request, this, std::placeholders::_1, std::placeholders::_2))[m[K;
      |             [01;31m[K~~~~~~~~~~~~~~~~~~~~~~~~~~~~~~~~~~~~~~~~~~~~~~~~~~~~~~~~~~~~~~~~~~~~~~~~~~~~~~~~~~~~~~~~~~~~~~~~~~~~~~~~~[m[K
In file included from [01m[K/opt/ros/humble/include/rclcpp/rclcpp/executors/single_threaded_executor.hpp:28[m[K,
                 from [01m[K/opt/ros/humble/include/rclcpp/rclcpp/executors.hpp:22[m[K,
                 from [01m[K/opt/ros/humble/include/rclcpp/rclcpp/rclcpp.hpp:155[m[K,
                 from [01m[K/home/pratik/ros2_ws/src/my_robot_description/src/robot_controller.cpp:2[m[K:
[01m[K/opt/ros/humble/include/rclcpp/rclcpp/node.hpp:267:3:[m[K [01;36m[Knote: [m[Kcandidate: ‘[01m[Ktemplate<class ServiceT, class CallbackT> typename rclcpp::Service<ServiceT>::SharedPtr rclcpp::Node::create_service(const string&, CallbackT&&, const rmw_qos_profile_t&, rclcpp::CallbackGroup::SharedPtr)[m[K’
  267 |   [01;36m[Kcreate_service[m[K(
      |   [01;36m[K^~~~~~~~~~~~~~[m[K
[01m[K/opt/ros/humble/include/rclcpp/rclcpp/node.hpp:267:3:[m[K [01;36m[Knote: [m[K  template argument deduction/substitution failed:
[01m[K/home/pratik/ros2_ws/src/my_robot_description/src/robot_controller.cpp:9:77:[m[K [01;31m[Kerror: [m[Ktemplate argument 1 is invalid
    9 |         service_ = [01;31m[Kthis->create_service<your_package_name::srv::SetVelocity>([m[K
      |                    [01;31m[K~~~~~~~~~~~~~~~~~~~~~~~~~~~~~~~~~~~~~~~~~~~~~~~~~~~~~~~~~^[m[K
   10 | [01;31m[K            "set_robot_velocity",[m[K
      |             [01;31m[K~~~~~~~~~~~~~~~~~~~~~[m[K                                            
   11 | [01;31m[K            std::bind(&RobotController::handle_velocity_request, this, std::placeholders::_1, std::placeholders::_2))[m[K;
      |             [01;31m[K~~~~~~~~~~~~~~~~~~~~~~~~~~~~~~~~~~~~~~~~~~~~~~~~~~~~~~~~~~~~~~~~~~~~~~~~~~~~~~~~~~~~~~~~~~~~~~~~~~~~~~~~~[m[K
In file included from [01m[K/opt/ros/humble/include/rclcpp/rclcpp/logging.hpp:24[m[K,
                 from [01m[K/opt/ros/humble/include/rclcpp/rclcpp/client.hpp:40[m[K,
                 from [01m[K/opt/ros/humble/include/rclcpp/rclcpp/callback_group.hpp:24[m[K,
                 from [01m[K/opt/ros/humble/include/rclcpp/rclcpp/any_executable.hpp:20[m[K,
                 from [01m[K/opt/ros/humble/include/rclcpp/rclcpp/memory_strategy.hpp:25[m[K,
                 from [01m[K/opt/ros/humble/include/rclcpp/rclcpp/memory_strategies.hpp:18[m[K,
                 from [01m[K/opt/ros/humble/include/rclcpp/rclcpp/executor_options.hpp:20[m[K,
                 from [01m[K/opt/ros/humble/include/rclcpp/rclcpp/executor.hpp:37[m[K,
                 from [01m[K/opt/ros/humble/include/rclcpp/rclcpp/executors/multi_threaded_executor.hpp:25[m[K,
                 from [01m[K/opt/ros/humble/include/rclcpp/rclcpp/executors.hpp:21[m[K,
                 from [01m[K/opt/ros/humble/include/rclcpp/rclcpp/rclcpp.hpp:155[m[K,
                 from [01m[K/home/pratik/ros2_ws/src/my_robot_description/src/robot_controller.cpp:2[m[K:
[01m[K/home/pratik/ros2_ws/src/my_robot_description/src/robot_controller.cpp:[m[K In member function ‘[01m[Kvoid RobotController::handle_velocity_request(...)[m[K’:
[01m[K/home/pratik/ros2_ws/src/my_robot_description/src/robot_controller.cpp:20:21:[m[K [01;31m[Kerror: [m[K‘[01m[Krequest[m[K’ was not declared in this scope
   20 |                     [01;31m[Krequest[m[K->linear_x, request->angular_z);
      |                     [01;31m[K^~~~~~~[m[K
[01m[K/home/pratik/ros2_ws/src/my_robot_description/src/robot_controller.cpp:22:9:[m[K [01;31m[Kerror: [m[K‘[01m[Kresponse[m[K’ was not declared in this scope
   22 |         [01;31m[Kresponse[m[K->success = true;
      |         [01;31m[K^~~~~~~~[m[K
gmake[2]: *** [CMakeFiles/teleop_node.dir/build.make:76: CMakeFiles/teleop_node.dir/src/teleop_node.cpp.o] Error 1
gmake[1]: *** [CMakeFiles/Makefile2:622: CMakeFiles/teleop_node.dir/all] Error 2
gmake[1]: *** Waiting for unfinished jobs....
gmake[2]: *** [CMakeFiles/robot_controller_node.dir/build.make:76: CMakeFiles/robot_controller_node.dir/src/robot_controller.cpp.o] Error 1
gmake[1]: *** [CMakeFiles/Makefile2:595: CMakeFiles/robot_controller_node.dir/all] Error 2
gmake: *** [Makefile:146: all] Error 2
