[0.006s] Invoking command in '/home/pratik/ros2_ws/build/my_robot_description': CMAKE_PREFIX_PATH=${CMAKE_PREFIX_PATH}:/opt/ros/humble /usr/bin/cmake /home/pratik/ros2_ws/src/my_robot_description -DCMAKE_INSTALL_PREFIX=/home/pratik/ros2_ws/install/my_robot_description
[0.054s] -- The C compiler identification is GNU 11.4.0
[0.095s] -- The CXX compiler identification is GNU 11.4.0
[0.100s] -- Detecting C compiler ABI info
[0.177s] -- Detecting C compiler ABI info - done
[0.182s] -- Check for working C compiler: /usr/bin/cc - skipped
[0.182s] -- Detecting C compile features
[0.182s] -- Detecting C compile features - done
[0.183s] -- Detecting CXX compiler ABI info
[0.250s] -- Detecting CXX compiler ABI info - done
[0.256s] -- Check for working CXX compiler: /usr/bin/c++ - skipped
[0.256s] -- Detecting CXX compile features
[0.257s] -- Detecting CXX compile features - done
[0.258s] -- Found ament_cmake: 1.3.12 (/opt/ros/humble/share/ament_cmake/cmake)
[0.373s] -- Found Python3: /usr/bin/python3 (found version "3.10.12") found components: Interpreter 
[0.422s] -- Found rclcpp: 16.0.17 (/opt/ros/humble/share/rclcpp/cmake)
[0.445s] -- Found rosidl_generator_c: 3.1.8 (/opt/ros/humble/share/rosidl_generator_c/cmake)
[0.447s] -- Found rosidl_adapter: 3.1.8 (/opt/ros/humble/share/rosidl_adapter/cmake)
[0.452s] -- Found rosidl_generator_cpp: 3.1.8 (/opt/ros/humble/share/rosidl_generator_cpp/cmake)
[0.457s] -- Using all available rosidl_typesupport_c: rosidl_typesupport_fastrtps_c;rosidl_typesupport_introspection_c
[0.465s] -- Using all available rosidl_typesupport_cpp: rosidl_typesupport_fastrtps_cpp;rosidl_typesupport_introspection_cpp
[0.486s] -- Found rmw_implementation_cmake: 6.1.2 (/opt/ros/humble/share/rmw_implementation_cmake/cmake)
[0.487s] -- Found rmw_fastrtps_cpp: 6.2.9 (/opt/ros/humble/share/rmw_fastrtps_cpp/cmake)
[0.551s] -- Found OpenSSL: /usr/lib/x86_64-linux-gnu/libcrypto.so (found version "3.0.2")  
[0.576s] -- Found FastRTPS: /opt/ros/humble/include  
[0.597s] -- Using RMW implementation 'rmw_fastrtps_cpp' as default
[0.602s] -- Looking for pthread.h
[0.675s] -- Looking for pthread.h - found
[0.675s] -- Performing Test CMAKE_HAVE_LIBC_PTHREAD
[0.751s] -- Performing Test CMAKE_HAVE_LIBC_PTHREAD - Success
[0.752s] -- Found Threads: TRUE  
[0.781s] -- Found geometry_msgs: 4.9.0 (/opt/ros/humble/share/geometry_msgs/cmake)
[0.787s] -- Found sensor_msgs: 4.9.0 (/opt/ros/humble/share/sensor_msgs/cmake)
[0.796s] -- Found rosidl_default_generators: 1.2.0 (/opt/ros/humble/share/rosidl_default_generators/cmake)
[0.953s] -- Found ament_cmake_ros: 0.10.0 (/opt/ros/humble/share/ament_cmake_ros/cmake)
[1.156s] -- Using all available rosidl_typesupport_c: rosidl_typesupport_fastrtps_c;rosidl_typesupport_introspection_c
[1.241s] -- Using all available rosidl_typesupport_cpp: rosidl_typesupport_fastrtps_cpp;rosidl_typesupport_introspection_cpp
[1.265s] -- Found PythonInterp: /usr/bin/python3 (found suitable version "3.10.12", minimum required is "3.6") 
[1.266s] -- Found python_cmake_module: 0.10.0 (/opt/ros/humble/share/python_cmake_module/cmake)
[1.288s] -- Found PythonLibs: /usr/lib/x86_64-linux-gnu/libpython3.10.so (found suitable version "3.10.12", minimum required is "3.5") 
[1.288s] -- Using PYTHON_EXECUTABLE: /usr/bin/python3
[1.288s] -- Using PYTHON_INCLUDE_DIRS: /usr/include/python3.10
[1.288s] -- Using PYTHON_LIBRARIES: /usr/lib/x86_64-linux-gnu/libpython3.10.so
[1.301s] -- Found PythonExtra: .so  
[1.329s] -- Found ament_lint_auto: 0.12.14 (/opt/ros/humble/share/ament_lint_auto/cmake)
[1.337s] -- Added test 'cppcheck' to perform static code analysis on C / C++ code
[1.338s] -- Configured cppcheck include dirs: 
[1.338s] -- Configured cppcheck exclude dirs and/or files: 
[1.338s] -- Added test 'flake8' to check Python code syntax and style conventions
[1.338s] -- Added test 'lint_cmake' to check CMake code style
[1.338s] -- Added test 'pep257' to check Python code against some of the docstring style conventions in PEP 257
[1.339s] -- Added test 'uncrustify' to check C / C++ code style
[1.339s] -- Configured uncrustify additional arguments: 
[1.339s] -- Added test 'xmllint' to check XML markup files
[1.340s] -- Configuring done
[1.356s] -- Generating done
[1.362s] -- Build files have been written to: /home/pratik/ros2_ws/build/my_robot_description
[1.370s] Invoked command in '/home/pratik/ros2_ws/build/my_robot_description' returned '0': CMAKE_PREFIX_PATH=${CMAKE_PREFIX_PATH}:/opt/ros/humble /usr/bin/cmake /home/pratik/ros2_ws/src/my_robot_description -DCMAKE_INSTALL_PREFIX=/home/pratik/ros2_ws/install/my_robot_description
[1.370s] Invoking command in '/home/pratik/ros2_ws/build/my_robot_description': CMAKE_PREFIX_PATH=${CMAKE_PREFIX_PATH}:/opt/ros/humble /usr/bin/cmake --build /home/pratik/ros2_ws/build/my_robot_description -- -j20 -l20
[1.401s] [  2%] [34m[1mGenerating C code for ROS interfaces[0m
[1.411s] [  5%] [34m[1mGenerating C++ code for ROS interfaces[0m
[1.416s] [  5%] Built target ament_cmake_python_copy_my_robot_description
[1.537s] running egg_info
[1.537s] creating my_robot_description.egg-info
[1.537s] writing my_robot_description.egg-info/PKG-INFO
[1.537s] writing dependency_links to my_robot_description.egg-info/dependency_links.txt
[1.537s] writing top-level names to my_robot_description.egg-info/top_level.txt
[1.537s] writing manifest file 'my_robot_description.egg-info/SOURCES.txt'
[1.538s] reading manifest file 'my_robot_description.egg-info/SOURCES.txt'
[1.538s] writing manifest file 'my_robot_description.egg-info/SOURCES.txt'
[1.546s] [  8%] [32mBuilding C object CMakeFiles/my_robot_description__rosidl_generator_c.dir/rosidl_generator_c/my_robot_description/srv/detail/set_velocity__functions.c.o[0m
[1.554s] [  8%] Built target my_robot_description__cpp
[1.555s] [  8%] Built target ament_cmake_python_build_my_robot_description_egg
[1.560s] [ 11%] [34m[1mGenerating C++ introspection for ROS interfaces[0m
[1.561s] [ 14%] [34m[1mGenerating C++ type support for eProsima Fast-RTPS[0m
[1.561s] [ 17%] [34m[1mGenerating C++ type support dispatch for ROS interfaces[0m
[1.579s] [ 20%] [32m[1mLinking C shared library libmy_robot_description__rosidl_generator_c.so[0m
[1.604s] [ 20%] Built target my_robot_description__rosidl_generator_c
[1.611s] [ 22%] [34m[1mGenerating C introspection for ROS interfaces[0m
[1.612s] [ 25%] [34m[1mGenerating C type support for eProsima Fast-RTPS[0m
[1.612s] [ 28%] [34m[1mGenerating C type support dispatch for ROS interfaces[0m
[1.690s] [ 31%] [32mBuilding CXX object CMakeFiles/my_robot_description__rosidl_typesupport_cpp.dir/rosidl_typesupport_cpp/my_robot_description/srv/set_velocity__type_support.cpp.o[0m
[1.701s] [ 34%] [32mBuilding CXX object CMakeFiles/my_robot_description__rosidl_typesupport_introspection_cpp.dir/rosidl_typesupport_introspection_cpp/my_robot_description/srv/detail/set_velocity__type_support.cpp.o[0m
[1.707s] [ 37%] [32mBuilding CXX object CMakeFiles/my_robot_description__rosidl_typesupport_fastrtps_cpp.dir/rosidl_typesupport_fastrtps_cpp/my_robot_description/srv/detail/dds_fastrtps/set_velocity__type_support.cpp.o[0m
[1.748s] [ 40%] [32mBuilding CXX object CMakeFiles/my_robot_description__rosidl_typesupport_c.dir/rosidl_typesupport_c/my_robot_description/srv/set_velocity__type_support.cpp.o[0m
[1.761s] [ 45%] [32mBuilding CXX object CMakeFiles/my_robot_description__rosidl_typesupport_fastrtps_c.dir/rosidl_typesupport_fastrtps_c/my_robot_description/srv/detail/set_velocity__type_support_c.cpp.o[0m
[1.761s] [ 45%] [32mBuilding C object CMakeFiles/my_robot_description__rosidl_typesupport_introspection_c.dir/rosidl_typesupport_introspection_c/my_robot_description/srv/detail/set_velocity__type_support.c.o[0m
[1.769s] [ 48%] [32m[1mLinking CXX shared library libmy_robot_description__rosidl_typesupport_c.so[0m
[1.787s] [ 51%] [32m[1mLinking C shared library libmy_robot_description__rosidl_typesupport_introspection_c.so[0m
[1.804s] [ 51%] Built target my_robot_description__rosidl_typesupport_c
[1.811s] [ 51%] Built target my_robot_description__rosidl_typesupport_introspection_c
[1.841s] [ 54%] [32m[1mLinking CXX shared library libmy_robot_description__rosidl_typesupport_cpp.so[0m
[1.869s] [ 54%] Built target my_robot_description__rosidl_typesupport_cpp
[1.887s] [ 60%] [32mBuilding CXX object CMakeFiles/robot_controller_node.dir/src/robot_controller.cpp.o[0m
[1.887s] [ 60%] [32mBuilding CXX object CMakeFiles/teleop_node.dir/src/teleop_node.cpp.o[0m
[1.911s] [ 65%] [32m[1mLinking CXX shared library libmy_robot_description__rosidl_typesupport_introspection_cpp.so[0m
[1.912s] [ 65%] [32m[1mLinking CXX shared library libmy_robot_description__rosidl_typesupport_fastrtps_cpp.so[0m
[1.935s] [ 68%] [32m[1mLinking CXX shared library libmy_robot_description__rosidl_typesupport_fastrtps_c.so[0m
[1.959s] [ 68%] Built target my_robot_description__rosidl_typesupport_fastrtps_cpp
[1.959s] [ 68%] Built target my_robot_description__rosidl_typesupport_introspection_cpp
[1.981s] [ 68%] Built target my_robot_description__rosidl_typesupport_fastrtps_c
[1.995s] [ 68%] Built target my_robot_description
[2.011s] [ 71%] [34m[1mGenerating Python code for ROS interfaces[0m
[2.188s] [ 71%] Built target my_robot_description__py
[2.202s] [ 74%] [32mBuilding C object CMakeFiles/my_robot_description__rosidl_generator_py.dir/rosidl_generator_py/my_robot_description/srv/_set_velocity_s.c.o[0m
[2.274s] [ 77%] [32m[1mLinking C shared library rosidl_generator_py/my_robot_description/libmy_robot_description__rosidl_generator_py.so[0m
[2.303s] [ 77%] Built target my_robot_description__rosidl_generator_py
[2.319s] [ 80%] [32mBuilding C object CMakeFiles/my_robot_description__rosidl_typesupport_c__pyext.dir/rosidl_generator_py/my_robot_description/_my_robot_description_s.ep.rosidl_typesupport_c.c.o[0m
[2.319s] [ 85%] [32mBuilding C object CMakeFiles/my_robot_description__rosidl_typesupport_introspection_c__pyext.dir/rosidl_generator_py/my_robot_description/_my_robot_description_s.ep.rosidl_typesupport_introspection_c.c.o[0m
[2.319s] [ 85%] [32mBuilding C object CMakeFiles/my_robot_description__rosidl_typesupport_fastrtps_c__pyext.dir/rosidl_generator_py/my_robot_description/_my_robot_description_s.ep.rosidl_typesupport_fastrtps_c.c.o[0m
[2.376s] [ 94%] [32m[1mLinking C shared library rosidl_generator_py/my_robot_description/my_robot_description_s__rosidl_typesupport_c.cpython-310-x86_64-linux-gnu.so[0m
[2.376s] [ 94%] [32m[1mLinking C shared library rosidl_generator_py/my_robot_description/my_robot_description_s__rosidl_typesupport_fastrtps_c.cpython-310-x86_64-linux-gnu.so[0m
[2.376s] [ 88%] [32m[1mLinking C shared library rosidl_generator_py/my_robot_description/my_robot_description_s__rosidl_typesupport_introspection_c.cpython-310-x86_64-linux-gnu.so[0m
[2.398s] [ 94%] Built target my_robot_description__rosidl_typesupport_fastrtps_c__pyext
[2.402s] [ 94%] Built target my_robot_description__rosidl_typesupport_introspection_c__pyext
[2.402s] [ 94%] Built target my_robot_description__rosidl_typesupport_c__pyext
[3.050s] [01m[K/home/pratik/ros2_ws/src/my_robot_description/src/robot_controller.cpp:15:31:[m[K [01;31m[Kerror: [m[K‘[01m[Kyour_package_name[m[K’ was not declared in this scope
[3.050s]    15 |         const std::shared_ptr<[01;31m[Kyour_package_name[m[K::srv::SetVelocity::Request> request,
[3.050s]       |                               [01;31m[K^~~~~~~~~~~~~~~~~[m[K
[3.050s] [01m[K/home/pratik/ros2_ws/src/my_robot_description/src/robot_controller.cpp:15:75:[m[K [01;31m[Kerror: [m[Ktemplate argument 1 is invalid
[3.050s]    15 |         const std::shared_ptr<your_package_name::srv::SetVelocity::Request[01;31m[K>[m[K request,
[3.050s]       |                                                                           [01;31m[K^[m[K
[3.050s] [01m[K/home/pratik/ros2_ws/src/my_robot_description/src/teleop_node.cpp:[m[K In function ‘[01m[Kint main(int, char**)[m[K’:
[3.050s] [01m[K/home/pratik/ros2_ws/src/my_robot_description/src/teleop_node.cpp:11:39:[m[K [01;31m[Kerror: [m[K‘[01m[Kyour_package_name[m[K’ was not declared in this scope
[3.050s]    11 |     auto client = node->create_client<[01;31m[Kyour_package_name[m[K::srv::SetVelocity>("set_robot_velocity");
[3.050s]       |                                       [01;31m[K^~~~~~~~~~~~~~~~~[m[K
[3.050s] [01m[K/home/pratik/ros2_ws/src/my_robot_description/src/teleop_node.cpp:11:25:[m[K [01;31m[Kerror: [m[Kparse error in template argument list
[3.050s]    11 |     auto client = node->[01;31m[Kcreate_client<your_package_name::srv::SetVelocity>[m[K("set_robot_velocity");
[3.050s]       |                         [01;31m[K^~~~~~~~~~~~~~~~~~~~~~~~~~~~~~~~~~~~~~~~~~~~~~~~~~[m[K
[3.050s] [01m[K/home/pratik/ros2_ws/src/my_robot_description/src/teleop_node.cpp:11:75:[m[K [01;31m[Kerror: [m[Kno matching function for call to ‘[01m[Krclcpp::Node::create_client<<expression error> >(const char [19])[m[K’
[3.051s]    11 |     auto client = [01;31m[Knode->create_client<your_package_name::srv::SetVelocity>("set_robot_velocity")[m[K;
[3.051s]       |                   [01;31m[K~~~~~~~~~~~~~~~~~~~~~~~~~~~~~~~~~~~~~~~~~~~~~~~~~~~~~~~~^~~~~~~~~~~~~~~~~~~~~~[m[K
[3.051s] In file included from [01m[K/opt/ros/humble/include/rclcpp/rclcpp/executors/single_threaded_executor.hpp:28[m[K,
[3.051s]                  from [01m[K/opt/ros/humble/include/rclcpp/rclcpp/executors.hpp:22[m[K,
[3.051s]                  from [01m[K/opt/ros/humble/include/rclcpp/rclcpp/rclcpp.hpp:155[m[K,
[3.051s]                  from [01m[K/home/pratik/ros2_ws/src/my_robot_description/src/teleop_node.cpp:2[m[K:
[3.051s] [01m[K/opt/ros/humble/include/rclcpp/rclcpp/node.hpp:252:3:[m[K [01;36m[Knote: [m[Kcandidate: ‘[01m[Ktemplate<class ServiceT> typename rclcpp::Client<ServiceT>::SharedPtr rclcpp::Node::create_client(const string&, const rmw_qos_profile_t&, rclcpp::CallbackGroup::SharedPtr)[m[K’
[3.051s]   252 |   [01;36m[Kcreate_client[m[K(
[3.051s]       |   [01;36m[K^~~~~~~~~~~~~[m[K
[3.051s] [01m[K/opt/ros/humble/include/rclcpp/rclcpp/node.hpp:252:3:[m[K [01;36m[Knote: [m[K  template argument deduction/substitution failed:
[3.051s] [01m[K/home/pratik/ros2_ws/src/my_robot_description/src/teleop_node.cpp:11:75:[m[K [01;31m[Kerror: [m[Ktemplate argument 1 is invalid
[3.051s]    11 |     auto client = [01;31m[Knode->create_client<your_package_name::srv::SetVelocity>("set_robot_velocity")[m[K;
[3.051s]       |                   [01;31m[K~~~~~~~~~~~~~~~~~~~~~~~~~~~~~~~~~~~~~~~~~~~~~~~~~~~~~~~~^~~~~~~~~~~~~~~~~~~~~~[m[K
[3.051s] [01m[K/home/pratik/ros2_ws/src/my_robot_description/src/teleop_node.cpp:14:29:[m[K [01;31m[Kerror: [m[Kparse error in template argument list
[3.051s]    14 |         auto request = std::[01;31m[Kmake_shared<your_package_name::srv::SetVelocity::Request>[m[K();
[3.051s]       |                             [01;31m[K^~~~~~~~~~~~~~~~~~~~~~~~~~~~~~~~~~~~~~~~~~~~~~~~~~~~~~~~~[m[K
[3.051s] [01m[K/home/pratik/ros2_ws/src/my_robot_description/src/teleop_node.cpp:14:86:[m[K [01;31m[Kerror: [m[Kno matching function for call to ‘[01m[Kmake_shared<your_package_name>()[m[K’
[3.051s]    14 |         auto request = [01;31m[Kstd::make_shared<your_package_name::srv::SetVelocity::Request>()[m[K;
[3.051s]       |                        [01;31m[K~~~~~~~~~~~~~~~~~~~~~~~~~~~~~~~~~~~~~~~~~~~~~~~~~~~~~~~~~~~~~~^~[m[K
[3.051s] In file included from [01m[K/usr/include/c++/11/memory:77[m[K,
[3.052s]                  from [01m[K/opt/ros/humble/include/rclcpp/rclcpp/rclcpp.hpp:153[m[K,
[3.052s]                  from [01m[K/home/pratik/ros2_ws/src/my_robot_description/src/teleop_node.cpp:2[m[K:
[3.052s] [01m[K/usr/include/c++/11/bits/shared_ptr.h:875:5:[m[K [01;36m[Knote: [m[Kcandidate: ‘[01m[Ktemplate<class _Tp, class ... _Args> std::shared_ptr<_Tp> std::make_shared(_Args&& ...)[m[K’
[3.052s]   875 |     [01;36m[Kmake_shared[m[K(_Args&&... __args)
[3.052s]       |     [01;36m[K^~~~~~~~~~~[m[K
[3.052s] [01m[K/usr/include/c++/11/bits/shared_ptr.h:875:5:[m[K [01;36m[Knote: [m[K  template argument deduction/substitution failed:
[3.054s] [01m[K/home/pratik/ros2_ws/src/my_robot_description/src/robot_controller.cpp:15:31:[m[K [01;31m[Kerror: [m[K‘[01m[Kyour_package_name[m[K’ was not declared in this scope
[3.054s]    15 |         const std::shared_ptr<[01;31m[Kyour_package_name[m[K::srv::SetVelocity::Request> request,
[3.054s]       |                               [01;31m[K^~~~~~~~~~~~~~~~~[m[K
[3.054s] [01m[K/home/pratik/ros2_ws/src/my_robot_description/src/robot_controller.cpp:15:75:[m[K [01;31m[Kerror: [m[Ktemplate argument 1 is invalid
[3.054s]    15 |         const std::shared_ptr<your_package_name::srv::SetVelocity::Request[01;31m[K>[m[K request,
[3.055s]       |                                                                           [01;31m[K^[m[K
[3.059s] [01m[K/home/pratik/ros2_ws/src/my_robot_description/src/robot_controller.cpp:15:31:[m[K [01;31m[Kerror: [m[K‘[01m[Kyour_package_name[m[K’ was not declared in this scope
[3.059s]    15 |         const std::shared_ptr<[01;31m[Kyour_package_name[m[K::srv::SetVelocity::Request> request,
[3.059s]       |                               [01;31m[K^~~~~~~~~~~~~~~~~[m[K
[3.059s] [01m[K/home/pratik/ros2_ws/src/my_robot_description/src/robot_controller.cpp:15:75:[m[K [01;31m[Kerror: [m[Ktemplate argument 1 is invalid
[3.059s]    15 |         const std::shared_ptr<your_package_name::srv::SetVelocity::Request[01;31m[K>[m[K request,
[3.059s]       |                                                                           [01;31m[K^[m[K
[3.059s] [01m[K/home/pratik/ros2_ws/src/my_robot_description/src/robot_controller.cpp:15:15:[m[K [01;31m[Kerror: [m[Kinvalid template-id
[3.059s]    15 |         const [01;31m[Kstd[m[K::shared_ptr<your_package_name::srv::SetVelocity::Request> request,
[3.059s]       |               [01;31m[K^~~[m[K
[3.059s] [01m[K/home/pratik/ros2_ws/src/my_robot_description/src/robot_controller.cpp:15:31:[m[K [01;31m[Kerror: [m[K‘[01m[Kyour_package_name[m[K’ has not been declared
[3.059s]    15 |         const std::shared_ptr<[01;31m[Kyour_package_name[m[K::srv::SetVelocity::Request> request,
[3.059s]       |                               [01;31m[K^~~~~~~~~~~~~~~~~[m[K
[3.059s] [01m[K/home/pratik/ros2_ws/src/my_robot_description/src/robot_controller.cpp:15:9:[m[K [01;31m[Kerror: [m[Kclass template placeholder ‘[01m[Kstd::shared_ptr[m[K’ not permitted in this context
[3.060s]    15 |         [01;31m[Kconst[m[K std::shared_ptr<your_package_name::srv::SetVelocity::Request> request,
[3.060s]       |         [01;31m[K^~~~~[m[K
[3.063s] [01m[K/home/pratik/ros2_ws/src/my_robot_description/src/robot_controller.cpp:16:25:[m[K [01;31m[Kerror: [m[K‘[01m[Kyour_package_name[m[K’ was not declared in this scope
[3.063s]    16 |         std::shared_ptr<[01;31m[Kyour_package_name[m[K::srv::SetVelocity::Response> response) {
[3.064s]       |                         [01;31m[K^~~~~~~~~~~~~~~~~[m[K
[3.064s] [01m[K/home/pratik/ros2_ws/src/my_robot_description/src/robot_controller.cpp:16:70:[m[K [01;31m[Kerror: [m[Ktemplate argument 1 is invalid
[3.064s]    16 |         std::shared_ptr<your_package_name::srv::SetVelocity::Response[01;31m[K>[m[K response) {
[3.064s]       |                                                                      [01;31m[K^[m[K
[3.068s] [01m[K/home/pratik/ros2_ws/src/my_robot_description/src/robot_controller.cpp:16:25:[m[K [01;31m[Kerror: [m[K‘[01m[Kyour_package_name[m[K’ was not declared in this scope
[3.068s]    16 |         std::shared_ptr<[01;31m[Kyour_package_name[m[K::srv::SetVelocity::Response> response) {
[3.068s]       |                         [01;31m[K^~~~~~~~~~~~~~~~~[m[K
[3.068s] [01m[K/home/pratik/ros2_ws/src/my_robot_description/src/robot_controller.cpp:16:70:[m[K [01;31m[Kerror: [m[Ktemplate argument 1 is invalid
[3.068s]    16 |         std::shared_ptr<your_package_name::srv::SetVelocity::Response[01;31m[K>[m[K response) {
[3.068s]       |                                                                      [01;31m[K^[m[K
[3.072s] [01m[K/home/pratik/ros2_ws/src/my_robot_description/src/robot_controller.cpp:16:25:[m[K [01;31m[Kerror: [m[K‘[01m[Kyour_package_name[m[K’ was not declared in this scope
[3.073s]    16 |         std::shared_ptr<[01;31m[Kyour_package_name[m[K::srv::SetVelocity::Response> response) {
[3.073s]       |                         [01;31m[K^~~~~~~~~~~~~~~~~[m[K
[3.073s] [01m[K/home/pratik/ros2_ws/src/my_robot_description/src/robot_controller.cpp:16:70:[m[K [01;31m[Kerror: [m[Ktemplate argument 1 is invalid
[3.073s]    16 |         std::shared_ptr<your_package_name::srv::SetVelocity::Response[01;31m[K>[m[K response) {
[3.073s]       |                                                                      [01;31m[K^[m[K
[3.073s] [01m[K/home/pratik/ros2_ws/src/my_robot_description/src/robot_controller.cpp:16:9:[m[K [01;31m[Kerror: [m[Kinvalid template-id
[3.073s]    16 |         [01;31m[Kstd[m[K::shared_ptr<your_package_name::srv::SetVelocity::Response> response) {
[3.073s]       |         [01;31m[K^~~[m[K
[3.073s] [01m[K/home/pratik/ros2_ws/src/my_robot_description/src/robot_controller.cpp:16:25:[m[K [01;31m[Kerror: [m[K‘[01m[Kyour_package_name[m[K’ has not been declared
[3.073s]    16 |         std::shared_ptr<[01;31m[Kyour_package_name[m[K::srv::SetVelocity::Response> response) {
[3.073s]       |                         [01;31m[K^~~~~~~~~~~~~~~~~[m[K
[3.073s] [01m[K/home/pratik/ros2_ws/src/my_robot_description/src/robot_controller.cpp:16:9:[m[K [01;31m[Kerror: [m[Kclass template placeholder ‘[01m[Kstd::shared_ptr[m[K’ not permitted in this context
[3.073s]    16 |         [01;31m[Kstd[m[K::shared_ptr<your_package_name::srv::SetVelocity::Response> response) {
[3.073s]       |         [01;31m[K^~~[m[K
[3.077s] [01m[K/home/pratik/ros2_ws/src/my_robot_description/src/robot_controller.cpp:25:21:[m[K [01;31m[Kerror: [m[K‘[01m[Kyour_package_name[m[K’ was not declared in this scope
[3.077s]    25 |     rclcpp::Service<[01;31m[Kyour_package_name[m[K::srv::SetVelocity>::SharedPtr service_;
[3.077s]       |                     [01;31m[K^~~~~~~~~~~~~~~~~[m[K
[3.077s] [01m[K/home/pratik/ros2_ws/src/my_robot_description/src/robot_controller.cpp:25:56:[m[K [01;31m[Kerror: [m[Ktemplate argument 1 is invalid
[3.077s]    25 |     rclcpp::Service<your_package_name::srv::SetVelocity[01;31m[K>[m[K::SharedPtr service_;
[3.077s]       |                                                        [01;31m[K^[m[K
[3.077s] [01m[K/home/pratik/ros2_ws/src/my_robot_description/src/robot_controller.cpp:25:59:[m[K [01;31m[Kerror: [m[Kexpected ‘[01m[K;[m[K’ at end of member declaration
[3.077s]    25 |     rclcpp::Service<your_package_name::srv::SetVelocity>::[01;31m[KSharedPtr[m[K service_;
[3.077s]       |                                                           [01;31m[K^~~~~~~~~[m[K
[3.077s]       |                                                                    [32m[K;[m[K
[3.078s] [01m[K/home/pratik/ros2_ws/src/my_robot_description/src/robot_controller.cpp:25:69:[m[K [01;31m[Kerror: [m[K‘[01m[Kservice_[m[K’ does not name a type
[3.078s]    25 |     rclcpp::Service<your_package_name::srv::SetVelocity>::SharedPtr [01;31m[Kservice_[m[K;
[3.078s]       |                                                                     [01;31m[K^~~~~~~~[m[K
[3.081s] [01m[K/home/pratik/ros2_ws/src/my_robot_description/src/robot_controller.cpp:[m[K In constructor ‘[01m[KRobotController::RobotController()[m[K’:
[3.081s] [01m[K/home/pratik/ros2_ws/src/my_robot_description/src/robot_controller.cpp:9:9:[m[K [01;31m[Kerror: [m[K‘[01m[Kservice_[m[K’ was not declared in this scope
[3.081s]     9 |         [01;31m[Kservice_[m[K = this->create_service<your_package_name::srv::SetVelocity>(
[3.081s]       |         [01;31m[K^~~~~~~~[m[K
[3.086s] [01m[K/home/pratik/ros2_ws/src/my_robot_description/src/robot_controller.cpp:9:41:[m[K [01;31m[Kerror: [m[K‘[01m[Kyour_package_name[m[K’ was not declared in this scope
[3.086s]     9 |         service_ = this->create_service<[01;31m[Kyour_package_name[m[K::srv::SetVelocity>(
[3.086s]       |                                         [01;31m[K^~~~~~~~~~~~~~~~~[m[K
[3.086s] [01m[K/home/pratik/ros2_ws/src/my_robot_description/src/robot_controller.cpp:9:26:[m[K [01;31m[Kerror: [m[Kparse error in template argument list
[3.086s]     9 |         service_ = this->[01;31m[Kcreate_service<your_package_name::srv::SetVelocity>[m[K(
[3.086s]       |                          [01;31m[K^~~~~~~~~~~~~~~~~~~~~~~~~~~~~~~~~~~~~~~~~~~~~~~~~~~[m[K
[3.089s] [01m[K/home/pratik/ros2_ws/src/my_robot_description/src/robot_controller.cpp:9:77:[m[K [01;31m[Kerror: [m[Kno matching function for call to ‘[01m[KRobotController::create_service<<expression error> >(const char [19], std::_Bind_helper<false, void (RobotController::*)(...), RobotController*, const std::_Placeholder<1>&, const std::_Placeholder<2>&>::type)[m[K’
[3.089s]     9 |         service_ = [01;31m[Kthis->create_service<your_package_name::srv::SetVelocity>([m[K
[3.089s]       |                    [01;31m[K~~~~~~~~~~~~~~~~~~~~~~~~~~~~~~~~~~~~~~~~~~~~~~~~~~~~~~~~~^[m[K
[3.089s]    10 | [01;31m[K            "set_robot_velocity",[m[K
[3.089s]       |             [01;31m[K~~~~~~~~~~~~~~~~~~~~~[m[K                                            
[3.089s]    11 | [01;31m[K            std::bind(&RobotController::handle_velocity_request, this, std::placeholders::_1, std::placeholders::_2))[m[K;
[3.089s]       |             [01;31m[K~~~~~~~~~~~~~~~~~~~~~~~~~~~~~~~~~~~~~~~~~~~~~~~~~~~~~~~~~~~~~~~~~~~~~~~~~~~~~~~~~~~~~~~~~~~~~~~~~~~~~~~~~[m[K
[3.089s] In file included from [01m[K/opt/ros/humble/include/rclcpp/rclcpp/executors/single_threaded_executor.hpp:28[m[K,
[3.089s]                  from [01m[K/opt/ros/humble/include/rclcpp/rclcpp/executors.hpp:22[m[K,
[3.090s]                  from [01m[K/opt/ros/humble/include/rclcpp/rclcpp/rclcpp.hpp:155[m[K,
[3.090s]                  from [01m[K/home/pratik/ros2_ws/src/my_robot_description/src/robot_controller.cpp:2[m[K:
[3.090s] [01m[K/opt/ros/humble/include/rclcpp/rclcpp/node.hpp:267:3:[m[K [01;36m[Knote: [m[Kcandidate: ‘[01m[Ktemplate<class ServiceT, class CallbackT> typename rclcpp::Service<ServiceT>::SharedPtr rclcpp::Node::create_service(const string&, CallbackT&&, const rmw_qos_profile_t&, rclcpp::CallbackGroup::SharedPtr)[m[K’
[3.090s]   267 |   [01;36m[Kcreate_service[m[K(
[3.090s]       |   [01;36m[K^~~~~~~~~~~~~~[m[K
[3.090s] [01m[K/opt/ros/humble/include/rclcpp/rclcpp/node.hpp:267:3:[m[K [01;36m[Knote: [m[K  template argument deduction/substitution failed:
[3.090s] [01m[K/home/pratik/ros2_ws/src/my_robot_description/src/robot_controller.cpp:9:77:[m[K [01;31m[Kerror: [m[Ktemplate argument 1 is invalid
[3.090s]     9 |         service_ = [01;31m[Kthis->create_service<your_package_name::srv::SetVelocity>([m[K
[3.090s]       |                    [01;31m[K~~~~~~~~~~~~~~~~~~~~~~~~~~~~~~~~~~~~~~~~~~~~~~~~~~~~~~~~~^[m[K
[3.090s]    10 | [01;31m[K            "set_robot_velocity",[m[K
[3.090s]       |             [01;31m[K~~~~~~~~~~~~~~~~~~~~~[m[K                                            
[3.090s]    11 | [01;31m[K            std::bind(&RobotController::handle_velocity_request, this, std::placeholders::_1, std::placeholders::_2))[m[K;
[3.090s]       |             [01;31m[K~~~~~~~~~~~~~~~~~~~~~~~~~~~~~~~~~~~~~~~~~~~~~~~~~~~~~~~~~~~~~~~~~~~~~~~~~~~~~~~~~~~~~~~~~~~~~~~~~~~~~~~~~[m[K
[3.092s] In file included from [01m[K/opt/ros/humble/include/rclcpp/rclcpp/logging.hpp:24[m[K,
[3.092s]                  from [01m[K/opt/ros/humble/include/rclcpp/rclcpp/client.hpp:40[m[K,
[3.092s]                  from [01m[K/opt/ros/humble/include/rclcpp/rclcpp/callback_group.hpp:24[m[K,
[3.092s]                  from [01m[K/opt/ros/humble/include/rclcpp/rclcpp/any_executable.hpp:20[m[K,
[3.093s]                  from [01m[K/opt/ros/humble/include/rclcpp/rclcpp/memory_strategy.hpp:25[m[K,
[3.093s]                  from [01m[K/opt/ros/humble/include/rclcpp/rclcpp/memory_strategies.hpp:18[m[K,
[3.093s]                  from [01m[K/opt/ros/humble/include/rclcpp/rclcpp/executor_options.hpp:20[m[K,
[3.093s]                  from [01m[K/opt/ros/humble/include/rclcpp/rclcpp/executor.hpp:37[m[K,
[3.093s]                  from [01m[K/opt/ros/humble/include/rclcpp/rclcpp/executors/multi_threaded_executor.hpp:25[m[K,
[3.093s]                  from [01m[K/opt/ros/humble/include/rclcpp/rclcpp/executors.hpp:21[m[K,
[3.093s]                  from [01m[K/opt/ros/humble/include/rclcpp/rclcpp/rclcpp.hpp:155[m[K,
[3.093s]                  from [01m[K/home/pratik/ros2_ws/src/my_robot_description/src/robot_controller.cpp:2[m[K:
[3.093s] [01m[K/home/pratik/ros2_ws/src/my_robot_description/src/robot_controller.cpp:[m[K In member function ‘[01m[Kvoid RobotController::handle_velocity_request(...)[m[K’:
[3.093s] [01m[K/home/pratik/ros2_ws/src/my_robot_description/src/robot_controller.cpp:20:21:[m[K [01;31m[Kerror: [m[K‘[01m[Krequest[m[K’ was not declared in this scope
[3.093s]    20 |                     [01;31m[Krequest[m[K->linear_x, request->angular_z);
[3.093s]       |                     [01;31m[K^~~~~~~[m[K
[3.095s] [01m[K/home/pratik/ros2_ws/src/my_robot_description/src/robot_controller.cpp:22:9:[m[K [01;31m[Kerror: [m[K‘[01m[Kresponse[m[K’ was not declared in this scope
[3.095s]    22 |         [01;31m[Kresponse[m[K->success = true;
[3.095s]       |         [01;31m[K^~~~~~~~[m[K
[3.269s] gmake[2]: *** [CMakeFiles/teleop_node.dir/build.make:76: CMakeFiles/teleop_node.dir/src/teleop_node.cpp.o] Error 1
[3.270s] gmake[1]: *** [CMakeFiles/Makefile2:622: CMakeFiles/teleop_node.dir/all] Error 2
[3.270s] gmake[1]: *** Waiting for unfinished jobs....
[3.318s] gmake[2]: *** [CMakeFiles/robot_controller_node.dir/build.make:76: CMakeFiles/robot_controller_node.dir/src/robot_controller.cpp.o] Error 1
[3.318s] gmake[1]: *** [CMakeFiles/Makefile2:595: CMakeFiles/robot_controller_node.dir/all] Error 2
[3.319s] gmake: *** [Makefile:146: all] Error 2
[3.320s] Invoked command in '/home/pratik/ros2_ws/build/my_robot_description' returned '2': CMAKE_PREFIX_PATH=${CMAKE_PREFIX_PATH}:/opt/ros/humble /usr/bin/cmake --build /home/pratik/ros2_ws/build/my_robot_description -- -j20 -l20
