-- Found ament_cmake: 1.3.12 (/opt/ros/humble/share/ament_cmake/cmake)
-- Found rclcpp: 16.0.17 (/opt/ros/humble/share/rclcpp/cmake)
-- Found rosidl_generator_c: 3.1.8 (/opt/ros/humble/share/rosidl_generator_c/cmake)
-- Found rosidl_adapter: 3.1.8 (/opt/ros/humble/share/rosidl_adapter/cmake)
-- Found rosidl_generator_cpp: 3.1.8 (/opt/ros/humble/share/rosidl_generator_cpp/cmake)
-- Using all available rosidl_typesupport_c: rosidl_typesupport_fastrtps_c;rosidl_typesupport_introspection_c
-- Using all available rosidl_typesupport_cpp: rosidl_typesupport_fastrtps_cpp;rosidl_typesupport_introspection_cpp
-- Found rmw_implementation_cmake: 6.1.2 (/opt/ros/humble/share/rmw_implementation_cmake/cmake)
-- Found rmw_fastrtps_cpp: 6.2.9 (/opt/ros/humble/share/rmw_fastrtps_cpp/cmake)
-- Using RMW implementation 'rmw_fastrtps_cpp' as default
-- Found geometry_msgs: 4.9.0 (/opt/ros/humble/share/geometry_msgs/cmake)
-- Found sensor_msgs: 4.9.0 (/opt/ros/humble/share/sensor_msgs/cmake)
-- Found ament_lint_auto: 0.12.14 (/opt/ros/humble/share/ament_lint_auto/cmake)
-- Added test 'cppcheck' to perform static code analysis on C / C++ code
-- Configured cppcheck include dirs: 
-- Configured cppcheck exclude dirs and/or files: 
-- Added test 'flake8' to check Python code syntax and style conventions
-- Added test 'lint_cmake' to check CMake code style
-- Added test 'pep257' to check Python code against some of the docstring style conventions in PEP 257
-- Added test 'uncrustify' to check C / C++ code style
-- Configured uncrustify additional arguments: 
-- Added test 'xmllint' to check XML markup files
-- Configuring done
-- Generating done
-- Build files have been written to: /home/pratik/ros2_ws/build/my_robot_description
[ 50%] [32mBuilding CXX object CMakeFiles/robot_controller_node.dir/src/robot_controller.cpp.o[0m
[01m[K/home/pratik/ros2_ws/src/my_robot_description/src/robot_controller.cpp:[m[K In function ‘[01m[Kint main(int, char**)[m[K’:
[01m[K/home/pratik/ros2_ws/src/my_robot_description/src/robot_controller.cpp:68:14:[m[K [01;35m[Kwarning: [m[Kvariable ‘[01m[Kstop_msg[m[K’ set but not used [[01;35m[K]8;;https://gcc.gnu.org/onlinedocs/gcc/Warning-Options.html#index-Wunused-but-set-variable-Wunused-but-set-variable]8;;[m[K]
   68 |         auto [01;35m[Kstop_msg[m[K = geometry_msgs::msg::Twist();
      |              [01;35m[K^~~~~~~~[m[K
[100%] [32m[1mLinking CXX executable robot_controller_node[0m
[100%] Built target robot_controller_node
-- Install configuration: ""
-- Installing: /home/pratik/ros2_ws/install/my_robot_description/share/my_robot_description/urdf
-- Installing: /home/pratik/ros2_ws/install/my_robot_description/share/my_robot_description/urdf/robot.urdf.xacro
-- Installing: /home/pratik/ros2_ws/install/my_robot_description/share/my_robot_description/launch
-- Installing: /home/pratik/ros2_ws/install/my_robot_description/share/my_robot_description/launch/robot_gazebo_rviz.launch.py
-- Installing: /home/pratik/ros2_ws/install/my_robot_description/lib/my_robot_description/robot_controller_node
-- Set runtime path of "/home/pratik/ros2_ws/install/my_robot_description/lib/my_robot_description/robot_controller_node" to ""
-- Installing: /home/pratik/ros2_ws/install/my_robot_description/lib/my_robot_description/robot_controller.py
-- Installing: /home/pratik/ros2_ws/install/my_robot_description/share/ament_index/resource_index/package_run_dependencies/my_robot_description
-- Installing: /home/pratik/ros2_ws/install/my_robot_description/share/ament_index/resource_index/parent_prefix_path/my_robot_description
-- Installing: /home/pratik/ros2_ws/install/my_robot_description/share/my_robot_description/environment/ament_prefix_path.sh
-- Installing: /home/pratik/ros2_ws/install/my_robot_description/share/my_robot_description/environment/ament_prefix_path.dsv
-- Installing: /home/pratik/ros2_ws/install/my_robot_description/share/my_robot_description/environment/path.sh
-- Installing: /home/pratik/ros2_ws/install/my_robot_description/share/my_robot_description/environment/path.dsv
-- Installing: /home/pratik/ros2_ws/install/my_robot_description/share/my_robot_description/local_setup.bash
-- Installing: /home/pratik/ros2_ws/install/my_robot_description/share/my_robot_description/local_setup.sh
-- Installing: /home/pratik/ros2_ws/install/my_robot_description/share/my_robot_description/local_setup.zsh
-- Installing: /home/pratik/ros2_ws/install/my_robot_description/share/my_robot_description/local_setup.dsv
-- Installing: /home/pratik/ros2_ws/install/my_robot_description/share/my_robot_description/package.dsv
-- Installing: /home/pratik/ros2_ws/install/my_robot_description/share/ament_index/resource_index/packages/my_robot_description
-- Installing: /home/pratik/ros2_ws/install/my_robot_description/share/my_robot_description/cmake/my_robot_descriptionConfig.cmake
-- Installing: /home/pratik/ros2_ws/install/my_robot_description/share/my_robot_description/cmake/my_robot_descriptionConfig-version.cmake
-- Installing: /home/pratik/ros2_ws/install/my_robot_description/share/my_robot_description/package.xml
