running egg_info
writing ../build/handshake/handshake.egg-info/PKG-INFO
writing dependency_links to ../build/handshake/handshake.egg-info/dependency_links.txt
writing entry points to ../build/handshake/handshake.egg-info/entry_points.txt
writing requirements to ../build/handshake/handshake.egg-info/requires.txt
writing top-level names to ../build/handshake/handshake.egg-info/top_level.txt
reading manifest file '../build/handshake/handshake.egg-info/SOURCES.txt'
writing manifest file '../build/handshake/handshake.egg-info/SOURCES.txt'
running build
running build_py
running install
running install_lib
running install_data
running install_egg_info
removing '/home/tss8117/Desktop/tirth_ws/AISD_Trainee_Module/install/handshake/lib/python3.10/site-packages/handshake-0.0.0-py3.10.egg-info' (and everything under it)
Copying ../build/handshake/handshake.egg-info to /home/tss8117/Desktop/tirth_ws/AISD_Trainee_Module/install/handshake/lib/python3.10/site-packages/handshake-0.0.0-py3.10.egg-info
running install_scripts
Installing AI script to /home/tss8117/Desktop/tirth_ws/AISD_Trainee_Module/install/handshake/lib/handshake
Installing VCU script to /home/tss8117/Desktop/tirth_ws/AISD_Trainee_Module/install/handshake/lib/handshake
writing list of installed files to '/home/tss8117/Desktop/tirth_ws/AISD_Trainee_Module/build/handshake/install.log'
