[1.186s] Invoking command in '/home/tss8117/Desktop/tirth_ws/AISD_Trainee_Module/handshake': PYTHONPATH=/home/tss8117/Desktop/tirth_ws/AISD_Trainee_Module/build/handshake/prefix_override:/usr/lib/python3/dist-packages/colcon_core/task/python/colcon_distutils_commands:/home/tss8117/Desktop/tirth_ws/AISD_Trainee_Module/install/handshake/lib/python3.10/site-packages:${PYTHONPATH} /usr/bin/python3 -W ignore:setup.py install is deprecated -W ignore:easy_install command is deprecated setup.py egg_info --egg-base ../build/handshake build --build-base /home/tss8117/Desktop/tirth_ws/AISD_Trainee_Module/build/handshake/build install --record /home/tss8117/Desktop/tirth_ws/AISD_Trainee_Module/build/handshake/install.log --single-version-externally-managed install_data
[1.422s] running egg_info
[1.423s] writing ../build/handshake/handshake.egg-info/PKG-INFO
[1.423s] writing dependency_links to ../build/handshake/handshake.egg-info/dependency_links.txt
[1.423s] writing entry points to ../build/handshake/handshake.egg-info/entry_points.txt
[1.423s] writing requirements to ../build/handshake/handshake.egg-info/requires.txt
[1.423s] writing top-level names to ../build/handshake/handshake.egg-info/top_level.txt
[1.426s] reading manifest file '../build/handshake/handshake.egg-info/SOURCES.txt'
[1.427s] writing manifest file '../build/handshake/handshake.egg-info/SOURCES.txt'
[1.427s] running build
[1.428s] running build_py
[1.428s] running install
[1.428s] running install_lib
[1.429s] running install_data
[1.430s] running install_egg_info
[1.431s] removing '/home/tss8117/Desktop/tirth_ws/AISD_Trainee_Module/install/handshake/lib/python3.10/site-packages/handshake-0.0.0-py3.10.egg-info' (and everything under it)
[1.431s] Copying ../build/handshake/handshake.egg-info to /home/tss8117/Desktop/tirth_ws/AISD_Trainee_Module/install/handshake/lib/python3.10/site-packages/handshake-0.0.0-py3.10.egg-info
[1.432s] running install_scripts
[1.450s] Installing AI script to /home/tss8117/Desktop/tirth_ws/AISD_Trainee_Module/install/handshake/lib/handshake
[1.451s] Installing VCU script to /home/tss8117/Desktop/tirth_ws/AISD_Trainee_Module/install/handshake/lib/handshake
[1.451s] writing list of installed files to '/home/tss8117/Desktop/tirth_ws/AISD_Trainee_Module/build/handshake/install.log'
[1.475s] Invoked command in '/home/tss8117/Desktop/tirth_ws/AISD_Trainee_Module/handshake' returned '0': PYTHONPATH=/home/tss8117/Desktop/tirth_ws/AISD_Trainee_Module/build/handshake/prefix_override:/usr/lib/python3/dist-packages/colcon_core/task/python/colcon_distutils_commands:/home/tss8117/Desktop/tirth_ws/AISD_Trainee_Module/install/handshake/lib/python3.10/site-packages:${PYTHONPATH} /usr/bin/python3 -W ignore:setup.py install is deprecated -W ignore:easy_install command is deprecated setup.py egg_info --egg-base ../build/handshake build --build-base /home/tss8117/Desktop/tirth_ws/AISD_Trainee_Module/build/handshake/build install --record /home/tss8117/Desktop/tirth_ws/AISD_Trainee_Module/build/handshake/install.log --single-version-externally-managed install_data
