[0.503s] Invoking command in '/home/tss8117/Desktop/tirth_ws/AISD_Trainee_Module/build/my_robot_description': CMAKE_PREFIX_PATH=${CMAKE_PREFIX_PATH}:/home/tss8117/Desktop/tirth_ws/AISD_Trainee_Module/install/my_robot_controller:/home/tss8117/Desktop/tirth_ws/AISD_Trainee_Module/install/handshake:/home/tss8117/ros2_ws/src/install/my_robot_controller:/home/tss8117/ros2_ws/src/install/handshake:/home/tss8117/ros2_ws/src/install/SHM:/opt/ros/humble /usr/bin/cmake --build /home/tss8117/Desktop/tirth_ws/AISD_Trainee_Module/build/my_robot_description -- -j4 -l4
[0.552s] Invoked command in '/home/tss8117/Desktop/tirth_ws/AISD_Trainee_Module/build/my_robot_description' returned '0': CMAKE_PREFIX_PATH=${CMAKE_PREFIX_PATH}:/home/tss8117/Desktop/tirth_ws/AISD_Trainee_Module/install/my_robot_controller:/home/tss8117/Desktop/tirth_ws/AISD_Trainee_Module/install/handshake:/home/tss8117/ros2_ws/src/install/my_robot_controller:/home/tss8117/ros2_ws/src/install/handshake:/home/tss8117/ros2_ws/src/install/SHM:/opt/ros/humble /usr/bin/cmake --build /home/tss8117/Desktop/tirth_ws/AISD_Trainee_Module/build/my_robot_description -- -j4 -l4
[0.569s] Invoking command in '/home/tss8117/Desktop/tirth_ws/AISD_Trainee_Module/build/my_robot_description': CMAKE_PREFIX_PATH=${CMAKE_PREFIX_PATH}:/home/tss8117/Desktop/tirth_ws/AISD_Trainee_Module/install/my_robot_controller:/home/tss8117/Desktop/tirth_ws/AISD_Trainee_Module/install/handshake:/home/tss8117/ros2_ws/src/install/my_robot_controller:/home/tss8117/ros2_ws/src/install/handshake:/home/tss8117/ros2_ws/src/install/SHM:/opt/ros/humble /usr/bin/cmake --install /home/tss8117/Desktop/tirth_ws/AISD_Trainee_Module/build/my_robot_description
[0.578s] -- Install configuration: ""
[0.580s] -- Up-to-date: /home/tss8117/Desktop/tirth_ws/AISD_Trainee_Module/install/my_robot_description/share/my_robot_description/launch
[0.591s] -- Up-to-date: /home/tss8117/Desktop/tirth_ws/AISD_Trainee_Module/install/my_robot_description/share/my_robot_description/launch/display_rviz.launch.py
[0.592s] -- Up-to-date: /home/tss8117/Desktop/tirth_ws/AISD_Trainee_Module/install/my_robot_description/share/my_robot_description/urdf
[0.592s] -- Installing: /home/tss8117/Desktop/tirth_ws/AISD_Trainee_Module/install/my_robot_description/share/my_robot_description/urdf/robot.urdf.xacro
[0.594s] -- Up-to-date: /home/tss8117/Desktop/tirth_ws/AISD_Trainee_Module/install/my_robot_description/share/ament_index/resource_index/package_run_dependencies/my_robot_description
[0.595s] -- Up-to-date: /home/tss8117/Desktop/tirth_ws/AISD_Trainee_Module/install/my_robot_description/share/ament_index/resource_index/parent_prefix_path/my_robot_description
[0.595s] -- Up-to-date: /home/tss8117/Desktop/tirth_ws/AISD_Trainee_Module/install/my_robot_description/share/my_robot_description/environment/ament_prefix_path.sh
[0.595s] -- Up-to-date: /home/tss8117/Desktop/tirth_ws/AISD_Trainee_Module/install/my_robot_description/share/my_robot_description/environment/ament_prefix_path.dsv
[0.595s] -- Up-to-date: /home/tss8117/Desktop/tirth_ws/AISD_Trainee_Module/install/my_robot_description/share/my_robot_description/environment/path.sh
[0.595s] -- Up-to-date: /home/tss8117/Desktop/tirth_ws/AISD_Trainee_Module/install/my_robot_description/share/my_robot_description/environment/path.dsv
[0.595s] -- Up-to-date: /home/tss8117/Desktop/tirth_ws/AISD_Trainee_Module/install/my_robot_description/share/my_robot_description/local_setup.bash
[0.595s] -- Up-to-date: /home/tss8117/Desktop/tirth_ws/AISD_Trainee_Module/install/my_robot_description/share/my_robot_description/local_setup.sh
[0.595s] -- Up-to-date: /home/tss8117/Desktop/tirth_ws/AISD_Trainee_Module/install/my_robot_description/share/my_robot_description/local_setup.zsh
[0.595s] -- Up-to-date: /home/tss8117/Desktop/tirth_ws/AISD_Trainee_Module/install/my_robot_description/share/my_robot_description/local_setup.dsv
[0.595s] -- Installing: /home/tss8117/Desktop/tirth_ws/AISD_Trainee_Module/install/my_robot_description/share/my_robot_description/package.dsv
[0.601s] -- Up-to-date: /home/tss8117/Desktop/tirth_ws/AISD_Trainee_Module/install/my_robot_description/share/ament_index/resource_index/packages/my_robot_description
[0.601s] -- Up-to-date: /home/tss8117/Desktop/tirth_ws/AISD_Trainee_Module/install/my_robot_description/share/my_robot_description/cmake/my_robot_descriptionConfig.cmake
[0.601s] -- Up-to-date: /home/tss8117/Desktop/tirth_ws/AISD_Trainee_Module/install/my_robot_description/share/my_robot_description/cmake/my_robot_descriptionConfig-version.cmake
[0.601s] -- Up-to-date: /home/tss8117/Desktop/tirth_ws/AISD_Trainee_Module/install/my_robot_description/share/my_robot_description/package.xml
[0.603s] Invoked command in '/home/tss8117/Desktop/tirth_ws/AISD_Trainee_Module/build/my_robot_description' returned '0': CMAKE_PREFIX_PATH=${CMAKE_PREFIX_PATH}:/home/tss8117/Desktop/tirth_ws/AISD_Trainee_Module/install/my_robot_controller:/home/tss8117/Desktop/tirth_ws/AISD_Trainee_Module/install/handshake:/home/tss8117/ros2_ws/src/install/my_robot_controller:/home/tss8117/ros2_ws/src/install/handshake:/home/tss8117/ros2_ws/src/install/SHM:/opt/ros/humble /usr/bin/cmake --install /home/tss8117/Desktop/tirth_ws/AISD_Trainee_Module/build/my_robot_description
