[0.484s] Invoking command in '/home/tss8117/Desktop/tirth_ws/AISD_Trainee_Module/build/shm_cpp': CMAKE_PREFIX_PATH=${CMAKE_PREFIX_PATH}:/home/tss8117/Desktop/tirth_ws/AISD_Trainee_Module/install/my_robot_controller:/home/tss8117/Desktop/tirth_ws/AISD_Trainee_Module/install/handshake:/home/tss8117/ros2_ws/src/install/my_robot_controller:/home/tss8117/ros2_ws/src/install/handshake:/home/tss8117/ros2_ws/src/install/SHM:/opt/ros/humble /usr/bin/cmake --build /home/tss8117/Desktop/tirth_ws/AISD_Trainee_Module/build/shm_cpp -- -j4 -l4
[0.537s] [  8%] Built target shm_cpp__rosidl_generator_c
[0.566s] [  8%] Built target ament_cmake_python_copy_shm_cpp
[0.582s] [ 17%] Built target shm_cpp__rosidl_typesupport_fastrtps_c
[0.582s] [ 22%] Built target visualize_marker
[0.587s] [ 25%] Built target shm_cpp__cpp
[0.602s] [ 34%] Built target shm_cpp__rosidl_typesupport_introspection_c
[0.625s] [ 42%] Built target shm_cpp__rosidl_typesupport_c
[0.632s] [ 51%] Built target shm_cpp__rosidl_typesupport_cpp
[0.653s] [ 62%] Built target shm_cpp__rosidl_typesupport_introspection_cpp
[0.654s] [ 68%] Built target shm_cpp__rosidl_typesupport_fastrtps_cpp
[0.672s] [ 68%] Built target shm_cpp
[0.706s] [ 74%] Built target position_publisher
[0.716s] [ 77%] Built target shm_cpp__py
[0.741s] [ 82%] Built target shm_cpp__rosidl_generator_py
[0.776s] [ 88%] Built target shm_cpp__rosidl_typesupport_introspection_c__pyext
[0.787s] [ 94%] Built target shm_cpp__rosidl_typesupport_fastrtps_c__pyext
[0.805s] [100%] Built target shm_cpp__rosidl_typesupport_c__pyext
[0.924s] running egg_info
[0.925s] writing shm_cpp.egg-info/PKG-INFO
[0.925s] writing dependency_links to shm_cpp.egg-info/dependency_links.txt
[0.926s] writing top-level names to shm_cpp.egg-info/top_level.txt
[0.931s] reading manifest file 'shm_cpp.egg-info/SOURCES.txt'
[0.931s] writing manifest file 'shm_cpp.egg-info/SOURCES.txt'
[0.964s] [100%] Built target ament_cmake_python_build_shm_cpp_egg
[0.975s] Invoked command in '/home/tss8117/Desktop/tirth_ws/AISD_Trainee_Module/build/shm_cpp' returned '0': CMAKE_PREFIX_PATH=${CMAKE_PREFIX_PATH}:/home/tss8117/Desktop/tirth_ws/AISD_Trainee_Module/install/my_robot_controller:/home/tss8117/Desktop/tirth_ws/AISD_Trainee_Module/install/handshake:/home/tss8117/ros2_ws/src/install/my_robot_controller:/home/tss8117/ros2_ws/src/install/handshake:/home/tss8117/ros2_ws/src/install/SHM:/opt/ros/humble /usr/bin/cmake --build /home/tss8117/Desktop/tirth_ws/AISD_Trainee_Module/build/shm_cpp -- -j4 -l4
[0.976s] Invoking command in '/home/tss8117/Desktop/tirth_ws/AISD_Trainee_Module/build/shm_cpp': CMAKE_PREFIX_PATH=${CMAKE_PREFIX_PATH}:/home/tss8117/Desktop/tirth_ws/AISD_Trainee_Module/install/my_robot_controller:/home/tss8117/Desktop/tirth_ws/AISD_Trainee_Module/install/handshake:/home/tss8117/ros2_ws/src/install/my_robot_controller:/home/tss8117/ros2_ws/src/install/handshake:/home/tss8117/ros2_ws/src/install/SHM:/opt/ros/humble /usr/bin/cmake --install /home/tss8117/Desktop/tirth_ws/AISD_Trainee_Module/build/shm_cpp
[0.984s] -- Install configuration: ""
[0.984s] -- Up-to-date: /home/tss8117/Desktop/tirth_ws/AISD_Trainee_Module/install/shm_cpp/share/ament_index/resource_index/rosidl_interfaces/shm_cpp
[0.984s] -- Up-to-date: /home/tss8117/Desktop/tirth_ws/AISD_Trainee_Module/install/shm_cpp/include/shm_cpp/shm_cpp
[0.984s] -- Up-to-date: /home/tss8117/Desktop/tirth_ws/AISD_Trainee_Module/install/shm_cpp/include/shm_cpp/shm_cpp/srv
[0.985s] -- Up-to-date: /home/tss8117/Desktop/tirth_ws/AISD_Trainee_Module/install/shm_cpp/include/shm_cpp/shm_cpp/srv/set_spring.h
[0.985s] -- Up-to-date: /home/tss8117/Desktop/tirth_ws/AISD_Trainee_Module/install/shm_cpp/include/shm_cpp/shm_cpp/srv/detail
[0.985s] -- Up-to-date: /home/tss8117/Desktop/tirth_ws/AISD_Trainee_Module/install/shm_cpp/include/shm_cpp/shm_cpp/srv/detail/set_spring__functions.h
[0.985s] -- Up-to-date: /home/tss8117/Desktop/tirth_ws/AISD_Trainee_Module/install/shm_cpp/include/shm_cpp/shm_cpp/srv/detail/set_spring__functions.c
[0.985s] -- Up-to-date: /home/tss8117/Desktop/tirth_ws/AISD_Trainee_Module/install/shm_cpp/include/shm_cpp/shm_cpp/srv/detail/set_spring__type_support.h
[0.985s] -- Up-to-date: /home/tss8117/Desktop/tirth_ws/AISD_Trainee_Module/install/shm_cpp/include/shm_cpp/shm_cpp/srv/detail/set_spring__struct.h
[0.987s] -- Up-to-date: /home/tss8117/Desktop/tirth_ws/AISD_Trainee_Module/install/shm_cpp/include/shm_cpp/shm_cpp/msg
[0.987s] -- Up-to-date: /home/tss8117/Desktop/tirth_ws/AISD_Trainee_Module/install/shm_cpp/include/shm_cpp/shm_cpp/msg/rosidl_generator_c__visibility_control.h
[0.988s] -- Up-to-date: /home/tss8117/Desktop/tirth_ws/AISD_Trainee_Module/install/shm_cpp/share/shm_cpp/environment/library_path.sh
[0.988s] -- Up-to-date: /home/tss8117/Desktop/tirth_ws/AISD_Trainee_Module/install/shm_cpp/share/shm_cpp/environment/library_path.dsv
[0.989s] -- Up-to-date: /home/tss8117/Desktop/tirth_ws/AISD_Trainee_Module/install/shm_cpp/lib/libshm_cpp__rosidl_generator_c.so
[0.989s] -- Up-to-date: /home/tss8117/Desktop/tirth_ws/AISD_Trainee_Module/install/shm_cpp/include/shm_cpp/shm_cpp
[0.989s] -- Up-to-date: /home/tss8117/Desktop/tirth_ws/AISD_Trainee_Module/install/shm_cpp/include/shm_cpp/shm_cpp/srv
[0.989s] -- Up-to-date: /home/tss8117/Desktop/tirth_ws/AISD_Trainee_Module/install/shm_cpp/include/shm_cpp/shm_cpp/srv/detail
[0.989s] -- Up-to-date: /home/tss8117/Desktop/tirth_ws/AISD_Trainee_Module/install/shm_cpp/include/shm_cpp/shm_cpp/srv/detail/set_spring__rosidl_typesupport_fastrtps_c.h
[0.990s] -- Up-to-date: /home/tss8117/Desktop/tirth_ws/AISD_Trainee_Module/install/shm_cpp/include/shm_cpp/shm_cpp/msg
[0.990s] -- Up-to-date: /home/tss8117/Desktop/tirth_ws/AISD_Trainee_Module/install/shm_cpp/include/shm_cpp/shm_cpp/msg/rosidl_typesupport_fastrtps_c__visibility_control.h
[0.991s] -- Up-to-date: /home/tss8117/Desktop/tirth_ws/AISD_Trainee_Module/install/shm_cpp/lib/libshm_cpp__rosidl_typesupport_fastrtps_c.so
[0.992s] -- Up-to-date: /home/tss8117/Desktop/tirth_ws/AISD_Trainee_Module/install/shm_cpp/include/shm_cpp/shm_cpp
[0.992s] -- Up-to-date: /home/tss8117/Desktop/tirth_ws/AISD_Trainee_Module/install/shm_cpp/include/shm_cpp/shm_cpp/srv
[0.992s] -- Up-to-date: /home/tss8117/Desktop/tirth_ws/AISD_Trainee_Module/install/shm_cpp/include/shm_cpp/shm_cpp/srv/detail
[0.992s] -- Up-to-date: /home/tss8117/Desktop/tirth_ws/AISD_Trainee_Module/install/shm_cpp/include/shm_cpp/shm_cpp/srv/detail/set_spring__type_support.hpp
[0.992s] -- Up-to-date: /home/tss8117/Desktop/tirth_ws/AISD_Trainee_Module/install/shm_cpp/include/shm_cpp/shm_cpp/srv/detail/set_spring__traits.hpp
[0.992s] -- Up-to-date: /home/tss8117/Desktop/tirth_ws/AISD_Trainee_Module/install/shm_cpp/include/shm_cpp/shm_cpp/srv/detail/set_spring__struct.hpp
[0.993s] -- Up-to-date: /home/tss8117/Desktop/tirth_ws/AISD_Trainee_Module/install/shm_cpp/include/shm_cpp/shm_cpp/srv/detail/set_spring__builder.hpp
[0.993s] -- Up-to-date: /home/tss8117/Desktop/tirth_ws/AISD_Trainee_Module/install/shm_cpp/include/shm_cpp/shm_cpp/srv/set_spring.hpp
[0.993s] -- Up-to-date: /home/tss8117/Desktop/tirth_ws/AISD_Trainee_Module/install/shm_cpp/include/shm_cpp/shm_cpp/msg
[0.993s] -- Up-to-date: /home/tss8117/Desktop/tirth_ws/AISD_Trainee_Module/install/shm_cpp/include/shm_cpp/shm_cpp/msg/rosidl_generator_cpp__visibility_control.hpp
[0.993s] -- Up-to-date: /home/tss8117/Desktop/tirth_ws/AISD_Trainee_Module/install/shm_cpp/include/shm_cpp/shm_cpp
[0.993s] -- Up-to-date: /home/tss8117/Desktop/tirth_ws/AISD_Trainee_Module/install/shm_cpp/include/shm_cpp/shm_cpp/srv
[0.993s] -- Up-to-date: /home/tss8117/Desktop/tirth_ws/AISD_Trainee_Module/install/shm_cpp/include/shm_cpp/shm_cpp/srv/detail
[0.993s] -- Up-to-date: /home/tss8117/Desktop/tirth_ws/AISD_Trainee_Module/install/shm_cpp/include/shm_cpp/shm_cpp/srv/detail/dds_fastrtps
[0.993s] -- Up-to-date: /home/tss8117/Desktop/tirth_ws/AISD_Trainee_Module/install/shm_cpp/include/shm_cpp/shm_cpp/srv/detail/set_spring__rosidl_typesupport_fastrtps_cpp.hpp
[0.993s] -- Up-to-date: /home/tss8117/Desktop/tirth_ws/AISD_Trainee_Module/install/shm_cpp/include/shm_cpp/shm_cpp/msg
[0.993s] -- Up-to-date: /home/tss8117/Desktop/tirth_ws/AISD_Trainee_Module/install/shm_cpp/include/shm_cpp/shm_cpp/msg/rosidl_typesupport_fastrtps_cpp__visibility_control.h
[0.994s] -- Up-to-date: /home/tss8117/Desktop/tirth_ws/AISD_Trainee_Module/install/shm_cpp/lib/libshm_cpp__rosidl_typesupport_fastrtps_cpp.so
[0.994s] -- Up-to-date: /home/tss8117/Desktop/tirth_ws/AISD_Trainee_Module/install/shm_cpp/include/shm_cpp/shm_cpp
[0.994s] -- Up-to-date: /home/tss8117/Desktop/tirth_ws/AISD_Trainee_Module/install/shm_cpp/include/shm_cpp/shm_cpp/srv
[0.994s] -- Up-to-date: /home/tss8117/Desktop/tirth_ws/AISD_Trainee_Module/install/shm_cpp/include/shm_cpp/shm_cpp/srv/detail
[0.994s] -- Up-to-date: /home/tss8117/Desktop/tirth_ws/AISD_Trainee_Module/install/shm_cpp/include/shm_cpp/shm_cpp/srv/detail/set_spring__rosidl_typesupport_introspection_c.h
[0.994s] -- Up-to-date: /home/tss8117/Desktop/tirth_ws/AISD_Trainee_Module/install/shm_cpp/include/shm_cpp/shm_cpp/srv/detail/set_spring__type_support.c
[0.994s] -- Up-to-date: /home/tss8117/Desktop/tirth_ws/AISD_Trainee_Module/install/shm_cpp/include/shm_cpp/shm_cpp/msg
[0.994s] -- Up-to-date: /home/tss8117/Desktop/tirth_ws/AISD_Trainee_Module/install/shm_cpp/include/shm_cpp/shm_cpp/msg/rosidl_typesupport_introspection_c__visibility_control.h
[0.994s] -- Up-to-date: /home/tss8117/Desktop/tirth_ws/AISD_Trainee_Module/install/shm_cpp/lib/libshm_cpp__rosidl_typesupport_introspection_c.so
[0.994s] -- Up-to-date: /home/tss8117/Desktop/tirth_ws/AISD_Trainee_Module/install/shm_cpp/lib/libshm_cpp__rosidl_typesupport_c.so
[0.995s] -- Up-to-date: /home/tss8117/Desktop/tirth_ws/AISD_Trainee_Module/install/shm_cpp/include/shm_cpp/shm_cpp
[0.995s] -- Up-to-date: /home/tss8117/Desktop/tirth_ws/AISD_Trainee_Module/install/shm_cpp/include/shm_cpp/shm_cpp/srv
[0.995s] -- Up-to-date: /home/tss8117/Desktop/tirth_ws/AISD_Trainee_Module/install/shm_cpp/include/shm_cpp/shm_cpp/srv/detail
[0.995s] -- Up-to-date: /home/tss8117/Desktop/tirth_ws/AISD_Trainee_Module/install/shm_cpp/include/shm_cpp/shm_cpp/srv/detail/set_spring__rosidl_typesupport_introspection_cpp.hpp
[0.995s] -- Up-to-date: /home/tss8117/Desktop/tirth_ws/AISD_Trainee_Module/install/shm_cpp/include/shm_cpp/shm_cpp/srv/detail/set_spring__type_support.cpp
[0.995s] -- Up-to-date: /home/tss8117/Desktop/tirth_ws/AISD_Trainee_Module/install/shm_cpp/lib/libshm_cpp__rosidl_typesupport_introspection_cpp.so
[0.995s] -- Up-to-date: /home/tss8117/Desktop/tirth_ws/AISD_Trainee_Module/install/shm_cpp/lib/libshm_cpp__rosidl_typesupport_cpp.so
[0.998s] -- Up-to-date: /home/tss8117/Desktop/tirth_ws/AISD_Trainee_Module/install/shm_cpp/share/shm_cpp/environment/pythonpath.sh
[0.998s] -- Up-to-date: /home/tss8117/Desktop/tirth_ws/AISD_Trainee_Module/install/shm_cpp/share/shm_cpp/environment/pythonpath.dsv
[0.998s] -- Up-to-date: /home/tss8117/Desktop/tirth_ws/AISD_Trainee_Module/install/shm_cpp/local/lib/python3.10/dist-packages/shm_cpp-0.0.0-py3.10.egg-info
[0.999s] -- Installing: /home/tss8117/Desktop/tirth_ws/AISD_Trainee_Module/install/shm_cpp/local/lib/python3.10/dist-packages/shm_cpp-0.0.0-py3.10.egg-info/top_level.txt
[0.999s] -- Installing: /home/tss8117/Desktop/tirth_ws/AISD_Trainee_Module/install/shm_cpp/local/lib/python3.10/dist-packages/shm_cpp-0.0.0-py3.10.egg-info/SOURCES.txt
[0.999s] -- Installing: /home/tss8117/Desktop/tirth_ws/AISD_Trainee_Module/install/shm_cpp/local/lib/python3.10/dist-packages/shm_cpp-0.0.0-py3.10.egg-info/dependency_links.txt
[0.999s] -- Installing: /home/tss8117/Desktop/tirth_ws/AISD_Trainee_Module/install/shm_cpp/local/lib/python3.10/dist-packages/shm_cpp-0.0.0-py3.10.egg-info/PKG-INFO
[0.999s] -- Up-to-date: /home/tss8117/Desktop/tirth_ws/AISD_Trainee_Module/install/shm_cpp/local/lib/python3.10/dist-packages/shm_cpp
[0.999s] -- Up-to-date: /home/tss8117/Desktop/tirth_ws/AISD_Trainee_Module/install/shm_cpp/local/lib/python3.10/dist-packages/shm_cpp/_shm_cpp_s.ep.rosidl_typesupport_c.c
[0.999s] -- Up-to-date: /home/tss8117/Desktop/tirth_ws/AISD_Trainee_Module/install/shm_cpp/local/lib/python3.10/dist-packages/shm_cpp/_shm_cpp_s.ep.rosidl_typesupport_fastrtps_c.c
[0.999s] -- Up-to-date: /home/tss8117/Desktop/tirth_ws/AISD_Trainee_Module/install/shm_cpp/local/lib/python3.10/dist-packages/shm_cpp/shm_cpp_s__rosidl_typesupport_c.cpython-310-aarch64-linux-gnu.so
[0.999s] -- Up-to-date: /home/tss8117/Desktop/tirth_ws/AISD_Trainee_Module/install/shm_cpp/local/lib/python3.10/dist-packages/shm_cpp/shm_cpp_s__rosidl_typesupport_introspection_c.cpython-310-aarch64-linux-gnu.so
[0.999s] -- Up-to-date: /home/tss8117/Desktop/tirth_ws/AISD_Trainee_Module/install/shm_cpp/local/lib/python3.10/dist-packages/shm_cpp/libshm_cpp__rosidl_generator_py.so
[0.999s] -- Up-to-date: /home/tss8117/Desktop/tirth_ws/AISD_Trainee_Module/install/shm_cpp/local/lib/python3.10/dist-packages/shm_cpp/shm_cpp_s__rosidl_typesupport_fastrtps_c.cpython-310-aarch64-linux-gnu.so
[0.999s] -- Up-to-date: /home/tss8117/Desktop/tirth_ws/AISD_Trainee_Module/install/shm_cpp/local/lib/python3.10/dist-packages/shm_cpp/__init__.py
[0.999s] -- Up-to-date: /home/tss8117/Desktop/tirth_ws/AISD_Trainee_Module/install/shm_cpp/local/lib/python3.10/dist-packages/shm_cpp/_shm_cpp_s.ep.rosidl_typesupport_introspection_c.c
[0.999s] -- Up-to-date: /home/tss8117/Desktop/tirth_ws/AISD_Trainee_Module/install/shm_cpp/local/lib/python3.10/dist-packages/shm_cpp/srv
[0.999s] -- Up-to-date: /home/tss8117/Desktop/tirth_ws/AISD_Trainee_Module/install/shm_cpp/local/lib/python3.10/dist-packages/shm_cpp/srv/_set_spring.py
[0.999s] -- Up-to-date: /home/tss8117/Desktop/tirth_ws/AISD_Trainee_Module/install/shm_cpp/local/lib/python3.10/dist-packages/shm_cpp/srv/__init__.py
[0.999s] -- Up-to-date: /home/tss8117/Desktop/tirth_ws/AISD_Trainee_Module/install/shm_cpp/local/lib/python3.10/dist-packages/shm_cpp/srv/_set_spring_s.c
[1.036s] Listing '/home/tss8117/Desktop/tirth_ws/AISD_Trainee_Module/install/shm_cpp/local/lib/python3.10/dist-packages/shm_cpp'...
[1.036s] Listing '/home/tss8117/Desktop/tirth_ws/AISD_Trainee_Module/install/shm_cpp/local/lib/python3.10/dist-packages/shm_cpp/srv'...
[1.042s] -- Up-to-date: /home/tss8117/Desktop/tirth_ws/AISD_Trainee_Module/install/shm_cpp/local/lib/python3.10/dist-packages/shm_cpp/shm_cpp_s__rosidl_typesupport_fastrtps_c.cpython-310-aarch64-linux-gnu.so
[1.042s] -- Up-to-date: /home/tss8117/Desktop/tirth_ws/AISD_Trainee_Module/install/shm_cpp/local/lib/python3.10/dist-packages/shm_cpp/shm_cpp_s__rosidl_typesupport_introspection_c.cpython-310-aarch64-linux-gnu.so
[1.043s] -- Up-to-date: /home/tss8117/Desktop/tirth_ws/AISD_Trainee_Module/install/shm_cpp/local/lib/python3.10/dist-packages/shm_cpp/shm_cpp_s__rosidl_typesupport_c.cpython-310-aarch64-linux-gnu.so
[1.043s] -- Up-to-date: /home/tss8117/Desktop/tirth_ws/AISD_Trainee_Module/install/shm_cpp/lib/libshm_cpp__rosidl_generator_py.so
[1.043s] -- Up-to-date: /home/tss8117/Desktop/tirth_ws/AISD_Trainee_Module/install/shm_cpp/share/shm_cpp/srv/SetSpring.idl
[1.043s] -- Up-to-date: /home/tss8117/Desktop/tirth_ws/AISD_Trainee_Module/install/shm_cpp/share/shm_cpp/srv/SetSpring.srv
[1.043s] -- Up-to-date: /home/tss8117/Desktop/tirth_ws/AISD_Trainee_Module/install/shm_cpp/share/shm_cpp/srv/SetSpring_Request.msg
[1.043s] -- Up-to-date: /home/tss8117/Desktop/tirth_ws/AISD_Trainee_Module/install/shm_cpp/share/shm_cpp/srv/SetSpring_Response.msg
[1.043s] -- Up-to-date: /home/tss8117/Desktop/tirth_ws/AISD_Trainee_Module/install/shm_cpp/lib/shm_cpp/position_publisher
[1.045s] -- Up-to-date: /home/tss8117/Desktop/tirth_ws/AISD_Trainee_Module/install/shm_cpp/lib/shm_cpp/visualize_marker
[1.045s] -- Up-to-date: /home/tss8117/Desktop/tirth_ws/AISD_Trainee_Module/install/shm_cpp/share/ament_index/resource_index/package_run_dependencies/shm_cpp
[1.045s] -- Up-to-date: /home/tss8117/Desktop/tirth_ws/AISD_Trainee_Module/install/shm_cpp/share/ament_index/resource_index/parent_prefix_path/shm_cpp
[1.045s] -- Up-to-date: /home/tss8117/Desktop/tirth_ws/AISD_Trainee_Module/install/shm_cpp/share/shm_cpp/environment/ament_prefix_path.sh
[1.045s] -- Up-to-date: /home/tss8117/Desktop/tirth_ws/AISD_Trainee_Module/install/shm_cpp/share/shm_cpp/environment/ament_prefix_path.dsv
[1.045s] -- Up-to-date: /home/tss8117/Desktop/tirth_ws/AISD_Trainee_Module/install/shm_cpp/share/shm_cpp/environment/path.sh
[1.045s] -- Up-to-date: /home/tss8117/Desktop/tirth_ws/AISD_Trainee_Module/install/shm_cpp/share/shm_cpp/environment/path.dsv
[1.045s] -- Up-to-date: /home/tss8117/Desktop/tirth_ws/AISD_Trainee_Module/install/shm_cpp/share/shm_cpp/local_setup.bash
[1.046s] -- Up-to-date: /home/tss8117/Desktop/tirth_ws/AISD_Trainee_Module/install/shm_cpp/share/shm_cpp/local_setup.sh
[1.046s] -- Up-to-date: /home/tss8117/Desktop/tirth_ws/AISD_Trainee_Module/install/shm_cpp/share/shm_cpp/local_setup.zsh
[1.046s] -- Up-to-date: /home/tss8117/Desktop/tirth_ws/AISD_Trainee_Module/install/shm_cpp/share/shm_cpp/local_setup.dsv
[1.046s] -- Installing: /home/tss8117/Desktop/tirth_ws/AISD_Trainee_Module/install/shm_cpp/share/shm_cpp/package.dsv
[1.046s] -- Up-to-date: /home/tss8117/Desktop/tirth_ws/AISD_Trainee_Module/install/shm_cpp/share/ament_index/resource_index/packages/shm_cpp
[1.046s] -- Up-to-date: /home/tss8117/Desktop/tirth_ws/AISD_Trainee_Module/install/shm_cpp/share/shm_cpp/cmake/export_shm_cpp__rosidl_generator_cExport.cmake
[1.046s] -- Up-to-date: /home/tss8117/Desktop/tirth_ws/AISD_Trainee_Module/install/shm_cpp/share/shm_cpp/cmake/export_shm_cpp__rosidl_generator_cExport-noconfig.cmake
[1.046s] -- Up-to-date: /home/tss8117/Desktop/tirth_ws/AISD_Trainee_Module/install/shm_cpp/share/shm_cpp/cmake/export_shm_cpp__rosidl_typesupport_fastrtps_cExport.cmake
[1.046s] -- Up-to-date: /home/tss8117/Desktop/tirth_ws/AISD_Trainee_Module/install/shm_cpp/share/shm_cpp/cmake/export_shm_cpp__rosidl_typesupport_fastrtps_cExport-noconfig.cmake
[1.046s] -- Up-to-date: /home/tss8117/Desktop/tirth_ws/AISD_Trainee_Module/install/shm_cpp/share/shm_cpp/cmake/export_shm_cpp__rosidl_generator_cppExport.cmake
[1.046s] -- Up-to-date: /home/tss8117/Desktop/tirth_ws/AISD_Trainee_Module/install/shm_cpp/share/shm_cpp/cmake/export_shm_cpp__rosidl_typesupport_fastrtps_cppExport.cmake
[1.046s] -- Up-to-date: /home/tss8117/Desktop/tirth_ws/AISD_Trainee_Module/install/shm_cpp/share/shm_cpp/cmake/export_shm_cpp__rosidl_typesupport_fastrtps_cppExport-noconfig.cmake
[1.046s] -- Up-to-date: /home/tss8117/Desktop/tirth_ws/AISD_Trainee_Module/install/shm_cpp/share/shm_cpp/cmake/shm_cpp__rosidl_typesupport_introspection_cExport.cmake
[1.046s] -- Up-to-date: /home/tss8117/Desktop/tirth_ws/AISD_Trainee_Module/install/shm_cpp/share/shm_cpp/cmake/shm_cpp__rosidl_typesupport_introspection_cExport-noconfig.cmake
[1.046s] -- Up-to-date: /home/tss8117/Desktop/tirth_ws/AISD_Trainee_Module/install/shm_cpp/share/shm_cpp/cmake/shm_cpp__rosidl_typesupport_cExport.cmake
[1.047s] -- Up-to-date: /home/tss8117/Desktop/tirth_ws/AISD_Trainee_Module/install/shm_cpp/share/shm_cpp/cmake/shm_cpp__rosidl_typesupport_cExport-noconfig.cmake
[1.047s] -- Up-to-date: /home/tss8117/Desktop/tirth_ws/AISD_Trainee_Module/install/shm_cpp/share/shm_cpp/cmake/shm_cpp__rosidl_typesupport_introspection_cppExport.cmake
[1.047s] -- Up-to-date: /home/tss8117/Desktop/tirth_ws/AISD_Trainee_Module/install/shm_cpp/share/shm_cpp/cmake/shm_cpp__rosidl_typesupport_introspection_cppExport-noconfig.cmake
[1.047s] -- Up-to-date: /home/tss8117/Desktop/tirth_ws/AISD_Trainee_Module/install/shm_cpp/share/shm_cpp/cmake/shm_cpp__rosidl_typesupport_cppExport.cmake
[1.047s] -- Up-to-date: /home/tss8117/Desktop/tirth_ws/AISD_Trainee_Module/install/shm_cpp/share/shm_cpp/cmake/shm_cpp__rosidl_typesupport_cppExport-noconfig.cmake
[1.047s] -- Up-to-date: /home/tss8117/Desktop/tirth_ws/AISD_Trainee_Module/install/shm_cpp/share/shm_cpp/cmake/export_shm_cpp__rosidl_generator_pyExport.cmake
[1.047s] -- Up-to-date: /home/tss8117/Desktop/tirth_ws/AISD_Trainee_Module/install/shm_cpp/share/shm_cpp/cmake/export_shm_cpp__rosidl_generator_pyExport-noconfig.cmake
[1.047s] -- Up-to-date: /home/tss8117/Desktop/tirth_ws/AISD_Trainee_Module/install/shm_cpp/share/shm_cpp/cmake/rosidl_cmake-extras.cmake
[1.047s] -- Up-to-date: /home/tss8117/Desktop/tirth_ws/AISD_Trainee_Module/install/shm_cpp/share/shm_cpp/cmake/ament_cmake_export_include_directories-extras.cmake
[1.047s] -- Up-to-date: /home/tss8117/Desktop/tirth_ws/AISD_Trainee_Module/install/shm_cpp/share/shm_cpp/cmake/ament_cmake_export_libraries-extras.cmake
[1.047s] -- Up-to-date: /home/tss8117/Desktop/tirth_ws/AISD_Trainee_Module/install/shm_cpp/share/shm_cpp/cmake/ament_cmake_export_targets-extras.cmake
[1.047s] -- Up-to-date: /home/tss8117/Desktop/tirth_ws/AISD_Trainee_Module/install/shm_cpp/share/shm_cpp/cmake/rosidl_cmake_export_typesupport_targets-extras.cmake
[1.047s] -- Up-to-date: /home/tss8117/Desktop/tirth_ws/AISD_Trainee_Module/install/shm_cpp/share/shm_cpp/cmake/ament_cmake_export_dependencies-extras.cmake
[1.047s] -- Up-to-date: /home/tss8117/Desktop/tirth_ws/AISD_Trainee_Module/install/shm_cpp/share/shm_cpp/cmake/rosidl_cmake_export_typesupport_libraries-extras.cmake
[1.047s] -- Up-to-date: /home/tss8117/Desktop/tirth_ws/AISD_Trainee_Module/install/shm_cpp/share/shm_cpp/cmake/shm_cppConfig.cmake
[1.048s] -- Up-to-date: /home/tss8117/Desktop/tirth_ws/AISD_Trainee_Module/install/shm_cpp/share/shm_cpp/cmake/shm_cppConfig-version.cmake
[1.048s] -- Up-to-date: /home/tss8117/Desktop/tirth_ws/AISD_Trainee_Module/install/shm_cpp/share/shm_cpp/package.xml
[1.058s] Invoked command in '/home/tss8117/Desktop/tirth_ws/AISD_Trainee_Module/build/shm_cpp' returned '0': CMAKE_PREFIX_PATH=${CMAKE_PREFIX_PATH}:/home/tss8117/Desktop/tirth_ws/AISD_Trainee_Module/install/my_robot_controller:/home/tss8117/Desktop/tirth_ws/AISD_Trainee_Module/install/handshake:/home/tss8117/ros2_ws/src/install/my_robot_controller:/home/tss8117/ros2_ws/src/install/handshake:/home/tss8117/ros2_ws/src/install/SHM:/opt/ros/humble /usr/bin/cmake --install /home/tss8117/Desktop/tirth_ws/AISD_Trainee_Module/build/shm_cpp
