[1.059s] Invoking command in '/home/tss8117/Desktop/tirth_ws/AISD_Trainee_Module/handshake': PYTHONPATH=/home/tss8117/Desktop/tirth_ws/AISD_Trainee_Module/build/handshake/prefix_override:/usr/lib/python3/dist-packages/colcon_core/task/python/colcon_distutils_commands:/home/tss8117/Desktop/tirth_ws/AISD_Trainee_Module/install/handshake/lib/python3.10/site-packages:${PYTHONPATH} /usr/bin/python3 -W ignore:setup.py install is deprecated -W ignore:easy_install command is deprecated setup.py egg_info --egg-base ../build/handshake build --build-base /home/tss8117/Desktop/tirth_ws/AISD_Trainee_Module/build/handshake/build install --record /home/tss8117/Desktop/tirth_ws/AISD_Trainee_Module/build/handshake/install.log --single-version-externally-managed install_data
[1.300s] running egg_info
[1.301s] creating ../build/handshake/handshake.egg-info
[1.301s] writing ../build/handshake/handshake.egg-info/PKG-INFO
[1.301s] writing dependency_links to ../build/handshake/handshake.egg-info/dependency_links.txt
[1.302s] writing entry points to ../build/handshake/handshake.egg-info/entry_points.txt
[1.302s] writing requirements to ../build/handshake/handshake.egg-info/requires.txt
[1.302s] writing top-level names to ../build/handshake/handshake.egg-info/top_level.txt
[1.302s] writing manifest file '../build/handshake/handshake.egg-info/SOURCES.txt'
[1.304s] reading manifest file '../build/handshake/handshake.egg-info/SOURCES.txt'
[1.305s] writing manifest file '../build/handshake/handshake.egg-info/SOURCES.txt'
[1.305s] running build
[1.305s] running build_py
[1.306s] creating /home/tss8117/Desktop/tirth_ws/AISD_Trainee_Module/build/handshake/build
[1.306s] creating /home/tss8117/Desktop/tirth_ws/AISD_Trainee_Module/build/handshake/build/lib
[1.306s] creating /home/tss8117/Desktop/tirth_ws/AISD_Trainee_Module/build/handshake/build/lib/handshake
[1.306s] copying handshake/AI.py -> /home/tss8117/Desktop/tirth_ws/AISD_Trainee_Module/build/handshake/build/lib/handshake
[1.306s] copying handshake/VCU.py -> /home/tss8117/Desktop/tirth_ws/AISD_Trainee_Module/build/handshake/build/lib/handshake
[1.307s] copying handshake/__init__.py -> /home/tss8117/Desktop/tirth_ws/AISD_Trainee_Module/build/handshake/build/lib/handshake
[1.307s] running install
[1.307s] running install_lib
[1.308s] creating /home/tss8117/Desktop/tirth_ws/AISD_Trainee_Module/install/handshake/lib/python3.10/site-packages/handshake
[1.308s] copying /home/tss8117/Desktop/tirth_ws/AISD_Trainee_Module/build/handshake/build/lib/handshake/AI.py -> /home/tss8117/Desktop/tirth_ws/AISD_Trainee_Module/install/handshake/lib/python3.10/site-packages/handshake
[1.308s] copying /home/tss8117/Desktop/tirth_ws/AISD_Trainee_Module/build/handshake/build/lib/handshake/VCU.py -> /home/tss8117/Desktop/tirth_ws/AISD_Trainee_Module/install/handshake/lib/python3.10/site-packages/handshake
[1.308s] copying /home/tss8117/Desktop/tirth_ws/AISD_Trainee_Module/build/handshake/build/lib/handshake/__init__.py -> /home/tss8117/Desktop/tirth_ws/AISD_Trainee_Module/install/handshake/lib/python3.10/site-packages/handshake
[1.309s] byte-compiling /home/tss8117/Desktop/tirth_ws/AISD_Trainee_Module/install/handshake/lib/python3.10/site-packages/handshake/AI.py to AI.cpython-310.pyc
[1.311s] byte-compiling /home/tss8117/Desktop/tirth_ws/AISD_Trainee_Module/install/handshake/lib/python3.10/site-packages/handshake/VCU.py to VCU.cpython-310.pyc
[1.311s] byte-compiling /home/tss8117/Desktop/tirth_ws/AISD_Trainee_Module/install/handshake/lib/python3.10/site-packages/handshake/__init__.py to __init__.cpython-310.pyc
[1.311s] running install_data
[1.312s] creating /home/tss8117/Desktop/tirth_ws/AISD_Trainee_Module/install/handshake/share/ament_index
[1.312s] creating /home/tss8117/Desktop/tirth_ws/AISD_Trainee_Module/install/handshake/share/ament_index/resource_index
[1.312s] creating /home/tss8117/Desktop/tirth_ws/AISD_Trainee_Module/install/handshake/share/ament_index/resource_index/packages
[1.312s] copying resource/handshake -> /home/tss8117/Desktop/tirth_ws/AISD_Trainee_Module/install/handshake/share/ament_index/resource_index/packages
[1.313s] copying package.xml -> /home/tss8117/Desktop/tirth_ws/AISD_Trainee_Module/install/handshake/share/handshake
[1.313s] running install_egg_info
[1.314s] Copying ../build/handshake/handshake.egg-info to /home/tss8117/Desktop/tirth_ws/AISD_Trainee_Module/install/handshake/lib/python3.10/site-packages/handshake-0.0.0-py3.10.egg-info
[1.314s] running install_scripts
[1.335s] Installing AI script to /home/tss8117/Desktop/tirth_ws/AISD_Trainee_Module/install/handshake/lib/handshake
[1.335s] Installing VCU script to /home/tss8117/Desktop/tirth_ws/AISD_Trainee_Module/install/handshake/lib/handshake
[1.335s] writing list of installed files to '/home/tss8117/Desktop/tirth_ws/AISD_Trainee_Module/build/handshake/install.log'
[1.369s] Invoked command in '/home/tss8117/Desktop/tirth_ws/AISD_Trainee_Module/handshake' returned '0': PYTHONPATH=/home/tss8117/Desktop/tirth_ws/AISD_Trainee_Module/build/handshake/prefix_override:/usr/lib/python3/dist-packages/colcon_core/task/python/colcon_distutils_commands:/home/tss8117/Desktop/tirth_ws/AISD_Trainee_Module/install/handshake/lib/python3.10/site-packages:${PYTHONPATH} /usr/bin/python3 -W ignore:setup.py install is deprecated -W ignore:easy_install command is deprecated setup.py egg_info --egg-base ../build/handshake build --build-base /home/tss8117/Desktop/tirth_ws/AISD_Trainee_Module/build/handshake/build install --record /home/tss8117/Desktop/tirth_ws/AISD_Trainee_Module/build/handshake/install.log --single-version-externally-managed install_data
