[1.043s] Invoking command in '/home/tss8117/Desktop/tirth_ws/AISD_Trainee_Module/my_robot_controller': PYTHONPATH=/home/tss8117/Desktop/tirth_ws/AISD_Trainee_Module/build/my_robot_controller/prefix_override:/usr/lib/python3/dist-packages/colcon_core/task/python/colcon_distutils_commands:/home/tss8117/Desktop/tirth_ws/AISD_Trainee_Module/install/my_robot_controller/lib/python3.10/site-packages:${PYTHONPATH} /usr/bin/python3 -W ignore:setup.py install is deprecated -W ignore:easy_install command is deprecated setup.py egg_info --egg-base ../build/my_robot_controller build --build-base /home/tss8117/Desktop/tirth_ws/AISD_Trainee_Module/build/my_robot_controller/build install --record /home/tss8117/Desktop/tirth_ws/AISD_Trainee_Module/build/my_robot_controller/install.log --single-version-externally-managed install_data
[1.287s] running egg_info
[1.288s] creating ../build/my_robot_controller/my_robot_controller.egg-info
[1.288s] writing ../build/my_robot_controller/my_robot_controller.egg-info/PKG-INFO
[1.288s] writing dependency_links to ../build/my_robot_controller/my_robot_controller.egg-info/dependency_links.txt
[1.288s] writing entry points to ../build/my_robot_controller/my_robot_controller.egg-info/entry_points.txt
[1.289s] writing requirements to ../build/my_robot_controller/my_robot_controller.egg-info/requires.txt
[1.289s] writing top-level names to ../build/my_robot_controller/my_robot_controller.egg-info/top_level.txt
[1.289s] writing manifest file '../build/my_robot_controller/my_robot_controller.egg-info/SOURCES.txt'
[1.291s] reading manifest file '../build/my_robot_controller/my_robot_controller.egg-info/SOURCES.txt'
[1.292s] writing manifest file '../build/my_robot_controller/my_robot_controller.egg-info/SOURCES.txt'
[1.292s] running build
[1.292s] running build_py
[1.292s] creating /home/tss8117/Desktop/tirth_ws/AISD_Trainee_Module/build/my_robot_controller/build
[1.292s] creating /home/tss8117/Desktop/tirth_ws/AISD_Trainee_Module/build/my_robot_controller/build/lib
[1.292s] creating /home/tss8117/Desktop/tirth_ws/AISD_Trainee_Module/build/my_robot_controller/build/lib/my_robot_controller
[1.292s] copying my_robot_controller/pose_subscriber.py -> /home/tss8117/Desktop/tirth_ws/AISD_Trainee_Module/build/my_robot_controller/build/lib/my_robot_controller
[1.294s] copying my_robot_controller/__init__.py -> /home/tss8117/Desktop/tirth_ws/AISD_Trainee_Module/build/my_robot_controller/build/lib/my_robot_controller
[1.294s] copying my_robot_controller/draw_circle.py -> /home/tss8117/Desktop/tirth_ws/AISD_Trainee_Module/build/my_robot_controller/build/lib/my_robot_controller
[1.294s] copying my_robot_controller/my_first_node.py -> /home/tss8117/Desktop/tirth_ws/AISD_Trainee_Module/build/my_robot_controller/build/lib/my_robot_controller
[1.294s] running install
[1.294s] running install_lib
[1.295s] creating /home/tss8117/Desktop/tirth_ws/AISD_Trainee_Module/install/my_robot_controller/lib/python3.10/site-packages/my_robot_controller
[1.296s] copying /home/tss8117/Desktop/tirth_ws/AISD_Trainee_Module/build/my_robot_controller/build/lib/my_robot_controller/pose_subscriber.py -> /home/tss8117/Desktop/tirth_ws/AISD_Trainee_Module/install/my_robot_controller/lib/python3.10/site-packages/my_robot_controller
[1.296s] copying /home/tss8117/Desktop/tirth_ws/AISD_Trainee_Module/build/my_robot_controller/build/lib/my_robot_controller/__init__.py -> /home/tss8117/Desktop/tirth_ws/AISD_Trainee_Module/install/my_robot_controller/lib/python3.10/site-packages/my_robot_controller
[1.296s] copying /home/tss8117/Desktop/tirth_ws/AISD_Trainee_Module/build/my_robot_controller/build/lib/my_robot_controller/draw_circle.py -> /home/tss8117/Desktop/tirth_ws/AISD_Trainee_Module/install/my_robot_controller/lib/python3.10/site-packages/my_robot_controller
[1.296s] copying /home/tss8117/Desktop/tirth_ws/AISD_Trainee_Module/build/my_robot_controller/build/lib/my_robot_controller/my_first_node.py -> /home/tss8117/Desktop/tirth_ws/AISD_Trainee_Module/install/my_robot_controller/lib/python3.10/site-packages/my_robot_controller
[1.297s] byte-compiling /home/tss8117/Desktop/tirth_ws/AISD_Trainee_Module/install/my_robot_controller/lib/python3.10/site-packages/my_robot_controller/pose_subscriber.py to pose_subscriber.cpython-310.pyc
[1.297s] byte-compiling /home/tss8117/Desktop/tirth_ws/AISD_Trainee_Module/install/my_robot_controller/lib/python3.10/site-packages/my_robot_controller/__init__.py to __init__.cpython-310.pyc
[1.297s] byte-compiling /home/tss8117/Desktop/tirth_ws/AISD_Trainee_Module/install/my_robot_controller/lib/python3.10/site-packages/my_robot_controller/draw_circle.py to draw_circle.cpython-310.pyc
[1.298s] byte-compiling /home/tss8117/Desktop/tirth_ws/AISD_Trainee_Module/install/my_robot_controller/lib/python3.10/site-packages/my_robot_controller/my_first_node.py to my_first_node.cpython-310.pyc
[1.298s] running install_data
[1.298s] creating /home/tss8117/Desktop/tirth_ws/AISD_Trainee_Module/install/my_robot_controller/share/ament_index
[1.299s] creating /home/tss8117/Desktop/tirth_ws/AISD_Trainee_Module/install/my_robot_controller/share/ament_index/resource_index
[1.299s] creating /home/tss8117/Desktop/tirth_ws/AISD_Trainee_Module/install/my_robot_controller/share/ament_index/resource_index/packages
[1.299s] copying resource/my_robot_controller -> /home/tss8117/Desktop/tirth_ws/AISD_Trainee_Module/install/my_robot_controller/share/ament_index/resource_index/packages
[1.299s] copying package.xml -> /home/tss8117/Desktop/tirth_ws/AISD_Trainee_Module/install/my_robot_controller/share/my_robot_controller
[1.300s] running install_egg_info
[1.303s] Copying ../build/my_robot_controller/my_robot_controller.egg-info to /home/tss8117/Desktop/tirth_ws/AISD_Trainee_Module/install/my_robot_controller/lib/python3.10/site-packages/my_robot_controller-0.0.0-py3.10.egg-info
[1.303s] running install_scripts
[1.323s] Installing draw_circle script to /home/tss8117/Desktop/tirth_ws/AISD_Trainee_Module/install/my_robot_controller/lib/my_robot_controller
[1.323s] Installing pose_subscriber script to /home/tss8117/Desktop/tirth_ws/AISD_Trainee_Module/install/my_robot_controller/lib/my_robot_controller
[1.323s] Installing test_node script to /home/tss8117/Desktop/tirth_ws/AISD_Trainee_Module/install/my_robot_controller/lib/my_robot_controller
[1.323s] writing list of installed files to '/home/tss8117/Desktop/tirth_ws/AISD_Trainee_Module/build/my_robot_controller/install.log'
[1.364s] Invoked command in '/home/tss8117/Desktop/tirth_ws/AISD_Trainee_Module/my_robot_controller' returned '0': PYTHONPATH=/home/tss8117/Desktop/tirth_ws/AISD_Trainee_Module/build/my_robot_controller/prefix_override:/usr/lib/python3/dist-packages/colcon_core/task/python/colcon_distutils_commands:/home/tss8117/Desktop/tirth_ws/AISD_Trainee_Module/install/my_robot_controller/lib/python3.10/site-packages:${PYTHONPATH} /usr/bin/python3 -W ignore:setup.py install is deprecated -W ignore:easy_install command is deprecated setup.py egg_info --egg-base ../build/my_robot_controller build --build-base /home/tss8117/Desktop/tirth_ws/AISD_Trainee_Module/build/my_robot_controller/build install --record /home/tss8117/Desktop/tirth_ws/AISD_Trainee_Module/build/my_robot_controller/install.log --single-version-externally-managed install_data
