[0mCMake Deprecation Warning at /opt/ros/humble/share/rosidl_cmake/cmake/rosidl_target_interfaces.cmake:32 (message):
  Use rosidl_get_typesupport_target() and target_link_libraries() instead of
  rosidl_target_interfaces()
Call Stack (most recent call first):
  CMakeLists.txt:29 (rosidl_target_interfaces)

[0m
[0mCMake Deprecation Warning at /opt/ros/humble/share/rosidl_cmake/cmake/rosidl_target_interfaces.cmake:32 (message):
  Use rosidl_get_typesupport_target() and target_link_libraries() instead of
  rosidl_target_interfaces()
Call Stack (most recent call first):
  CMakeLists.txt:39 (rosidl_target_interfaces)

[0m
[01m[K/home/pratik/ros2_ws/src/my_robot_description/src/robot_controller.cpp:3:10:[m[K [01;31m[Kfatal error: [m[Kyour_package_name/srv/set_velocity.hpp: No such file or directory
    3 | #include [01;31m[K"your_package_name/srv/set_velocity.hpp"[m[K
      |          [01;31m[K^~~~~~~~~~~~~~~~~~~~~~~~~~~~~~~~~~~~~~~~[m[K
compilation terminated.
[01m[K/home/pratik/ros2_ws/src/my_robot_description/src/teleop_node.cpp:3:10:[m[K [01;31m[Kfatal error: [m[Kyour_package_name/srv/set_velocity.hpp: No such file or directory
    3 | #include [01;31m[K"your_package_name/srv/set_velocity.hpp"[m[K
      |          [01;31m[K^~~~~~~~~~~~~~~~~~~~~~~~~~~~~~~~~~~~~~~~[m[K
compilation terminated.
gmake[2]: *** [CMakeFiles/robot_controller_node.dir/build.make:76: CMakeFiles/robot_controller_node.dir/src/robot_controller.cpp.o] Error 1
gmake[1]: *** [CMakeFiles/Makefile2:596: CMakeFiles/robot_controller_node.dir/all] Error 2
gmake[1]: *** Waiting for unfinished jobs....
gmake[2]: *** [CMakeFiles/teleop_node.dir/build.make:76: CMakeFiles/teleop_node.dir/src/teleop_node.cpp.o] Error 1
gmake[1]: *** [CMakeFiles/Makefile2:624: CMakeFiles/teleop_node.dir/all] Error 2
gmake: *** [Makefile:146: all] Error 2
