[0.006s] Invoking command in '/home/pratik/ros2_ws/build/my_robot_description': CMAKE_PREFIX_PATH=${CMAKE_PREFIX_PATH}:/opt/ros/humble /usr/bin/cmake /home/pratik/ros2_ws/src/my_robot_description -DCMAKE_INSTALL_PREFIX=/home/pratik/ros2_ws/install/my_robot_description
[0.093s] -- The C compiler identification is GNU 11.4.0
[0.155s] -- The CXX compiler identification is GNU 11.4.0
[0.167s] -- Detecting C compiler ABI info
[0.243s] -- Detecting C compiler ABI info - done
[0.253s] -- Check for working C compiler: /usr/bin/cc - skipped
[0.256s] -- Detecting C compile features
[0.256s] -- Detecting C compile features - done
[0.261s] -- Detecting CXX compiler ABI info
[0.350s] -- Detecting CXX compiler ABI info - done
[0.354s] -- Check for working CXX compiler: /usr/bin/c++ - skipped
[0.355s] -- Detecting CXX compile features
[0.355s] -- Detecting CXX compile features - done
[0.359s] -- Found ament_cmake: 1.3.12 (/opt/ros/humble/share/ament_cmake/cmake)
[0.463s] -- Found Python3: /usr/bin/python3 (found version "3.10.12") found components: Interpreter 
[0.512s] -- Found rclcpp: 16.0.17 (/opt/ros/humble/share/rclcpp/cmake)
[0.544s] -- Found rosidl_generator_c: 3.1.8 (/opt/ros/humble/share/rosidl_generator_c/cmake)
[0.546s] -- Found rosidl_adapter: 3.1.8 (/opt/ros/humble/share/rosidl_adapter/cmake)
[0.550s] -- Found rosidl_generator_cpp: 3.1.8 (/opt/ros/humble/share/rosidl_generator_cpp/cmake)
[0.556s] -- Using all available rosidl_typesupport_c: rosidl_typesupport_fastrtps_c;rosidl_typesupport_introspection_c
[0.564s] -- Using all available rosidl_typesupport_cpp: rosidl_typesupport_fastrtps_cpp;rosidl_typesupport_introspection_cpp
[0.585s] -- Found rmw_implementation_cmake: 6.1.2 (/opt/ros/humble/share/rmw_implementation_cmake/cmake)
[0.586s] -- Found rmw_fastrtps_cpp: 6.2.9 (/opt/ros/humble/share/rmw_fastrtps_cpp/cmake)
[0.659s] -- Found OpenSSL: /usr/lib/x86_64-linux-gnu/libcrypto.so (found version "3.0.2")  
[0.686s] -- Found FastRTPS: /opt/ros/humble/include  
[0.721s] -- Using RMW implementation 'rmw_fastrtps_cpp' as default
[0.734s] -- Looking for pthread.h
[0.816s] -- Looking for pthread.h - found
[0.816s] -- Performing Test CMAKE_HAVE_LIBC_PTHREAD
[0.894s] -- Performing Test CMAKE_HAVE_LIBC_PTHREAD - Success
[0.894s] -- Found Threads: TRUE  
[0.926s] -- Found geometry_msgs: 4.9.0 (/opt/ros/humble/share/geometry_msgs/cmake)
[0.933s] -- Found sensor_msgs: 4.9.0 (/opt/ros/humble/share/sensor_msgs/cmake)
[0.942s] -- Found rosidl_default_generators: 1.2.0 (/opt/ros/humble/share/rosidl_default_generators/cmake)
[1.105s] -- Found ament_cmake_ros: 0.10.0 (/opt/ros/humble/share/ament_cmake_ros/cmake)
[1.300s] -- Using all available rosidl_typesupport_c: rosidl_typesupport_fastrtps_c;rosidl_typesupport_introspection_c
[1.384s] -- Using all available rosidl_typesupport_cpp: rosidl_typesupport_fastrtps_cpp;rosidl_typesupport_introspection_cpp
[1.410s] -- Found PythonInterp: /usr/bin/python3 (found suitable version "3.10.12", minimum required is "3.6") 
[1.414s] -- Found python_cmake_module: 0.10.0 (/opt/ros/humble/share/python_cmake_module/cmake)
[1.444s] -- Found PythonLibs: /usr/lib/x86_64-linux-gnu/libpython3.10.so (found suitable version "3.10.12", minimum required is "3.5") 
[1.445s] -- Using PYTHON_EXECUTABLE: /usr/bin/python3
[1.445s] -- Using PYTHON_INCLUDE_DIRS: /usr/include/python3.10
[1.445s] -- Using PYTHON_LIBRARIES: /usr/lib/x86_64-linux-gnu/libpython3.10.so
[1.465s] -- Found PythonExtra: .so  
[1.499s] [0mCMake Deprecation Warning at /opt/ros/humble/share/rosidl_cmake/cmake/rosidl_target_interfaces.cmake:32 (message):
[1.500s]   Use rosidl_get_typesupport_target() and target_link_libraries() instead of
[1.500s]   rosidl_target_interfaces()
[1.500s] Call Stack (most recent call first):
[1.500s]   CMakeLists.txt:29 (rosidl_target_interfaces)
[1.500s] 
[1.500s] [0m
[1.500s] [0mCMake Deprecation Warning at /opt/ros/humble/share/rosidl_cmake/cmake/rosidl_target_interfaces.cmake:32 (message):
[1.500s]   Use rosidl_get_typesupport_target() and target_link_libraries() instead of
[1.500s]   rosidl_target_interfaces()
[1.500s] Call Stack (most recent call first):
[1.501s]   CMakeLists.txt:39 (rosidl_target_interfaces)
[1.501s] 
[1.501s] [0m
[1.502s] -- Found ament_lint_auto: 0.12.14 (/opt/ros/humble/share/ament_lint_auto/cmake)
[1.515s] -- Added test 'cppcheck' to perform static code analysis on C / C++ code
[1.515s] -- Configured cppcheck include dirs: 
[1.515s] -- Configured cppcheck exclude dirs and/or files: 
[1.516s] -- Added test 'flake8' to check Python code syntax and style conventions
[1.516s] -- Added test 'lint_cmake' to check CMake code style
[1.516s] -- Added test 'pep257' to check Python code against some of the docstring style conventions in PEP 257
[1.517s] -- Added test 'uncrustify' to check C / C++ code style
[1.517s] -- Configured uncrustify additional arguments: 
[1.517s] -- Added test 'xmllint' to check XML markup files
[1.518s] -- Configuring done
[1.535s] -- Generating done
[1.541s] -- Build files have been written to: /home/pratik/ros2_ws/build/my_robot_description
[1.549s] Invoked command in '/home/pratik/ros2_ws/build/my_robot_description' returned '0': CMAKE_PREFIX_PATH=${CMAKE_PREFIX_PATH}:/opt/ros/humble /usr/bin/cmake /home/pratik/ros2_ws/src/my_robot_description -DCMAKE_INSTALL_PREFIX=/home/pratik/ros2_ws/install/my_robot_description
[1.550s] Invoking command in '/home/pratik/ros2_ws/build/my_robot_description': CMAKE_PREFIX_PATH=${CMAKE_PREFIX_PATH}:/opt/ros/humble /usr/bin/cmake --build /home/pratik/ros2_ws/build/my_robot_description -- -j20 -l20
[1.583s] [  2%] [34m[1mGenerating C code for ROS interfaces[0m
[1.592s] [  5%] [34m[1mGenerating C++ code for ROS interfaces[0m
[1.598s] [  5%] Built target ament_cmake_python_copy_my_robot_description
[1.719s] running egg_info
[1.720s] creating my_robot_description.egg-info
[1.720s] writing my_robot_description.egg-info/PKG-INFO
[1.720s] writing dependency_links to my_robot_description.egg-info/dependency_links.txt
[1.720s] writing top-level names to my_robot_description.egg-info/top_level.txt
[1.720s] writing manifest file 'my_robot_description.egg-info/SOURCES.txt'
[1.721s] reading manifest file 'my_robot_description.egg-info/SOURCES.txt'
[1.722s] writing manifest file 'my_robot_description.egg-info/SOURCES.txt'
[1.739s] [  5%] Built target ament_cmake_python_build_my_robot_description_egg
[1.739s] [  5%] Built target my_robot_description__cpp
[1.740s] [  8%] [32mBuilding C object CMakeFiles/my_robot_description__rosidl_generator_c.dir/rosidl_generator_c/my_robot_description/srv/detail/set_velocity__functions.c.o[0m
[1.746s] [ 11%] [34m[1mGenerating C++ introspection for ROS interfaces[0m
[1.746s] [ 14%] [34m[1mGenerating C++ type support dispatch for ROS interfaces[0m
[1.746s] [ 17%] [34m[1mGenerating C++ type support for eProsima Fast-RTPS[0m
[1.784s] [ 20%] [32m[1mLinking C shared library libmy_robot_description__rosidl_generator_c.so[0m
[1.809s] [ 20%] Built target my_robot_description__rosidl_generator_c
[1.817s] [ 28%] [34m[1mGenerating C type support dispatch for ROS interfaces[0m
[1.817s] [ 28%] [34m[1mGenerating C introspection for ROS interfaces[0m
[1.817s] [ 28%] [34m[1mGenerating C type support for eProsima Fast-RTPS[0m
[1.871s] [ 31%] [32mBuilding CXX object CMakeFiles/my_robot_description__rosidl_typesupport_cpp.dir/rosidl_typesupport_cpp/my_robot_description/srv/set_velocity__type_support.cpp.o[0m
[1.882s] [ 34%] [32mBuilding CXX object CMakeFiles/my_robot_description__rosidl_typesupport_introspection_cpp.dir/rosidl_typesupport_introspection_cpp/my_robot_description/srv/detail/set_velocity__type_support.cpp.o[0m
[1.885s] [ 37%] [32mBuilding CXX object CMakeFiles/my_robot_description__rosidl_typesupport_fastrtps_cpp.dir/rosidl_typesupport_fastrtps_cpp/my_robot_description/srv/detail/dds_fastrtps/set_velocity__type_support.cpp.o[0m
[1.953s] [ 40%] [32mBuilding CXX object CMakeFiles/my_robot_description__rosidl_typesupport_c.dir/rosidl_typesupport_c/my_robot_description/srv/set_velocity__type_support.cpp.o[0m
[1.972s] [ 45%] [32mBuilding CXX object CMakeFiles/my_robot_description__rosidl_typesupport_fastrtps_c.dir/rosidl_typesupport_fastrtps_c/my_robot_description/srv/detail/set_velocity__type_support_c.cpp.o[0m
[1.972s] [ 45%] [32mBuilding C object CMakeFiles/my_robot_description__rosidl_typesupport_introspection_c.dir/rosidl_typesupport_introspection_c/my_robot_description/srv/detail/set_velocity__type_support.c.o[0m
[1.982s] [ 48%] [32m[1mLinking CXX shared library libmy_robot_description__rosidl_typesupport_c.so[0m
[1.996s] [ 51%] [32m[1mLinking C shared library libmy_robot_description__rosidl_typesupport_introspection_c.so[0m
[2.011s] [ 51%] Built target my_robot_description__rosidl_typesupport_c
[2.018s] [ 51%] Built target my_robot_description__rosidl_typesupport_introspection_c
[2.025s] [ 54%] [32m[1mLinking CXX shared library libmy_robot_description__rosidl_typesupport_cpp.so[0m
[2.054s] [ 54%] Built target my_robot_description__rosidl_typesupport_cpp
[2.081s] [ 57%] [32m[1mLinking CXX shared library libmy_robot_description__rosidl_typesupport_introspection_cpp.so[0m
[2.093s] [ 60%] [32m[1mLinking CXX shared library libmy_robot_description__rosidl_typesupport_fastrtps_cpp.so[0m
[2.119s] [ 60%] Built target my_robot_description__rosidl_typesupport_introspection_cpp
[2.137s] [ 60%] Built target my_robot_description__rosidl_typesupport_fastrtps_cpp
[2.156s] [ 62%] [32m[1mLinking CXX shared library libmy_robot_description__rosidl_typesupport_fastrtps_c.so[0m
[2.211s] [ 62%] Built target my_robot_description__rosidl_typesupport_fastrtps_c
[2.233s] [ 62%] Built target my_robot_description
[2.259s] [ 65%] [32mBuilding CXX object CMakeFiles/robot_controller_node.dir/src/robot_controller.cpp.o[0m
[2.261s] [ 68%] [32mBuilding CXX object CMakeFiles/teleop_node.dir/src/teleop_node.cpp.o[0m
[2.261s] [ 71%] [34m[1mGenerating Python code for ROS interfaces[0m
[2.367s] [01m[K/home/pratik/ros2_ws/src/my_robot_description/src/robot_controller.cpp:3:10:[m[K [01;31m[Kfatal error: [m[Kyour_package_name/srv/set_velocity.hpp: No such file or directory
[2.367s]     3 | #include [01;31m[K"your_package_name/srv/set_velocity.hpp"[m[K
[2.368s]       |          [01;31m[K^~~~~~~~~~~~~~~~~~~~~~~~~~~~~~~~~~~~~~~~[m[K
[2.368s] compilation terminated.
[2.368s] [01m[K/home/pratik/ros2_ws/src/my_robot_description/src/teleop_node.cpp:3:10:[m[K [01;31m[Kfatal error: [m[Kyour_package_name/srv/set_velocity.hpp: No such file or directory
[2.368s]     3 | #include [01;31m[K"your_package_name/srv/set_velocity.hpp"[m[K
[2.368s]       |          [01;31m[K^~~~~~~~~~~~~~~~~~~~~~~~~~~~~~~~~~~~~~~~[m[K
[2.368s] compilation terminated.
[2.369s] gmake[2]: *** [CMakeFiles/robot_controller_node.dir/build.make:76: CMakeFiles/robot_controller_node.dir/src/robot_controller.cpp.o] Error 1
[2.369s] gmake[1]: *** [CMakeFiles/Makefile2:596: CMakeFiles/robot_controller_node.dir/all] Error 2
[2.369s] gmake[1]: *** Waiting for unfinished jobs....
[2.369s] gmake[2]: *** [CMakeFiles/teleop_node.dir/build.make:76: CMakeFiles/teleop_node.dir/src/teleop_node.cpp.o] Error 1
[2.369s] gmake[1]: *** [CMakeFiles/Makefile2:624: CMakeFiles/teleop_node.dir/all] Error 2
[2.453s] [ 71%] Built target my_robot_description__py
[2.454s] gmake: *** [Makefile:146: all] Error 2
[2.456s] Invoked command in '/home/pratik/ros2_ws/build/my_robot_description' returned '2': CMAKE_PREFIX_PATH=${CMAKE_PREFIX_PATH}:/opt/ros/humble /usr/bin/cmake --build /home/pratik/ros2_ws/build/my_robot_description -- -j20 -l20
