[35m[1mConsolidate compiler generated dependencies of target my_robot_description__rosidl_generator_c[0m
[  2%] Built target my_robot_description__cpp
[ 11%] Built target my_robot_description__rosidl_generator_c
[ 11%] Built target ament_cmake_python_copy_my_robot_description
[35m[1mConsolidate compiler generated dependencies of target my_robot_description__rosidl_typesupport_introspection_cpp[0m
[35m[1mConsolidate compiler generated dependencies of target my_robot_description__rosidl_typesupport_fastrtps_c[0m
[35m[1mConsolidate compiler generated dependencies of target my_robot_description__rosidl_typesupport_cpp[0m
[35m[1mConsolidate compiler generated dependencies of target my_robot_description__rosidl_typesupport_introspection_c[0m
[35m[1mConsolidate compiler generated dependencies of target my_robot_description__rosidl_typesupport_c[0m
[35m[1mConsolidate compiler generated dependencies of target my_robot_description__rosidl_typesupport_fastrtps_cpp[0m
[ 20%] Built target my_robot_description__rosidl_typesupport_introspection_cpp
[ 28%] Built target my_robot_description__rosidl_typesupport_introspection_c
[ 37%] Built target my_robot_description__rosidl_typesupport_c
[ 45%] Built target my_robot_description__rosidl_typesupport_cpp
[ 54%] Built target my_robot_description__rosidl_typesupport_fastrtps_c
[ 62%] Built target my_robot_description__rosidl_typesupport_fastrtps_cpp
[35m[1mConsolidate compiler generated dependencies of target robot_controller_node[0m
[35m[1mConsolidate compiler generated dependencies of target teleop_node[0m
[ 62%] Built target my_robot_description
[ 68%] Built target teleop_node
[ 74%] Built target robot_controller_node
[ 77%] Built target my_robot_description__py
[35m[1mConsolidate compiler generated dependencies of target my_robot_description__rosidl_generator_py[0m
[ 82%] Built target my_robot_description__rosidl_generator_py
[35m[1mConsolidate compiler generated dependencies of target my_robot_description__rosidl_typesupport_fastrtps_c__pyext[0m
[35m[1mConsolidate compiler generated dependencies of target my_robot_description__rosidl_typesupport_introspection_c__pyext[0m
[35m[1mConsolidate compiler generated dependencies of target my_robot_description__rosidl_typesupport_c__pyext[0m
[ 88%] Built target my_robot_description__rosidl_typesupport_fastrtps_c__pyext
[ 94%] Built target my_robot_description__rosidl_typesupport_c__pyext
[100%] Built target my_robot_description__rosidl_typesupport_introspection_c__pyext
running egg_info
writing my_robot_description.egg-info/PKG-INFO
writing dependency_links to my_robot_description.egg-info/dependency_links.txt
writing top-level names to my_robot_description.egg-info/top_level.txt
reading manifest file 'my_robot_description.egg-info/SOURCES.txt'
writing manifest file 'my_robot_description.egg-info/SOURCES.txt'
[100%] Built target ament_cmake_python_build_my_robot_description_egg
-- Install configuration: ""
-- Up-to-date: /home/pratik/ros2_ws/install/my_robot_description/share/ament_index/resource_index/rosidl_interfaces/my_robot_description
-- Up-to-date: /home/pratik/ros2_ws/install/my_robot_description/include/my_robot_description/my_robot_description
-- Up-to-date: /home/pratik/ros2_ws/install/my_robot_description/include/my_robot_description/my_robot_description/srv
-- Up-to-date: /home/pratik/ros2_ws/install/my_robot_description/include/my_robot_description/my_robot_description/srv/set_velocity.h
-- Up-to-date: /home/pratik/ros2_ws/install/my_robot_description/include/my_robot_description/my_robot_description/srv/detail
-- Up-to-date: /home/pratik/ros2_ws/install/my_robot_description/include/my_robot_description/my_robot_description/srv/detail/set_velocity__type_support.h
-- Up-to-date: /home/pratik/ros2_ws/install/my_robot_description/include/my_robot_description/my_robot_description/srv/detail/set_velocity__functions.c
-- Up-to-date: /home/pratik/ros2_ws/install/my_robot_description/include/my_robot_description/my_robot_description/srv/detail/set_velocity__struct.h
-- Up-to-date: /home/pratik/ros2_ws/install/my_robot_description/include/my_robot_description/my_robot_description/srv/detail/set_velocity__functions.h
-- Up-to-date: /home/pratik/ros2_ws/install/my_robot_description/include/my_robot_description/my_robot_description/msg
-- Up-to-date: /home/pratik/ros2_ws/install/my_robot_description/include/my_robot_description/my_robot_description/msg/rosidl_generator_c__visibility_control.h
-- Up-to-date: /home/pratik/ros2_ws/install/my_robot_description/share/my_robot_description/environment/library_path.sh
-- Up-to-date: /home/pratik/ros2_ws/install/my_robot_description/share/my_robot_description/environment/library_path.dsv
-- Up-to-date: /home/pratik/ros2_ws/install/my_robot_description/lib/libmy_robot_description__rosidl_generator_c.so
-- Up-to-date: /home/pratik/ros2_ws/install/my_robot_description/include/my_robot_description/my_robot_description
-- Up-to-date: /home/pratik/ros2_ws/install/my_robot_description/include/my_robot_description/my_robot_description/srv
-- Up-to-date: /home/pratik/ros2_ws/install/my_robot_description/include/my_robot_description/my_robot_description/srv/detail
-- Up-to-date: /home/pratik/ros2_ws/install/my_robot_description/include/my_robot_description/my_robot_description/srv/detail/set_velocity__rosidl_typesupport_fastrtps_c.h
-- Up-to-date: /home/pratik/ros2_ws/install/my_robot_description/include/my_robot_description/my_robot_description/msg
-- Up-to-date: /home/pratik/ros2_ws/install/my_robot_description/include/my_robot_description/my_robot_description/msg/rosidl_typesupport_fastrtps_c__visibility_control.h
-- Up-to-date: /home/pratik/ros2_ws/install/my_robot_description/lib/libmy_robot_description__rosidl_typesupport_fastrtps_c.so
-- Up-to-date: /home/pratik/ros2_ws/install/my_robot_description/include/my_robot_description/my_robot_description
-- Up-to-date: /home/pratik/ros2_ws/install/my_robot_description/include/my_robot_description/my_robot_description/srv
-- Up-to-date: /home/pratik/ros2_ws/install/my_robot_description/include/my_robot_description/my_robot_description/srv/set_velocity.hpp
-- Up-to-date: /home/pratik/ros2_ws/install/my_robot_description/include/my_robot_description/my_robot_description/srv/detail
-- Up-to-date: /home/pratik/ros2_ws/install/my_robot_description/include/my_robot_description/my_robot_description/srv/detail/set_velocity__type_support.hpp
-- Up-to-date: /home/pratik/ros2_ws/install/my_robot_description/include/my_robot_description/my_robot_description/srv/detail/set_velocity__traits.hpp
-- Up-to-date: /home/pratik/ros2_ws/install/my_robot_description/include/my_robot_description/my_robot_description/srv/detail/set_velocity__struct.hpp
-- Up-to-date: /home/pratik/ros2_ws/install/my_robot_description/include/my_robot_description/my_robot_description/srv/detail/set_velocity__builder.hpp
-- Up-to-date: /home/pratik/ros2_ws/install/my_robot_description/include/my_robot_description/my_robot_description/msg
-- Up-to-date: /home/pratik/ros2_ws/install/my_robot_description/include/my_robot_description/my_robot_description/msg/rosidl_generator_cpp__visibility_control.hpp
-- Up-to-date: /home/pratik/ros2_ws/install/my_robot_description/include/my_robot_description/my_robot_description
-- Up-to-date: /home/pratik/ros2_ws/install/my_robot_description/include/my_robot_description/my_robot_description/srv
-- Up-to-date: /home/pratik/ros2_ws/install/my_robot_description/include/my_robot_description/my_robot_description/srv/detail
-- Up-to-date: /home/pratik/ros2_ws/install/my_robot_description/include/my_robot_description/my_robot_description/srv/detail/set_velocity__rosidl_typesupport_fastrtps_cpp.hpp
-- Up-to-date: /home/pratik/ros2_ws/install/my_robot_description/include/my_robot_description/my_robot_description/srv/detail/dds_fastrtps
-- Up-to-date: /home/pratik/ros2_ws/install/my_robot_description/include/my_robot_description/my_robot_description/msg
-- Up-to-date: /home/pratik/ros2_ws/install/my_robot_description/include/my_robot_description/my_robot_description/msg/rosidl_typesupport_fastrtps_cpp__visibility_control.h
-- Up-to-date: /home/pratik/ros2_ws/install/my_robot_description/lib/libmy_robot_description__rosidl_typesupport_fastrtps_cpp.so
-- Up-to-date: /home/pratik/ros2_ws/install/my_robot_description/include/my_robot_description/my_robot_description
-- Up-to-date: /home/pratik/ros2_ws/install/my_robot_description/include/my_robot_description/my_robot_description/srv
-- Up-to-date: /home/pratik/ros2_ws/install/my_robot_description/include/my_robot_description/my_robot_description/srv/detail
-- Up-to-date: /home/pratik/ros2_ws/install/my_robot_description/include/my_robot_description/my_robot_description/srv/detail/set_velocity__rosidl_typesupport_introspection_c.h
-- Up-to-date: /home/pratik/ros2_ws/install/my_robot_description/include/my_robot_description/my_robot_description/srv/detail/set_velocity__type_support.c
-- Up-to-date: /home/pratik/ros2_ws/install/my_robot_description/include/my_robot_description/my_robot_description/msg
-- Up-to-date: /home/pratik/ros2_ws/install/my_robot_description/include/my_robot_description/my_robot_description/msg/rosidl_typesupport_introspection_c__visibility_control.h
-- Up-to-date: /home/pratik/ros2_ws/install/my_robot_description/lib/libmy_robot_description__rosidl_typesupport_introspection_c.so
-- Up-to-date: /home/pratik/ros2_ws/install/my_robot_description/lib/libmy_robot_description__rosidl_typesupport_c.so
-- Up-to-date: /home/pratik/ros2_ws/install/my_robot_description/include/my_robot_description/my_robot_description
-- Up-to-date: /home/pratik/ros2_ws/install/my_robot_description/include/my_robot_description/my_robot_description/srv
-- Up-to-date: /home/pratik/ros2_ws/install/my_robot_description/include/my_robot_description/my_robot_description/srv/detail
-- Up-to-date: /home/pratik/ros2_ws/install/my_robot_description/include/my_robot_description/my_robot_description/srv/detail/set_velocity__type_support.cpp
-- Up-to-date: /home/pratik/ros2_ws/install/my_robot_description/include/my_robot_description/my_robot_description/srv/detail/set_velocity__rosidl_typesupport_introspection_cpp.hpp
-- Up-to-date: /home/pratik/ros2_ws/install/my_robot_description/lib/libmy_robot_description__rosidl_typesupport_introspection_cpp.so
-- Up-to-date: /home/pratik/ros2_ws/install/my_robot_description/lib/libmy_robot_description__rosidl_typesupport_cpp.so
-- Up-to-date: /home/pratik/ros2_ws/install/my_robot_description/share/my_robot_description/environment/pythonpath.sh
-- Up-to-date: /home/pratik/ros2_ws/install/my_robot_description/share/my_robot_description/environment/pythonpath.dsv
-- Up-to-date: /home/pratik/ros2_ws/install/my_robot_description/local/lib/python3.10/dist-packages/my_robot_description-0.0.0-py3.10.egg-info
-- Installing: /home/pratik/ros2_ws/install/my_robot_description/local/lib/python3.10/dist-packages/my_robot_description-0.0.0-py3.10.egg-info/PKG-INFO
-- Installing: /home/pratik/ros2_ws/install/my_robot_description/local/lib/python3.10/dist-packages/my_robot_description-0.0.0-py3.10.egg-info/SOURCES.txt
-- Installing: /home/pratik/ros2_ws/install/my_robot_description/local/lib/python3.10/dist-packages/my_robot_description-0.0.0-py3.10.egg-info/top_level.txt
-- Installing: /home/pratik/ros2_ws/install/my_robot_description/local/lib/python3.10/dist-packages/my_robot_description-0.0.0-py3.10.egg-info/dependency_links.txt
-- Up-to-date: /home/pratik/ros2_ws/install/my_robot_description/local/lib/python3.10/dist-packages/my_robot_description
-- Up-to-date: /home/pratik/ros2_ws/install/my_robot_description/local/lib/python3.10/dist-packages/my_robot_description/_my_robot_description_s.ep.rosidl_typesupport_introspection_c.c
-- Up-to-date: /home/pratik/ros2_ws/install/my_robot_description/local/lib/python3.10/dist-packages/my_robot_description/__init__.py
-- Up-to-date: /home/pratik/ros2_ws/install/my_robot_description/local/lib/python3.10/dist-packages/my_robot_description/my_robot_description_s__rosidl_typesupport_introspection_c.cpython-310-x86_64-linux-gnu.so
-- Up-to-date: /home/pratik/ros2_ws/install/my_robot_description/local/lib/python3.10/dist-packages/my_robot_description/my_robot_description_s__rosidl_typesupport_fastrtps_c.cpython-310-x86_64-linux-gnu.so
-- Up-to-date: /home/pratik/ros2_ws/install/my_robot_description/local/lib/python3.10/dist-packages/my_robot_description/_my_robot_description_s.ep.rosidl_typesupport_c.c
-- Up-to-date: /home/pratik/ros2_ws/install/my_robot_description/local/lib/python3.10/dist-packages/my_robot_description/my_robot_description_s__rosidl_typesupport_c.cpython-310-x86_64-linux-gnu.so
-- Up-to-date: /home/pratik/ros2_ws/install/my_robot_description/local/lib/python3.10/dist-packages/my_robot_description/libmy_robot_description__rosidl_generator_py.so
-- Up-to-date: /home/pratik/ros2_ws/install/my_robot_description/local/lib/python3.10/dist-packages/my_robot_description/srv
-- Up-to-date: /home/pratik/ros2_ws/install/my_robot_description/local/lib/python3.10/dist-packages/my_robot_description/srv/__init__.py
-- Up-to-date: /home/pratik/ros2_ws/install/my_robot_description/local/lib/python3.10/dist-packages/my_robot_description/srv/_set_velocity.py
-- Up-to-date: /home/pratik/ros2_ws/install/my_robot_description/local/lib/python3.10/dist-packages/my_robot_description/srv/_set_velocity_s.c
-- Up-to-date: /home/pratik/ros2_ws/install/my_robot_description/local/lib/python3.10/dist-packages/my_robot_description/_my_robot_description_s.ep.rosidl_typesupport_fastrtps_c.c
Listing '/home/pratik/ros2_ws/install/my_robot_description/local/lib/python3.10/dist-packages/my_robot_description'...
Listing '/home/pratik/ros2_ws/install/my_robot_description/local/lib/python3.10/dist-packages/my_robot_description/srv'...
-- Up-to-date: /home/pratik/ros2_ws/install/my_robot_description/local/lib/python3.10/dist-packages/my_robot_description/my_robot_description_s__rosidl_typesupport_fastrtps_c.cpython-310-x86_64-linux-gnu.so
-- Up-to-date: /home/pratik/ros2_ws/install/my_robot_description/local/lib/python3.10/dist-packages/my_robot_description/my_robot_description_s__rosidl_typesupport_introspection_c.cpython-310-x86_64-linux-gnu.so
-- Up-to-date: /home/pratik/ros2_ws/install/my_robot_description/local/lib/python3.10/dist-packages/my_robot_description/my_robot_description_s__rosidl_typesupport_c.cpython-310-x86_64-linux-gnu.so
-- Up-to-date: /home/pratik/ros2_ws/install/my_robot_description/lib/libmy_robot_description__rosidl_generator_py.so
-- Up-to-date: /home/pratik/ros2_ws/install/my_robot_description/share/my_robot_description/srv/SetVelocity.idl
-- Up-to-date: /home/pratik/ros2_ws/install/my_robot_description/share/my_robot_description/srv/SetVelocity.srv
-- Up-to-date: /home/pratik/ros2_ws/install/my_robot_description/share/my_robot_description/srv/SetVelocity_Request.msg
-- Up-to-date: /home/pratik/ros2_ws/install/my_robot_description/share/my_robot_description/srv/SetVelocity_Response.msg
-- Up-to-date: /home/pratik/ros2_ws/install/my_robot_description/share/my_robot_description/urdf
-- Up-to-date: /home/pratik/ros2_ws/install/my_robot_description/share/my_robot_description/urdf/robot.urdf.xacro
-- Up-to-date: /home/pratik/ros2_ws/install/my_robot_description/share/my_robot_description/launch
-- Up-to-date: /home/pratik/ros2_ws/install/my_robot_description/share/my_robot_description/launch/robot_gazebo_rviz.launch.py
-- Up-to-date: /home/pratik/ros2_ws/install/my_robot_description/lib/my_robot_description/robot_controller_node
-- Up-to-date: /home/pratik/ros2_ws/install/my_robot_description/lib/my_robot_description/teleop_node
-- Up-to-date: /home/pratik/ros2_ws/install/my_robot_description/lib/my_robot_description/robot_controller.py
-- Up-to-date: /home/pratik/ros2_ws/install/my_robot_description/share/ament_index/resource_index/package_run_dependencies/my_robot_description
-- Up-to-date: /home/pratik/ros2_ws/install/my_robot_description/share/ament_index/resource_index/parent_prefix_path/my_robot_description
-- Up-to-date: /home/pratik/ros2_ws/install/my_robot_description/share/my_robot_description/environment/ament_prefix_path.sh
-- Up-to-date: /home/pratik/ros2_ws/install/my_robot_description/share/my_robot_description/environment/ament_prefix_path.dsv
-- Up-to-date: /home/pratik/ros2_ws/install/my_robot_description/share/my_robot_description/environment/path.sh
-- Up-to-date: /home/pratik/ros2_ws/install/my_robot_description/share/my_robot_description/environment/path.dsv
-- Up-to-date: /home/pratik/ros2_ws/install/my_robot_description/share/my_robot_description/local_setup.bash
-- Up-to-date: /home/pratik/ros2_ws/install/my_robot_description/share/my_robot_description/local_setup.sh
-- Up-to-date: /home/pratik/ros2_ws/install/my_robot_description/share/my_robot_description/local_setup.zsh
-- Up-to-date: /home/pratik/ros2_ws/install/my_robot_description/share/my_robot_description/local_setup.dsv
-- Installing: /home/pratik/ros2_ws/install/my_robot_description/share/my_robot_description/package.dsv
-- Up-to-date: /home/pratik/ros2_ws/install/my_robot_description/share/ament_index/resource_index/packages/my_robot_description
-- Up-to-date: /home/pratik/ros2_ws/install/my_robot_description/share/my_robot_description/cmake/export_my_robot_description__rosidl_generator_cExport.cmake
-- Up-to-date: /home/pratik/ros2_ws/install/my_robot_description/share/my_robot_description/cmake/export_my_robot_description__rosidl_generator_cExport-noconfig.cmake
-- Up-to-date: /home/pratik/ros2_ws/install/my_robot_description/share/my_robot_description/cmake/export_my_robot_description__rosidl_typesupport_fastrtps_cExport.cmake
-- Up-to-date: /home/pratik/ros2_ws/install/my_robot_description/share/my_robot_description/cmake/export_my_robot_description__rosidl_typesupport_fastrtps_cExport-noconfig.cmake
-- Up-to-date: /home/pratik/ros2_ws/install/my_robot_description/share/my_robot_description/cmake/export_my_robot_description__rosidl_generator_cppExport.cmake
-- Up-to-date: /home/pratik/ros2_ws/install/my_robot_description/share/my_robot_description/cmake/export_my_robot_description__rosidl_typesupport_fastrtps_cppExport.cmake
-- Up-to-date: /home/pratik/ros2_ws/install/my_robot_description/share/my_robot_description/cmake/export_my_robot_description__rosidl_typesupport_fastrtps_cppExport-noconfig.cmake
-- Up-to-date: /home/pratik/ros2_ws/install/my_robot_description/share/my_robot_description/cmake/my_robot_description__rosidl_typesupport_introspection_cExport.cmake
-- Up-to-date: /home/pratik/ros2_ws/install/my_robot_description/share/my_robot_description/cmake/my_robot_description__rosidl_typesupport_introspection_cExport-noconfig.cmake
-- Up-to-date: /home/pratik/ros2_ws/install/my_robot_description/share/my_robot_description/cmake/my_robot_description__rosidl_typesupport_cExport.cmake
-- Up-to-date: /home/pratik/ros2_ws/install/my_robot_description/share/my_robot_description/cmake/my_robot_description__rosidl_typesupport_cExport-noconfig.cmake
-- Up-to-date: /home/pratik/ros2_ws/install/my_robot_description/share/my_robot_description/cmake/my_robot_description__rosidl_typesupport_introspection_cppExport.cmake
-- Up-to-date: /home/pratik/ros2_ws/install/my_robot_description/share/my_robot_description/cmake/my_robot_description__rosidl_typesupport_introspection_cppExport-noconfig.cmake
-- Up-to-date: /home/pratik/ros2_ws/install/my_robot_description/share/my_robot_description/cmake/my_robot_description__rosidl_typesupport_cppExport.cmake
-- Up-to-date: /home/pratik/ros2_ws/install/my_robot_description/share/my_robot_description/cmake/my_robot_description__rosidl_typesupport_cppExport-noconfig.cmake
-- Up-to-date: /home/pratik/ros2_ws/install/my_robot_description/share/my_robot_description/cmake/export_my_robot_description__rosidl_generator_pyExport.cmake
-- Up-to-date: /home/pratik/ros2_ws/install/my_robot_description/share/my_robot_description/cmake/export_my_robot_description__rosidl_generator_pyExport-noconfig.cmake
-- Up-to-date: /home/pratik/ros2_ws/install/my_robot_description/share/my_robot_description/cmake/rosidl_cmake-extras.cmake
-- Up-to-date: /home/pratik/ros2_ws/install/my_robot_description/share/my_robot_description/cmake/ament_cmake_export_include_directories-extras.cmake
-- Up-to-date: /home/pratik/ros2_ws/install/my_robot_description/share/my_robot_description/cmake/ament_cmake_export_libraries-extras.cmake
-- Up-to-date: /home/pratik/ros2_ws/install/my_robot_description/share/my_robot_description/cmake/ament_cmake_export_targets-extras.cmake
-- Up-to-date: /home/pratik/ros2_ws/install/my_robot_description/share/my_robot_description/cmake/rosidl_cmake_export_typesupport_targets-extras.cmake
-- Up-to-date: /home/pratik/ros2_ws/install/my_robot_description/share/my_robot_description/cmake/ament_cmake_export_dependencies-extras.cmake
-- Up-to-date: /home/pratik/ros2_ws/install/my_robot_description/share/my_robot_description/cmake/rosidl_cmake_export_typesupport_libraries-extras.cmake
-- Up-to-date: /home/pratik/ros2_ws/install/my_robot_description/share/my_robot_description/cmake/my_robot_descriptionConfig.cmake
-- Up-to-date: /home/pratik/ros2_ws/install/my_robot_description/share/my_robot_description/cmake/my_robot_descriptionConfig-version.cmake
-- Up-to-date: /home/pratik/ros2_ws/install/my_robot_description/share/my_robot_description/package.xml
