[35m[1mConsolidate compiler generated dependencies of target visualize_marker[0m
[35m[1mConsolidate compiler generated dependencies of target shm_cpp__rosidl_generator_c[0m
[  8%] Built target shm_cpp__rosidl_generator_c
[ 11%] Built target shm_cpp__cpp
[35m[1mConsolidate compiler generated dependencies of target shm_cpp__rosidl_typesupport_fastrtps_c[0m
[35m[1mConsolidate compiler generated dependencies of target shm_cpp__rosidl_typesupport_introspection_c[0m
[ 11%] Built target ament_cmake_python_copy_shm_cpp
[ 17%] Built target visualize_marker
[ 25%] Built target shm_cpp__rosidl_typesupport_fastrtps_c
[ 34%] Built target shm_cpp__rosidl_typesupport_introspection_c
[35m[1mConsolidate compiler generated dependencies of target shm_cpp__rosidl_typesupport_introspection_cpp[0m
[35m[1mConsolidate compiler generated dependencies of target shm_cpp__rosidl_typesupport_c[0m
[35m[1mConsolidate compiler generated dependencies of target shm_cpp__rosidl_typesupport_cpp[0m
[ 42%] Built target shm_cpp__rosidl_typesupport_introspection_cpp
[ 51%] Built target shm_cpp__rosidl_typesupport_c
[ 60%] Built target shm_cpp__rosidl_typesupport_cpp
[35m[1mConsolidate compiler generated dependencies of target shm_cpp__rosidl_typesupport_fastrtps_cpp[0m
[ 68%] Built target shm_cpp__rosidl_typesupport_fastrtps_cpp
[ 68%] Built target shm_cpp
[35m[1mConsolidate compiler generated dependencies of target position_publisher[0m
[ 71%] Built target shm_cpp__py
[35m[1mConsolidate compiler generated dependencies of target shm_cpp__rosidl_generator_py[0m
[ 77%] Built target shm_cpp__rosidl_generator_py
[ 82%] Built target position_publisher
[35m[1mConsolidate compiler generated dependencies of target shm_cpp__rosidl_typesupport_c__pyext[0m
[35m[1mConsolidate compiler generated dependencies of target shm_cpp__rosidl_typesupport_fastrtps_c__pyext[0m
[35m[1mConsolidate compiler generated dependencies of target shm_cpp__rosidl_typesupport_introspection_c__pyext[0m
[ 94%] Built target shm_cpp__rosidl_typesupport_fastrtps_c__pyext
[ 88%] Built target shm_cpp__rosidl_typesupport_c__pyext
[100%] Built target shm_cpp__rosidl_typesupport_introspection_c__pyext
running egg_info
writing shm_cpp.egg-info/PKG-INFO
writing dependency_links to shm_cpp.egg-info/dependency_links.txt
writing top-level names to shm_cpp.egg-info/top_level.txt
reading manifest file 'shm_cpp.egg-info/SOURCES.txt'
writing manifest file 'shm_cpp.egg-info/SOURCES.txt'
[100%] Built target ament_cmake_python_build_shm_cpp_egg
-- Install configuration: ""
-- Up-to-date: /home/tss8117/Desktop/tirth_ws/AISD_Trainee_Module/install/shm_cpp/share/ament_index/resource_index/rosidl_interfaces/shm_cpp
-- Up-to-date: /home/tss8117/Desktop/tirth_ws/AISD_Trainee_Module/install/shm_cpp/include/shm_cpp/shm_cpp
-- Up-to-date: /home/tss8117/Desktop/tirth_ws/AISD_Trainee_Module/install/shm_cpp/include/shm_cpp/shm_cpp/srv
-- Up-to-date: /home/tss8117/Desktop/tirth_ws/AISD_Trainee_Module/install/shm_cpp/include/shm_cpp/shm_cpp/srv/set_spring.h
-- Up-to-date: /home/tss8117/Desktop/tirth_ws/AISD_Trainee_Module/install/shm_cpp/include/shm_cpp/shm_cpp/srv/detail
-- Up-to-date: /home/tss8117/Desktop/tirth_ws/AISD_Trainee_Module/install/shm_cpp/include/shm_cpp/shm_cpp/srv/detail/set_spring__functions.h
-- Up-to-date: /home/tss8117/Desktop/tirth_ws/AISD_Trainee_Module/install/shm_cpp/include/shm_cpp/shm_cpp/srv/detail/set_spring__functions.c
-- Up-to-date: /home/tss8117/Desktop/tirth_ws/AISD_Trainee_Module/install/shm_cpp/include/shm_cpp/shm_cpp/srv/detail/set_spring__type_support.h
-- Up-to-date: /home/tss8117/Desktop/tirth_ws/AISD_Trainee_Module/install/shm_cpp/include/shm_cpp/shm_cpp/srv/detail/set_spring__struct.h
-- Up-to-date: /home/tss8117/Desktop/tirth_ws/AISD_Trainee_Module/install/shm_cpp/include/shm_cpp/shm_cpp/msg
-- Up-to-date: /home/tss8117/Desktop/tirth_ws/AISD_Trainee_Module/install/shm_cpp/include/shm_cpp/shm_cpp/msg/rosidl_generator_c__visibility_control.h
-- Up-to-date: /home/tss8117/Desktop/tirth_ws/AISD_Trainee_Module/install/shm_cpp/share/shm_cpp/environment/library_path.sh
-- Up-to-date: /home/tss8117/Desktop/tirth_ws/AISD_Trainee_Module/install/shm_cpp/share/shm_cpp/environment/library_path.dsv
-- Up-to-date: /home/tss8117/Desktop/tirth_ws/AISD_Trainee_Module/install/shm_cpp/lib/libshm_cpp__rosidl_generator_c.so
-- Up-to-date: /home/tss8117/Desktop/tirth_ws/AISD_Trainee_Module/install/shm_cpp/include/shm_cpp/shm_cpp
-- Up-to-date: /home/tss8117/Desktop/tirth_ws/AISD_Trainee_Module/install/shm_cpp/include/shm_cpp/shm_cpp/srv
-- Up-to-date: /home/tss8117/Desktop/tirth_ws/AISD_Trainee_Module/install/shm_cpp/include/shm_cpp/shm_cpp/srv/detail
-- Up-to-date: /home/tss8117/Desktop/tirth_ws/AISD_Trainee_Module/install/shm_cpp/include/shm_cpp/shm_cpp/srv/detail/set_spring__rosidl_typesupport_fastrtps_c.h
-- Up-to-date: /home/tss8117/Desktop/tirth_ws/AISD_Trainee_Module/install/shm_cpp/include/shm_cpp/shm_cpp/msg
-- Up-to-date: /home/tss8117/Desktop/tirth_ws/AISD_Trainee_Module/install/shm_cpp/include/shm_cpp/shm_cpp/msg/rosidl_typesupport_fastrtps_c__visibility_control.h
-- Up-to-date: /home/tss8117/Desktop/tirth_ws/AISD_Trainee_Module/install/shm_cpp/lib/libshm_cpp__rosidl_typesupport_fastrtps_c.so
-- Up-to-date: /home/tss8117/Desktop/tirth_ws/AISD_Trainee_Module/install/shm_cpp/include/shm_cpp/shm_cpp
-- Up-to-date: /home/tss8117/Desktop/tirth_ws/AISD_Trainee_Module/install/shm_cpp/include/shm_cpp/shm_cpp/srv
-- Up-to-date: /home/tss8117/Desktop/tirth_ws/AISD_Trainee_Module/install/shm_cpp/include/shm_cpp/shm_cpp/srv/detail
-- Up-to-date: /home/tss8117/Desktop/tirth_ws/AISD_Trainee_Module/install/shm_cpp/include/shm_cpp/shm_cpp/srv/detail/set_spring__type_support.hpp
-- Up-to-date: /home/tss8117/Desktop/tirth_ws/AISD_Trainee_Module/install/shm_cpp/include/shm_cpp/shm_cpp/srv/detail/set_spring__traits.hpp
-- Up-to-date: /home/tss8117/Desktop/tirth_ws/AISD_Trainee_Module/install/shm_cpp/include/shm_cpp/shm_cpp/srv/detail/set_spring__struct.hpp
-- Up-to-date: /home/tss8117/Desktop/tirth_ws/AISD_Trainee_Module/install/shm_cpp/include/shm_cpp/shm_cpp/srv/detail/set_spring__builder.hpp
-- Up-to-date: /home/tss8117/Desktop/tirth_ws/AISD_Trainee_Module/install/shm_cpp/include/shm_cpp/shm_cpp/srv/set_spring.hpp
-- Up-to-date: /home/tss8117/Desktop/tirth_ws/AISD_Trainee_Module/install/shm_cpp/include/shm_cpp/shm_cpp/msg
-- Up-to-date: /home/tss8117/Desktop/tirth_ws/AISD_Trainee_Module/install/shm_cpp/include/shm_cpp/shm_cpp/msg/rosidl_generator_cpp__visibility_control.hpp
-- Up-to-date: /home/tss8117/Desktop/tirth_ws/AISD_Trainee_Module/install/shm_cpp/include/shm_cpp/shm_cpp
-- Up-to-date: /home/tss8117/Desktop/tirth_ws/AISD_Trainee_Module/install/shm_cpp/include/shm_cpp/shm_cpp/srv
-- Up-to-date: /home/tss8117/Desktop/tirth_ws/AISD_Trainee_Module/install/shm_cpp/include/shm_cpp/shm_cpp/srv/detail
-- Up-to-date: /home/tss8117/Desktop/tirth_ws/AISD_Trainee_Module/install/shm_cpp/include/shm_cpp/shm_cpp/srv/detail/dds_fastrtps
-- Up-to-date: /home/tss8117/Desktop/tirth_ws/AISD_Trainee_Module/install/shm_cpp/include/shm_cpp/shm_cpp/srv/detail/set_spring__rosidl_typesupport_fastrtps_cpp.hpp
-- Up-to-date: /home/tss8117/Desktop/tirth_ws/AISD_Trainee_Module/install/shm_cpp/include/shm_cpp/shm_cpp/msg
-- Up-to-date: /home/tss8117/Desktop/tirth_ws/AISD_Trainee_Module/install/shm_cpp/include/shm_cpp/shm_cpp/msg/rosidl_typesupport_fastrtps_cpp__visibility_control.h
-- Up-to-date: /home/tss8117/Desktop/tirth_ws/AISD_Trainee_Module/install/shm_cpp/lib/libshm_cpp__rosidl_typesupport_fastrtps_cpp.so
-- Up-to-date: /home/tss8117/Desktop/tirth_ws/AISD_Trainee_Module/install/shm_cpp/include/shm_cpp/shm_cpp
-- Up-to-date: /home/tss8117/Desktop/tirth_ws/AISD_Trainee_Module/install/shm_cpp/include/shm_cpp/shm_cpp/srv
-- Up-to-date: /home/tss8117/Desktop/tirth_ws/AISD_Trainee_Module/install/shm_cpp/include/shm_cpp/shm_cpp/srv/detail
-- Up-to-date: /home/tss8117/Desktop/tirth_ws/AISD_Trainee_Module/install/shm_cpp/include/shm_cpp/shm_cpp/srv/detail/set_spring__rosidl_typesupport_introspection_c.h
-- Up-to-date: /home/tss8117/Desktop/tirth_ws/AISD_Trainee_Module/install/shm_cpp/include/shm_cpp/shm_cpp/srv/detail/set_spring__type_support.c
-- Up-to-date: /home/tss8117/Desktop/tirth_ws/AISD_Trainee_Module/install/shm_cpp/include/shm_cpp/shm_cpp/msg
-- Up-to-date: /home/tss8117/Desktop/tirth_ws/AISD_Trainee_Module/install/shm_cpp/include/shm_cpp/shm_cpp/msg/rosidl_typesupport_introspection_c__visibility_control.h
-- Up-to-date: /home/tss8117/Desktop/tirth_ws/AISD_Trainee_Module/install/shm_cpp/lib/libshm_cpp__rosidl_typesupport_introspection_c.so
-- Up-to-date: /home/tss8117/Desktop/tirth_ws/AISD_Trainee_Module/install/shm_cpp/lib/libshm_cpp__rosidl_typesupport_c.so
-- Up-to-date: /home/tss8117/Desktop/tirth_ws/AISD_Trainee_Module/install/shm_cpp/include/shm_cpp/shm_cpp
-- Up-to-date: /home/tss8117/Desktop/tirth_ws/AISD_Trainee_Module/install/shm_cpp/include/shm_cpp/shm_cpp/srv
-- Up-to-date: /home/tss8117/Desktop/tirth_ws/AISD_Trainee_Module/install/shm_cpp/include/shm_cpp/shm_cpp/srv/detail
-- Up-to-date: /home/tss8117/Desktop/tirth_ws/AISD_Trainee_Module/install/shm_cpp/include/shm_cpp/shm_cpp/srv/detail/set_spring__rosidl_typesupport_introspection_cpp.hpp
-- Up-to-date: /home/tss8117/Desktop/tirth_ws/AISD_Trainee_Module/install/shm_cpp/include/shm_cpp/shm_cpp/srv/detail/set_spring__type_support.cpp
-- Up-to-date: /home/tss8117/Desktop/tirth_ws/AISD_Trainee_Module/install/shm_cpp/lib/libshm_cpp__rosidl_typesupport_introspection_cpp.so
-- Up-to-date: /home/tss8117/Desktop/tirth_ws/AISD_Trainee_Module/install/shm_cpp/lib/libshm_cpp__rosidl_typesupport_cpp.so
-- Up-to-date: /home/tss8117/Desktop/tirth_ws/AISD_Trainee_Module/install/shm_cpp/share/shm_cpp/environment/pythonpath.sh
-- Up-to-date: /home/tss8117/Desktop/tirth_ws/AISD_Trainee_Module/install/shm_cpp/share/shm_cpp/environment/pythonpath.dsv
-- Up-to-date: /home/tss8117/Desktop/tirth_ws/AISD_Trainee_Module/install/shm_cpp/local/lib/python3.10/dist-packages/shm_cpp-0.0.0-py3.10.egg-info
-- Installing: /home/tss8117/Desktop/tirth_ws/AISD_Trainee_Module/install/shm_cpp/local/lib/python3.10/dist-packages/shm_cpp-0.0.0-py3.10.egg-info/top_level.txt
-- Installing: /home/tss8117/Desktop/tirth_ws/AISD_Trainee_Module/install/shm_cpp/local/lib/python3.10/dist-packages/shm_cpp-0.0.0-py3.10.egg-info/SOURCES.txt
-- Installing: /home/tss8117/Desktop/tirth_ws/AISD_Trainee_Module/install/shm_cpp/local/lib/python3.10/dist-packages/shm_cpp-0.0.0-py3.10.egg-info/dependency_links.txt
-- Installing: /home/tss8117/Desktop/tirth_ws/AISD_Trainee_Module/install/shm_cpp/local/lib/python3.10/dist-packages/shm_cpp-0.0.0-py3.10.egg-info/PKG-INFO
-- Up-to-date: /home/tss8117/Desktop/tirth_ws/AISD_Trainee_Module/install/shm_cpp/local/lib/python3.10/dist-packages/shm_cpp
-- Up-to-date: /home/tss8117/Desktop/tirth_ws/AISD_Trainee_Module/install/shm_cpp/local/lib/python3.10/dist-packages/shm_cpp/_shm_cpp_s.ep.rosidl_typesupport_c.c
-- Up-to-date: /home/tss8117/Desktop/tirth_ws/AISD_Trainee_Module/install/shm_cpp/local/lib/python3.10/dist-packages/shm_cpp/_shm_cpp_s.ep.rosidl_typesupport_fastrtps_c.c
-- Up-to-date: /home/tss8117/Desktop/tirth_ws/AISD_Trainee_Module/install/shm_cpp/local/lib/python3.10/dist-packages/shm_cpp/shm_cpp_s__rosidl_typesupport_c.cpython-310-aarch64-linux-gnu.so
-- Up-to-date: /home/tss8117/Desktop/tirth_ws/AISD_Trainee_Module/install/shm_cpp/local/lib/python3.10/dist-packages/shm_cpp/shm_cpp_s__rosidl_typesupport_introspection_c.cpython-310-aarch64-linux-gnu.so
-- Up-to-date: /home/tss8117/Desktop/tirth_ws/AISD_Trainee_Module/install/shm_cpp/local/lib/python3.10/dist-packages/shm_cpp/libshm_cpp__rosidl_generator_py.so
-- Up-to-date: /home/tss8117/Desktop/tirth_ws/AISD_Trainee_Module/install/shm_cpp/local/lib/python3.10/dist-packages/shm_cpp/shm_cpp_s__rosidl_typesupport_fastrtps_c.cpython-310-aarch64-linux-gnu.so
-- Up-to-date: /home/tss8117/Desktop/tirth_ws/AISD_Trainee_Module/install/shm_cpp/local/lib/python3.10/dist-packages/shm_cpp/__init__.py
-- Up-to-date: /home/tss8117/Desktop/tirth_ws/AISD_Trainee_Module/install/shm_cpp/local/lib/python3.10/dist-packages/shm_cpp/_shm_cpp_s.ep.rosidl_typesupport_introspection_c.c
-- Up-to-date: /home/tss8117/Desktop/tirth_ws/AISD_Trainee_Module/install/shm_cpp/local/lib/python3.10/dist-packages/shm_cpp/srv
-- Up-to-date: /home/tss8117/Desktop/tirth_ws/AISD_Trainee_Module/install/shm_cpp/local/lib/python3.10/dist-packages/shm_cpp/srv/_set_spring.py
-- Up-to-date: /home/tss8117/Desktop/tirth_ws/AISD_Trainee_Module/install/shm_cpp/local/lib/python3.10/dist-packages/shm_cpp/srv/__init__.py
-- Up-to-date: /home/tss8117/Desktop/tirth_ws/AISD_Trainee_Module/install/shm_cpp/local/lib/python3.10/dist-packages/shm_cpp/srv/_set_spring_s.c
Listing '/home/tss8117/Desktop/tirth_ws/AISD_Trainee_Module/install/shm_cpp/local/lib/python3.10/dist-packages/shm_cpp'...
Listing '/home/tss8117/Desktop/tirth_ws/AISD_Trainee_Module/install/shm_cpp/local/lib/python3.10/dist-packages/shm_cpp/srv'...
-- Up-to-date: /home/tss8117/Desktop/tirth_ws/AISD_Trainee_Module/install/shm_cpp/local/lib/python3.10/dist-packages/shm_cpp/shm_cpp_s__rosidl_typesupport_fastrtps_c.cpython-310-aarch64-linux-gnu.so
-- Up-to-date: /home/tss8117/Desktop/tirth_ws/AISD_Trainee_Module/install/shm_cpp/local/lib/python3.10/dist-packages/shm_cpp/shm_cpp_s__rosidl_typesupport_introspection_c.cpython-310-aarch64-linux-gnu.so
-- Up-to-date: /home/tss8117/Desktop/tirth_ws/AISD_Trainee_Module/install/shm_cpp/local/lib/python3.10/dist-packages/shm_cpp/shm_cpp_s__rosidl_typesupport_c.cpython-310-aarch64-linux-gnu.so
-- Up-to-date: /home/tss8117/Desktop/tirth_ws/AISD_Trainee_Module/install/shm_cpp/lib/libshm_cpp__rosidl_generator_py.so
-- Up-to-date: /home/tss8117/Desktop/tirth_ws/AISD_Trainee_Module/install/shm_cpp/share/shm_cpp/srv/SetSpring.idl
-- Up-to-date: /home/tss8117/Desktop/tirth_ws/AISD_Trainee_Module/install/shm_cpp/share/shm_cpp/srv/SetSpring.srv
-- Up-to-date: /home/tss8117/Desktop/tirth_ws/AISD_Trainee_Module/install/shm_cpp/share/shm_cpp/srv/SetSpring_Request.msg
-- Up-to-date: /home/tss8117/Desktop/tirth_ws/AISD_Trainee_Module/install/shm_cpp/share/shm_cpp/srv/SetSpring_Response.msg
-- Up-to-date: /home/tss8117/Desktop/tirth_ws/AISD_Trainee_Module/install/shm_cpp/lib/shm_cpp/position_publisher
-- Up-to-date: /home/tss8117/Desktop/tirth_ws/AISD_Trainee_Module/install/shm_cpp/lib/shm_cpp/visualize_marker
-- Up-to-date: /home/tss8117/Desktop/tirth_ws/AISD_Trainee_Module/install/shm_cpp/share/ament_index/resource_index/package_run_dependencies/shm_cpp
-- Up-to-date: /home/tss8117/Desktop/tirth_ws/AISD_Trainee_Module/install/shm_cpp/share/ament_index/resource_index/parent_prefix_path/shm_cpp
-- Up-to-date: /home/tss8117/Desktop/tirth_ws/AISD_Trainee_Module/install/shm_cpp/share/shm_cpp/environment/ament_prefix_path.sh
-- Up-to-date: /home/tss8117/Desktop/tirth_ws/AISD_Trainee_Module/install/shm_cpp/share/shm_cpp/environment/ament_prefix_path.dsv
-- Up-to-date: /home/tss8117/Desktop/tirth_ws/AISD_Trainee_Module/install/shm_cpp/share/shm_cpp/environment/path.sh
-- Up-to-date: /home/tss8117/Desktop/tirth_ws/AISD_Trainee_Module/install/shm_cpp/share/shm_cpp/environment/path.dsv
-- Up-to-date: /home/tss8117/Desktop/tirth_ws/AISD_Trainee_Module/install/shm_cpp/share/shm_cpp/local_setup.bash
-- Up-to-date: /home/tss8117/Desktop/tirth_ws/AISD_Trainee_Module/install/shm_cpp/share/shm_cpp/local_setup.sh
-- Up-to-date: /home/tss8117/Desktop/tirth_ws/AISD_Trainee_Module/install/shm_cpp/share/shm_cpp/local_setup.zsh
-- Up-to-date: /home/tss8117/Desktop/tirth_ws/AISD_Trainee_Module/install/shm_cpp/share/shm_cpp/local_setup.dsv
-- Installing: /home/tss8117/Desktop/tirth_ws/AISD_Trainee_Module/install/shm_cpp/share/shm_cpp/package.dsv
-- Up-to-date: /home/tss8117/Desktop/tirth_ws/AISD_Trainee_Module/install/shm_cpp/share/ament_index/resource_index/packages/shm_cpp
-- Up-to-date: /home/tss8117/Desktop/tirth_ws/AISD_Trainee_Module/install/shm_cpp/share/shm_cpp/cmake/export_shm_cpp__rosidl_generator_cExport.cmake
-- Up-to-date: /home/tss8117/Desktop/tirth_ws/AISD_Trainee_Module/install/shm_cpp/share/shm_cpp/cmake/export_shm_cpp__rosidl_generator_cExport-noconfig.cmake
-- Up-to-date: /home/tss8117/Desktop/tirth_ws/AISD_Trainee_Module/install/shm_cpp/share/shm_cpp/cmake/export_shm_cpp__rosidl_typesupport_fastrtps_cExport.cmake
-- Up-to-date: /home/tss8117/Desktop/tirth_ws/AISD_Trainee_Module/install/shm_cpp/share/shm_cpp/cmake/export_shm_cpp__rosidl_typesupport_fastrtps_cExport-noconfig.cmake
-- Up-to-date: /home/tss8117/Desktop/tirth_ws/AISD_Trainee_Module/install/shm_cpp/share/shm_cpp/cmake/export_shm_cpp__rosidl_generator_cppExport.cmake
-- Up-to-date: /home/tss8117/Desktop/tirth_ws/AISD_Trainee_Module/install/shm_cpp/share/shm_cpp/cmake/export_shm_cpp__rosidl_typesupport_fastrtps_cppExport.cmake
-- Up-to-date: /home/tss8117/Desktop/tirth_ws/AISD_Trainee_Module/install/shm_cpp/share/shm_cpp/cmake/export_shm_cpp__rosidl_typesupport_fastrtps_cppExport-noconfig.cmake
-- Up-to-date: /home/tss8117/Desktop/tirth_ws/AISD_Trainee_Module/install/shm_cpp/share/shm_cpp/cmake/shm_cpp__rosidl_typesupport_introspection_cExport.cmake
-- Up-to-date: /home/tss8117/Desktop/tirth_ws/AISD_Trainee_Module/install/shm_cpp/share/shm_cpp/cmake/shm_cpp__rosidl_typesupport_introspection_cExport-noconfig.cmake
-- Up-to-date: /home/tss8117/Desktop/tirth_ws/AISD_Trainee_Module/install/shm_cpp/share/shm_cpp/cmake/shm_cpp__rosidl_typesupport_cExport.cmake
-- Up-to-date: /home/tss8117/Desktop/tirth_ws/AISD_Trainee_Module/install/shm_cpp/share/shm_cpp/cmake/shm_cpp__rosidl_typesupport_cExport-noconfig.cmake
-- Up-to-date: /home/tss8117/Desktop/tirth_ws/AISD_Trainee_Module/install/shm_cpp/share/shm_cpp/cmake/shm_cpp__rosidl_typesupport_introspection_cppExport.cmake
-- Up-to-date: /home/tss8117/Desktop/tirth_ws/AISD_Trainee_Module/install/shm_cpp/share/shm_cpp/cmake/shm_cpp__rosidl_typesupport_introspection_cppExport-noconfig.cmake
-- Up-to-date: /home/tss8117/Desktop/tirth_ws/AISD_Trainee_Module/install/shm_cpp/share/shm_cpp/cmake/shm_cpp__rosidl_typesupport_cppExport.cmake
-- Up-to-date: /home/tss8117/Desktop/tirth_ws/AISD_Trainee_Module/install/shm_cpp/share/shm_cpp/cmake/shm_cpp__rosidl_typesupport_cppExport-noconfig.cmake
-- Up-to-date: /home/tss8117/Desktop/tirth_ws/AISD_Trainee_Module/install/shm_cpp/share/shm_cpp/cmake/export_shm_cpp__rosidl_generator_pyExport.cmake
-- Up-to-date: /home/tss8117/Desktop/tirth_ws/AISD_Trainee_Module/install/shm_cpp/share/shm_cpp/cmake/export_shm_cpp__rosidl_generator_pyExport-noconfig.cmake
-- Up-to-date: /home/tss8117/Desktop/tirth_ws/AISD_Trainee_Module/install/shm_cpp/share/shm_cpp/cmake/rosidl_cmake-extras.cmake
-- Up-to-date: /home/tss8117/Desktop/tirth_ws/AISD_Trainee_Module/install/shm_cpp/share/shm_cpp/cmake/ament_cmake_export_include_directories-extras.cmake
-- Up-to-date: /home/tss8117/Desktop/tirth_ws/AISD_Trainee_Module/install/shm_cpp/share/shm_cpp/cmake/ament_cmake_export_libraries-extras.cmake
-- Up-to-date: /home/tss8117/Desktop/tirth_ws/AISD_Trainee_Module/install/shm_cpp/share/shm_cpp/cmake/ament_cmake_export_targets-extras.cmake
-- Up-to-date: /home/tss8117/Desktop/tirth_ws/AISD_Trainee_Module/install/shm_cpp/share/shm_cpp/cmake/rosidl_cmake_export_typesupport_targets-extras.cmake
-- Up-to-date: /home/tss8117/Desktop/tirth_ws/AISD_Trainee_Module/install/shm_cpp/share/shm_cpp/cmake/ament_cmake_export_dependencies-extras.cmake
-- Up-to-date: /home/tss8117/Desktop/tirth_ws/AISD_Trainee_Module/install/shm_cpp/share/shm_cpp/cmake/rosidl_cmake_export_typesupport_libraries-extras.cmake
-- Up-to-date: /home/tss8117/Desktop/tirth_ws/AISD_Trainee_Module/install/shm_cpp/share/shm_cpp/cmake/shm_cppConfig.cmake
-- Up-to-date: /home/tss8117/Desktop/tirth_ws/AISD_Trainee_Module/install/shm_cpp/share/shm_cpp/cmake/shm_cppConfig-version.cmake
-- Up-to-date: /home/tss8117/Desktop/tirth_ws/AISD_Trainee_Module/install/shm_cpp/share/shm_cpp/package.xml
