[0.503s] Invoking command in '/home/tss8117/Desktop/tirth_ws/AISD_Trainee_Module/build/shm_cpp': CMAKE_PREFIX_PATH=${CMAKE_PREFIX_PATH}:/home/tss8117/Desktop/tirth_ws/AISD_Trainee_Module/install/my_robot_controller:/home/tss8117/Desktop/tirth_ws/AISD_Trainee_Module/install/handshake:/home/tss8117/ros2_ws/src/install/my_robot_controller:/home/tss8117/ros2_ws/src/install/handshake:/home/tss8117/ros2_ws/src/install/SHM:/opt/ros/humble /usr/bin/cmake --build /home/tss8117/Desktop/tirth_ws/AISD_Trainee_Module/build/shm_cpp -- -j4 -l4
[0.577s] [35m[1mConsolidate compiler generated dependencies of target visualize_marker[0m
[0.581s] [35m[1mConsolidate compiler generated dependencies of target shm_cpp__rosidl_generator_c[0m
[0.593s] [  8%] Built target shm_cpp__rosidl_generator_c
[0.603s] [ 11%] Built target shm_cpp__cpp
[0.627s] [35m[1mConsolidate compiler generated dependencies of target shm_cpp__rosidl_typesupport_fastrtps_c[0m
[0.634s] [35m[1mConsolidate compiler generated dependencies of target shm_cpp__rosidl_typesupport_introspection_c[0m
[0.641s] [ 11%] Built target ament_cmake_python_copy_shm_cpp
[0.649s] [ 17%] Built target visualize_marker
[0.650s] [ 25%] Built target shm_cpp__rosidl_typesupport_fastrtps_c
[0.661s] [ 34%] Built target shm_cpp__rosidl_typesupport_introspection_c
[0.666s] [35m[1mConsolidate compiler generated dependencies of target shm_cpp__rosidl_typesupport_introspection_cpp[0m
[0.675s] [35m[1mConsolidate compiler generated dependencies of target shm_cpp__rosidl_typesupport_c[0m
[0.687s] [35m[1mConsolidate compiler generated dependencies of target shm_cpp__rosidl_typesupport_cpp[0m
[0.699s] [ 42%] Built target shm_cpp__rosidl_typesupport_introspection_cpp
[0.700s] [ 51%] Built target shm_cpp__rosidl_typesupport_c
[0.713s] [ 60%] Built target shm_cpp__rosidl_typesupport_cpp
[0.731s] [35m[1mConsolidate compiler generated dependencies of target shm_cpp__rosidl_typesupport_fastrtps_cpp[0m
[0.768s] [ 68%] Built target shm_cpp__rosidl_typesupport_fastrtps_cpp
[0.787s] [ 68%] Built target shm_cpp
[0.800s] [35m[1mConsolidate compiler generated dependencies of target position_publisher[0m
[0.823s] [ 71%] Built target shm_cpp__py
[0.834s] [35m[1mConsolidate compiler generated dependencies of target shm_cpp__rosidl_generator_py[0m
[0.847s] [ 77%] Built target shm_cpp__rosidl_generator_py
[0.852s] [ 82%] Built target position_publisher
[0.862s] [35m[1mConsolidate compiler generated dependencies of target shm_cpp__rosidl_typesupport_c__pyext[0m
[0.870s] [35m[1mConsolidate compiler generated dependencies of target shm_cpp__rosidl_typesupport_fastrtps_c__pyext[0m
[0.886s] [35m[1mConsolidate compiler generated dependencies of target shm_cpp__rosidl_typesupport_introspection_c__pyext[0m
[0.886s] [ 94%] Built target shm_cpp__rosidl_typesupport_fastrtps_c__pyext
[0.889s] [ 88%] Built target shm_cpp__rosidl_typesupport_c__pyext
[0.900s] [100%] Built target shm_cpp__rosidl_typesupport_introspection_c__pyext
[1.000s] running egg_info
[1.001s] writing shm_cpp.egg-info/PKG-INFO
[1.002s] writing dependency_links to shm_cpp.egg-info/dependency_links.txt
[1.003s] writing top-level names to shm_cpp.egg-info/top_level.txt
[1.005s] reading manifest file 'shm_cpp.egg-info/SOURCES.txt'
[1.006s] writing manifest file 'shm_cpp.egg-info/SOURCES.txt'
[1.041s] [100%] Built target ament_cmake_python_build_shm_cpp_egg
[1.068s] Invoked command in '/home/tss8117/Desktop/tirth_ws/AISD_Trainee_Module/build/shm_cpp' returned '0': CMAKE_PREFIX_PATH=${CMAKE_PREFIX_PATH}:/home/tss8117/Desktop/tirth_ws/AISD_Trainee_Module/install/my_robot_controller:/home/tss8117/Desktop/tirth_ws/AISD_Trainee_Module/install/handshake:/home/tss8117/ros2_ws/src/install/my_robot_controller:/home/tss8117/ros2_ws/src/install/handshake:/home/tss8117/ros2_ws/src/install/SHM:/opt/ros/humble /usr/bin/cmake --build /home/tss8117/Desktop/tirth_ws/AISD_Trainee_Module/build/shm_cpp -- -j4 -l4
[1.069s] Invoking command in '/home/tss8117/Desktop/tirth_ws/AISD_Trainee_Module/build/shm_cpp': CMAKE_PREFIX_PATH=${CMAKE_PREFIX_PATH}:/home/tss8117/Desktop/tirth_ws/AISD_Trainee_Module/install/my_robot_controller:/home/tss8117/Desktop/tirth_ws/AISD_Trainee_Module/install/handshake:/home/tss8117/ros2_ws/src/install/my_robot_controller:/home/tss8117/ros2_ws/src/install/handshake:/home/tss8117/ros2_ws/src/install/SHM:/opt/ros/humble /usr/bin/cmake --install /home/tss8117/Desktop/tirth_ws/AISD_Trainee_Module/build/shm_cpp
[1.077s] -- Install configuration: ""
[1.078s] -- Up-to-date: /home/tss8117/Desktop/tirth_ws/AISD_Trainee_Module/install/shm_cpp/share/ament_index/resource_index/rosidl_interfaces/shm_cpp
[1.078s] -- Up-to-date: /home/tss8117/Desktop/tirth_ws/AISD_Trainee_Module/install/shm_cpp/include/shm_cpp/shm_cpp
[1.078s] -- Up-to-date: /home/tss8117/Desktop/tirth_ws/AISD_Trainee_Module/install/shm_cpp/include/shm_cpp/shm_cpp/srv
[1.078s] -- Up-to-date: /home/tss8117/Desktop/tirth_ws/AISD_Trainee_Module/install/shm_cpp/include/shm_cpp/shm_cpp/srv/set_spring.h
[1.079s] -- Up-to-date: /home/tss8117/Desktop/tirth_ws/AISD_Trainee_Module/install/shm_cpp/include/shm_cpp/shm_cpp/srv/detail
[1.079s] -- Up-to-date: /home/tss8117/Desktop/tirth_ws/AISD_Trainee_Module/install/shm_cpp/include/shm_cpp/shm_cpp/srv/detail/set_spring__functions.h
[1.079s] -- Up-to-date: /home/tss8117/Desktop/tirth_ws/AISD_Trainee_Module/install/shm_cpp/include/shm_cpp/shm_cpp/srv/detail/set_spring__functions.c
[1.079s] -- Up-to-date: /home/tss8117/Desktop/tirth_ws/AISD_Trainee_Module/install/shm_cpp/include/shm_cpp/shm_cpp/srv/detail/set_spring__type_support.h
[1.079s] -- Up-to-date: /home/tss8117/Desktop/tirth_ws/AISD_Trainee_Module/install/shm_cpp/include/shm_cpp/shm_cpp/srv/detail/set_spring__struct.h
[1.080s] -- Up-to-date: /home/tss8117/Desktop/tirth_ws/AISD_Trainee_Module/install/shm_cpp/include/shm_cpp/shm_cpp/msg
[1.080s] -- Up-to-date: /home/tss8117/Desktop/tirth_ws/AISD_Trainee_Module/install/shm_cpp/include/shm_cpp/shm_cpp/msg/rosidl_generator_c__visibility_control.h
[1.080s] -- Up-to-date: /home/tss8117/Desktop/tirth_ws/AISD_Trainee_Module/install/shm_cpp/share/shm_cpp/environment/library_path.sh
[1.080s] -- Up-to-date: /home/tss8117/Desktop/tirth_ws/AISD_Trainee_Module/install/shm_cpp/share/shm_cpp/environment/library_path.dsv
[1.080s] -- Up-to-date: /home/tss8117/Desktop/tirth_ws/AISD_Trainee_Module/install/shm_cpp/lib/libshm_cpp__rosidl_generator_c.so
[1.081s] -- Up-to-date: /home/tss8117/Desktop/tirth_ws/AISD_Trainee_Module/install/shm_cpp/include/shm_cpp/shm_cpp
[1.081s] -- Up-to-date: /home/tss8117/Desktop/tirth_ws/AISD_Trainee_Module/install/shm_cpp/include/shm_cpp/shm_cpp/srv
[1.081s] -- Up-to-date: /home/tss8117/Desktop/tirth_ws/AISD_Trainee_Module/install/shm_cpp/include/shm_cpp/shm_cpp/srv/detail
[1.081s] -- Up-to-date: /home/tss8117/Desktop/tirth_ws/AISD_Trainee_Module/install/shm_cpp/include/shm_cpp/shm_cpp/srv/detail/set_spring__rosidl_typesupport_fastrtps_c.h
[1.081s] -- Up-to-date: /home/tss8117/Desktop/tirth_ws/AISD_Trainee_Module/install/shm_cpp/include/shm_cpp/shm_cpp/msg
[1.081s] -- Up-to-date: /home/tss8117/Desktop/tirth_ws/AISD_Trainee_Module/install/shm_cpp/include/shm_cpp/shm_cpp/msg/rosidl_typesupport_fastrtps_c__visibility_control.h
[1.081s] -- Up-to-date: /home/tss8117/Desktop/tirth_ws/AISD_Trainee_Module/install/shm_cpp/lib/libshm_cpp__rosidl_typesupport_fastrtps_c.so
[1.082s] -- Up-to-date: /home/tss8117/Desktop/tirth_ws/AISD_Trainee_Module/install/shm_cpp/include/shm_cpp/shm_cpp
[1.082s] -- Up-to-date: /home/tss8117/Desktop/tirth_ws/AISD_Trainee_Module/install/shm_cpp/include/shm_cpp/shm_cpp/srv
[1.082s] -- Up-to-date: /home/tss8117/Desktop/tirth_ws/AISD_Trainee_Module/install/shm_cpp/include/shm_cpp/shm_cpp/srv/detail
[1.082s] -- Up-to-date: /home/tss8117/Desktop/tirth_ws/AISD_Trainee_Module/install/shm_cpp/include/shm_cpp/shm_cpp/srv/detail/set_spring__type_support.hpp
[1.082s] -- Up-to-date: /home/tss8117/Desktop/tirth_ws/AISD_Trainee_Module/install/shm_cpp/include/shm_cpp/shm_cpp/srv/detail/set_spring__traits.hpp
[1.082s] -- Up-to-date: /home/tss8117/Desktop/tirth_ws/AISD_Trainee_Module/install/shm_cpp/include/shm_cpp/shm_cpp/srv/detail/set_spring__struct.hpp
[1.082s] -- Up-to-date: /home/tss8117/Desktop/tirth_ws/AISD_Trainee_Module/install/shm_cpp/include/shm_cpp/shm_cpp/srv/detail/set_spring__builder.hpp
[1.082s] -- Up-to-date: /home/tss8117/Desktop/tirth_ws/AISD_Trainee_Module/install/shm_cpp/include/shm_cpp/shm_cpp/srv/set_spring.hpp
[1.082s] -- Up-to-date: /home/tss8117/Desktop/tirth_ws/AISD_Trainee_Module/install/shm_cpp/include/shm_cpp/shm_cpp/msg
[1.083s] -- Up-to-date: /home/tss8117/Desktop/tirth_ws/AISD_Trainee_Module/install/shm_cpp/include/shm_cpp/shm_cpp/msg/rosidl_generator_cpp__visibility_control.hpp
[1.083s] -- Up-to-date: /home/tss8117/Desktop/tirth_ws/AISD_Trainee_Module/install/shm_cpp/include/shm_cpp/shm_cpp
[1.083s] -- Up-to-date: /home/tss8117/Desktop/tirth_ws/AISD_Trainee_Module/install/shm_cpp/include/shm_cpp/shm_cpp/srv
[1.083s] -- Up-to-date: /home/tss8117/Desktop/tirth_ws/AISD_Trainee_Module/install/shm_cpp/include/shm_cpp/shm_cpp/srv/detail
[1.083s] -- Up-to-date: /home/tss8117/Desktop/tirth_ws/AISD_Trainee_Module/install/shm_cpp/include/shm_cpp/shm_cpp/srv/detail/dds_fastrtps
[1.083s] -- Up-to-date: /home/tss8117/Desktop/tirth_ws/AISD_Trainee_Module/install/shm_cpp/include/shm_cpp/shm_cpp/srv/detail/set_spring__rosidl_typesupport_fastrtps_cpp.hpp
[1.083s] -- Up-to-date: /home/tss8117/Desktop/tirth_ws/AISD_Trainee_Module/install/shm_cpp/include/shm_cpp/shm_cpp/msg
[1.083s] -- Up-to-date: /home/tss8117/Desktop/tirth_ws/AISD_Trainee_Module/install/shm_cpp/include/shm_cpp/shm_cpp/msg/rosidl_typesupport_fastrtps_cpp__visibility_control.h
[1.083s] -- Up-to-date: /home/tss8117/Desktop/tirth_ws/AISD_Trainee_Module/install/shm_cpp/lib/libshm_cpp__rosidl_typesupport_fastrtps_cpp.so
[1.083s] -- Up-to-date: /home/tss8117/Desktop/tirth_ws/AISD_Trainee_Module/install/shm_cpp/include/shm_cpp/shm_cpp
[1.083s] -- Up-to-date: /home/tss8117/Desktop/tirth_ws/AISD_Trainee_Module/install/shm_cpp/include/shm_cpp/shm_cpp/srv
[1.084s] -- Up-to-date: /home/tss8117/Desktop/tirth_ws/AISD_Trainee_Module/install/shm_cpp/include/shm_cpp/shm_cpp/srv/detail
[1.084s] -- Up-to-date: /home/tss8117/Desktop/tirth_ws/AISD_Trainee_Module/install/shm_cpp/include/shm_cpp/shm_cpp/srv/detail/set_spring__rosidl_typesupport_introspection_c.h
[1.084s] -- Up-to-date: /home/tss8117/Desktop/tirth_ws/AISD_Trainee_Module/install/shm_cpp/include/shm_cpp/shm_cpp/srv/detail/set_spring__type_support.c
[1.084s] -- Up-to-date: /home/tss8117/Desktop/tirth_ws/AISD_Trainee_Module/install/shm_cpp/include/shm_cpp/shm_cpp/msg
[1.084s] -- Up-to-date: /home/tss8117/Desktop/tirth_ws/AISD_Trainee_Module/install/shm_cpp/include/shm_cpp/shm_cpp/msg/rosidl_typesupport_introspection_c__visibility_control.h
[1.084s] -- Up-to-date: /home/tss8117/Desktop/tirth_ws/AISD_Trainee_Module/install/shm_cpp/lib/libshm_cpp__rosidl_typesupport_introspection_c.so
[1.084s] -- Up-to-date: /home/tss8117/Desktop/tirth_ws/AISD_Trainee_Module/install/shm_cpp/lib/libshm_cpp__rosidl_typesupport_c.so
[1.084s] -- Up-to-date: /home/tss8117/Desktop/tirth_ws/AISD_Trainee_Module/install/shm_cpp/include/shm_cpp/shm_cpp
[1.084s] -- Up-to-date: /home/tss8117/Desktop/tirth_ws/AISD_Trainee_Module/install/shm_cpp/include/shm_cpp/shm_cpp/srv
[1.084s] -- Up-to-date: /home/tss8117/Desktop/tirth_ws/AISD_Trainee_Module/install/shm_cpp/include/shm_cpp/shm_cpp/srv/detail
[1.084s] -- Up-to-date: /home/tss8117/Desktop/tirth_ws/AISD_Trainee_Module/install/shm_cpp/include/shm_cpp/shm_cpp/srv/detail/set_spring__rosidl_typesupport_introspection_cpp.hpp
[1.084s] -- Up-to-date: /home/tss8117/Desktop/tirth_ws/AISD_Trainee_Module/install/shm_cpp/include/shm_cpp/shm_cpp/srv/detail/set_spring__type_support.cpp
[1.085s] -- Up-to-date: /home/tss8117/Desktop/tirth_ws/AISD_Trainee_Module/install/shm_cpp/lib/libshm_cpp__rosidl_typesupport_introspection_cpp.so
[1.085s] -- Up-to-date: /home/tss8117/Desktop/tirth_ws/AISD_Trainee_Module/install/shm_cpp/lib/libshm_cpp__rosidl_typesupport_cpp.so
[1.085s] -- Up-to-date: /home/tss8117/Desktop/tirth_ws/AISD_Trainee_Module/install/shm_cpp/share/shm_cpp/environment/pythonpath.sh
[1.085s] -- Up-to-date: /home/tss8117/Desktop/tirth_ws/AISD_Trainee_Module/install/shm_cpp/share/shm_cpp/environment/pythonpath.dsv
[1.085s] -- Up-to-date: /home/tss8117/Desktop/tirth_ws/AISD_Trainee_Module/install/shm_cpp/local/lib/python3.10/dist-packages/shm_cpp-0.0.0-py3.10.egg-info
[1.086s] -- Installing: /home/tss8117/Desktop/tirth_ws/AISD_Trainee_Module/install/shm_cpp/local/lib/python3.10/dist-packages/shm_cpp-0.0.0-py3.10.egg-info/top_level.txt
[1.086s] -- Installing: /home/tss8117/Desktop/tirth_ws/AISD_Trainee_Module/install/shm_cpp/local/lib/python3.10/dist-packages/shm_cpp-0.0.0-py3.10.egg-info/SOURCES.txt
[1.086s] -- Installing: /home/tss8117/Desktop/tirth_ws/AISD_Trainee_Module/install/shm_cpp/local/lib/python3.10/dist-packages/shm_cpp-0.0.0-py3.10.egg-info/dependency_links.txt
[1.086s] -- Installing: /home/tss8117/Desktop/tirth_ws/AISD_Trainee_Module/install/shm_cpp/local/lib/python3.10/dist-packages/shm_cpp-0.0.0-py3.10.egg-info/PKG-INFO
[1.086s] -- Up-to-date: /home/tss8117/Desktop/tirth_ws/AISD_Trainee_Module/install/shm_cpp/local/lib/python3.10/dist-packages/shm_cpp
[1.086s] -- Up-to-date: /home/tss8117/Desktop/tirth_ws/AISD_Trainee_Module/install/shm_cpp/local/lib/python3.10/dist-packages/shm_cpp/_shm_cpp_s.ep.rosidl_typesupport_c.c
[1.086s] -- Up-to-date: /home/tss8117/Desktop/tirth_ws/AISD_Trainee_Module/install/shm_cpp/local/lib/python3.10/dist-packages/shm_cpp/_shm_cpp_s.ep.rosidl_typesupport_fastrtps_c.c
[1.086s] -- Up-to-date: /home/tss8117/Desktop/tirth_ws/AISD_Trainee_Module/install/shm_cpp/local/lib/python3.10/dist-packages/shm_cpp/shm_cpp_s__rosidl_typesupport_c.cpython-310-aarch64-linux-gnu.so
[1.087s] -- Up-to-date: /home/tss8117/Desktop/tirth_ws/AISD_Trainee_Module/install/shm_cpp/local/lib/python3.10/dist-packages/shm_cpp/shm_cpp_s__rosidl_typesupport_introspection_c.cpython-310-aarch64-linux-gnu.so
[1.087s] -- Up-to-date: /home/tss8117/Desktop/tirth_ws/AISD_Trainee_Module/install/shm_cpp/local/lib/python3.10/dist-packages/shm_cpp/libshm_cpp__rosidl_generator_py.so
[1.087s] -- Up-to-date: /home/tss8117/Desktop/tirth_ws/AISD_Trainee_Module/install/shm_cpp/local/lib/python3.10/dist-packages/shm_cpp/shm_cpp_s__rosidl_typesupport_fastrtps_c.cpython-310-aarch64-linux-gnu.so
[1.087s] -- Up-to-date: /home/tss8117/Desktop/tirth_ws/AISD_Trainee_Module/install/shm_cpp/local/lib/python3.10/dist-packages/shm_cpp/__init__.py
[1.087s] -- Up-to-date: /home/tss8117/Desktop/tirth_ws/AISD_Trainee_Module/install/shm_cpp/local/lib/python3.10/dist-packages/shm_cpp/_shm_cpp_s.ep.rosidl_typesupport_introspection_c.c
[1.087s] -- Up-to-date: /home/tss8117/Desktop/tirth_ws/AISD_Trainee_Module/install/shm_cpp/local/lib/python3.10/dist-packages/shm_cpp/srv
[1.087s] -- Up-to-date: /home/tss8117/Desktop/tirth_ws/AISD_Trainee_Module/install/shm_cpp/local/lib/python3.10/dist-packages/shm_cpp/srv/_set_spring.py
[1.088s] -- Up-to-date: /home/tss8117/Desktop/tirth_ws/AISD_Trainee_Module/install/shm_cpp/local/lib/python3.10/dist-packages/shm_cpp/srv/__init__.py
[1.088s] -- Up-to-date: /home/tss8117/Desktop/tirth_ws/AISD_Trainee_Module/install/shm_cpp/local/lib/python3.10/dist-packages/shm_cpp/srv/_set_spring_s.c
[1.138s] Listing '/home/tss8117/Desktop/tirth_ws/AISD_Trainee_Module/install/shm_cpp/local/lib/python3.10/dist-packages/shm_cpp'...
[1.139s] Listing '/home/tss8117/Desktop/tirth_ws/AISD_Trainee_Module/install/shm_cpp/local/lib/python3.10/dist-packages/shm_cpp/srv'...
[1.145s] -- Up-to-date: /home/tss8117/Desktop/tirth_ws/AISD_Trainee_Module/install/shm_cpp/local/lib/python3.10/dist-packages/shm_cpp/shm_cpp_s__rosidl_typesupport_fastrtps_c.cpython-310-aarch64-linux-gnu.so
[1.146s] -- Up-to-date: /home/tss8117/Desktop/tirth_ws/AISD_Trainee_Module/install/shm_cpp/local/lib/python3.10/dist-packages/shm_cpp/shm_cpp_s__rosidl_typesupport_introspection_c.cpython-310-aarch64-linux-gnu.so
[1.147s] -- Up-to-date: /home/tss8117/Desktop/tirth_ws/AISD_Trainee_Module/install/shm_cpp/local/lib/python3.10/dist-packages/shm_cpp/shm_cpp_s__rosidl_typesupport_c.cpython-310-aarch64-linux-gnu.so
[1.147s] -- Up-to-date: /home/tss8117/Desktop/tirth_ws/AISD_Trainee_Module/install/shm_cpp/lib/libshm_cpp__rosidl_generator_py.so
[1.148s] -- Up-to-date: /home/tss8117/Desktop/tirth_ws/AISD_Trainee_Module/install/shm_cpp/share/shm_cpp/srv/SetSpring.idl
[1.148s] -- Up-to-date: /home/tss8117/Desktop/tirth_ws/AISD_Trainee_Module/install/shm_cpp/share/shm_cpp/srv/SetSpring.srv
[1.148s] -- Up-to-date: /home/tss8117/Desktop/tirth_ws/AISD_Trainee_Module/install/shm_cpp/share/shm_cpp/srv/SetSpring_Request.msg
[1.148s] -- Up-to-date: /home/tss8117/Desktop/tirth_ws/AISD_Trainee_Module/install/shm_cpp/share/shm_cpp/srv/SetSpring_Response.msg
[1.149s] -- Up-to-date: /home/tss8117/Desktop/tirth_ws/AISD_Trainee_Module/install/shm_cpp/lib/shm_cpp/position_publisher
[1.149s] -- Up-to-date: /home/tss8117/Desktop/tirth_ws/AISD_Trainee_Module/install/shm_cpp/lib/shm_cpp/visualize_marker
[1.149s] -- Up-to-date: /home/tss8117/Desktop/tirth_ws/AISD_Trainee_Module/install/shm_cpp/share/ament_index/resource_index/package_run_dependencies/shm_cpp
[1.150s] -- Up-to-date: /home/tss8117/Desktop/tirth_ws/AISD_Trainee_Module/install/shm_cpp/share/ament_index/resource_index/parent_prefix_path/shm_cpp
[1.150s] -- Up-to-date: /home/tss8117/Desktop/tirth_ws/AISD_Trainee_Module/install/shm_cpp/share/shm_cpp/environment/ament_prefix_path.sh
[1.150s] -- Up-to-date: /home/tss8117/Desktop/tirth_ws/AISD_Trainee_Module/install/shm_cpp/share/shm_cpp/environment/ament_prefix_path.dsv
[1.150s] -- Up-to-date: /home/tss8117/Desktop/tirth_ws/AISD_Trainee_Module/install/shm_cpp/share/shm_cpp/environment/path.sh
[1.150s] -- Up-to-date: /home/tss8117/Desktop/tirth_ws/AISD_Trainee_Module/install/shm_cpp/share/shm_cpp/environment/path.dsv
[1.151s] -- Up-to-date: /home/tss8117/Desktop/tirth_ws/AISD_Trainee_Module/install/shm_cpp/share/shm_cpp/local_setup.bash
[1.151s] -- Up-to-date: /home/tss8117/Desktop/tirth_ws/AISD_Trainee_Module/install/shm_cpp/share/shm_cpp/local_setup.sh
[1.151s] -- Up-to-date: /home/tss8117/Desktop/tirth_ws/AISD_Trainee_Module/install/shm_cpp/share/shm_cpp/local_setup.zsh
[1.151s] -- Up-to-date: /home/tss8117/Desktop/tirth_ws/AISD_Trainee_Module/install/shm_cpp/share/shm_cpp/local_setup.dsv
[1.151s] -- Installing: /home/tss8117/Desktop/tirth_ws/AISD_Trainee_Module/install/shm_cpp/share/shm_cpp/package.dsv
[1.152s] -- Up-to-date: /home/tss8117/Desktop/tirth_ws/AISD_Trainee_Module/install/shm_cpp/share/ament_index/resource_index/packages/shm_cpp
[1.152s] -- Up-to-date: /home/tss8117/Desktop/tirth_ws/AISD_Trainee_Module/install/shm_cpp/share/shm_cpp/cmake/export_shm_cpp__rosidl_generator_cExport.cmake
[1.152s] -- Up-to-date: /home/tss8117/Desktop/tirth_ws/AISD_Trainee_Module/install/shm_cpp/share/shm_cpp/cmake/export_shm_cpp__rosidl_generator_cExport-noconfig.cmake
[1.152s] -- Up-to-date: /home/tss8117/Desktop/tirth_ws/AISD_Trainee_Module/install/shm_cpp/share/shm_cpp/cmake/export_shm_cpp__rosidl_typesupport_fastrtps_cExport.cmake
[1.152s] -- Up-to-date: /home/tss8117/Desktop/tirth_ws/AISD_Trainee_Module/install/shm_cpp/share/shm_cpp/cmake/export_shm_cpp__rosidl_typesupport_fastrtps_cExport-noconfig.cmake
[1.153s] -- Up-to-date: /home/tss8117/Desktop/tirth_ws/AISD_Trainee_Module/install/shm_cpp/share/shm_cpp/cmake/export_shm_cpp__rosidl_generator_cppExport.cmake
[1.153s] -- Up-to-date: /home/tss8117/Desktop/tirth_ws/AISD_Trainee_Module/install/shm_cpp/share/shm_cpp/cmake/export_shm_cpp__rosidl_typesupport_fastrtps_cppExport.cmake
[1.153s] -- Up-to-date: /home/tss8117/Desktop/tirth_ws/AISD_Trainee_Module/install/shm_cpp/share/shm_cpp/cmake/export_shm_cpp__rosidl_typesupport_fastrtps_cppExport-noconfig.cmake
[1.153s] -- Up-to-date: /home/tss8117/Desktop/tirth_ws/AISD_Trainee_Module/install/shm_cpp/share/shm_cpp/cmake/shm_cpp__rosidl_typesupport_introspection_cExport.cmake
[1.153s] -- Up-to-date: /home/tss8117/Desktop/tirth_ws/AISD_Trainee_Module/install/shm_cpp/share/shm_cpp/cmake/shm_cpp__rosidl_typesupport_introspection_cExport-noconfig.cmake
[1.155s] -- Up-to-date: /home/tss8117/Desktop/tirth_ws/AISD_Trainee_Module/install/shm_cpp/share/shm_cpp/cmake/shm_cpp__rosidl_typesupport_cExport.cmake
[1.155s] -- Up-to-date: /home/tss8117/Desktop/tirth_ws/AISD_Trainee_Module/install/shm_cpp/share/shm_cpp/cmake/shm_cpp__rosidl_typesupport_cExport-noconfig.cmake
[1.155s] -- Up-to-date: /home/tss8117/Desktop/tirth_ws/AISD_Trainee_Module/install/shm_cpp/share/shm_cpp/cmake/shm_cpp__rosidl_typesupport_introspection_cppExport.cmake
[1.156s] -- Up-to-date: /home/tss8117/Desktop/tirth_ws/AISD_Trainee_Module/install/shm_cpp/share/shm_cpp/cmake/shm_cpp__rosidl_typesupport_introspection_cppExport-noconfig.cmake
[1.158s] -- Up-to-date: /home/tss8117/Desktop/tirth_ws/AISD_Trainee_Module/install/shm_cpp/share/shm_cpp/cmake/shm_cpp__rosidl_typesupport_cppExport.cmake
[1.164s] -- Up-to-date: /home/tss8117/Desktop/tirth_ws/AISD_Trainee_Module/install/shm_cpp/share/shm_cpp/cmake/shm_cpp__rosidl_typesupport_cppExport-noconfig.cmake
[1.164s] -- Up-to-date: /home/tss8117/Desktop/tirth_ws/AISD_Trainee_Module/install/shm_cpp/share/shm_cpp/cmake/export_shm_cpp__rosidl_generator_pyExport.cmake
[1.164s] -- Up-to-date: /home/tss8117/Desktop/tirth_ws/AISD_Trainee_Module/install/shm_cpp/share/shm_cpp/cmake/export_shm_cpp__rosidl_generator_pyExport-noconfig.cmake
[1.164s] -- Up-to-date: /home/tss8117/Desktop/tirth_ws/AISD_Trainee_Module/install/shm_cpp/share/shm_cpp/cmake/rosidl_cmake-extras.cmake
[1.164s] -- Up-to-date: /home/tss8117/Desktop/tirth_ws/AISD_Trainee_Module/install/shm_cpp/share/shm_cpp/cmake/ament_cmake_export_include_directories-extras.cmake
[1.164s] -- Up-to-date: /home/tss8117/Desktop/tirth_ws/AISD_Trainee_Module/install/shm_cpp/share/shm_cpp/cmake/ament_cmake_export_libraries-extras.cmake
[1.164s] -- Up-to-date: /home/tss8117/Desktop/tirth_ws/AISD_Trainee_Module/install/shm_cpp/share/shm_cpp/cmake/ament_cmake_export_targets-extras.cmake
[1.165s] -- Up-to-date: /home/tss8117/Desktop/tirth_ws/AISD_Trainee_Module/install/shm_cpp/share/shm_cpp/cmake/rosidl_cmake_export_typesupport_targets-extras.cmake
[1.165s] -- Up-to-date: /home/tss8117/Desktop/tirth_ws/AISD_Trainee_Module/install/shm_cpp/share/shm_cpp/cmake/ament_cmake_export_dependencies-extras.cmake
[1.165s] -- Up-to-date: /home/tss8117/Desktop/tirth_ws/AISD_Trainee_Module/install/shm_cpp/share/shm_cpp/cmake/rosidl_cmake_export_typesupport_libraries-extras.cmake
[1.165s] -- Up-to-date: /home/tss8117/Desktop/tirth_ws/AISD_Trainee_Module/install/shm_cpp/share/shm_cpp/cmake/shm_cppConfig.cmake
[1.165s] -- Up-to-date: /home/tss8117/Desktop/tirth_ws/AISD_Trainee_Module/install/shm_cpp/share/shm_cpp/cmake/shm_cppConfig-version.cmake
[1.165s] -- Up-to-date: /home/tss8117/Desktop/tirth_ws/AISD_Trainee_Module/install/shm_cpp/share/shm_cpp/package.xml
[1.170s] Invoked command in '/home/tss8117/Desktop/tirth_ws/AISD_Trainee_Module/build/shm_cpp' returned '0': CMAKE_PREFIX_PATH=${CMAKE_PREFIX_PATH}:/home/tss8117/Desktop/tirth_ws/AISD_Trainee_Module/install/my_robot_controller:/home/tss8117/Desktop/tirth_ws/AISD_Trainee_Module/install/handshake:/home/tss8117/ros2_ws/src/install/my_robot_controller:/home/tss8117/ros2_ws/src/install/handshake:/home/tss8117/ros2_ws/src/install/SHM:/opt/ros/humble /usr/bin/cmake --install /home/tss8117/Desktop/tirth_ws/AISD_Trainee_Module/build/shm_cpp
