[1.174s] Invoking command in '/home/tss8117/Desktop/tirth_ws/AISD_Trainee_Module/my_robot_controller': PYTHONPATH=/home/tss8117/Desktop/tirth_ws/AISD_Trainee_Module/build/my_robot_controller/prefix_override:/usr/lib/python3/dist-packages/colcon_core/task/python/colcon_distutils_commands:/home/tss8117/Desktop/tirth_ws/AISD_Trainee_Module/install/my_robot_controller/lib/python3.10/site-packages:${PYTHONPATH} /usr/bin/python3 -W ignore:setup.py install is deprecated -W ignore:easy_install command is deprecated setup.py egg_info --egg-base ../build/my_robot_controller build --build-base /home/tss8117/Desktop/tirth_ws/AISD_Trainee_Module/build/my_robot_controller/build install --record /home/tss8117/Desktop/tirth_ws/AISD_Trainee_Module/build/my_robot_controller/install.log --single-version-externally-managed install_data
[1.410s] running egg_info
[1.411s] writing ../build/my_robot_controller/my_robot_controller.egg-info/PKG-INFO
[1.412s] writing dependency_links to ../build/my_robot_controller/my_robot_controller.egg-info/dependency_links.txt
[1.412s] writing entry points to ../build/my_robot_controller/my_robot_controller.egg-info/entry_points.txt
[1.413s] writing requirements to ../build/my_robot_controller/my_robot_controller.egg-info/requires.txt
[1.413s] writing top-level names to ../build/my_robot_controller/my_robot_controller.egg-info/top_level.txt
[1.415s] reading manifest file '../build/my_robot_controller/my_robot_controller.egg-info/SOURCES.txt'
[1.417s] writing manifest file '../build/my_robot_controller/my_robot_controller.egg-info/SOURCES.txt'
[1.417s] running build
[1.417s] running build_py
[1.417s] running install
[1.417s] running install_lib
[1.418s] running install_data
[1.419s] running install_egg_info
[1.420s] removing '/home/tss8117/Desktop/tirth_ws/AISD_Trainee_Module/install/my_robot_controller/lib/python3.10/site-packages/my_robot_controller-0.0.0-py3.10.egg-info' (and everything under it)
[1.420s] Copying ../build/my_robot_controller/my_robot_controller.egg-info to /home/tss8117/Desktop/tirth_ws/AISD_Trainee_Module/install/my_robot_controller/lib/python3.10/site-packages/my_robot_controller-0.0.0-py3.10.egg-info
[1.422s] running install_scripts
[1.439s] Installing draw_circle script to /home/tss8117/Desktop/tirth_ws/AISD_Trainee_Module/install/my_robot_controller/lib/my_robot_controller
[1.440s] Installing pose_subscriber script to /home/tss8117/Desktop/tirth_ws/AISD_Trainee_Module/install/my_robot_controller/lib/my_robot_controller
[1.440s] Installing test_node script to /home/tss8117/Desktop/tirth_ws/AISD_Trainee_Module/install/my_robot_controller/lib/my_robot_controller
[1.440s] writing list of installed files to '/home/tss8117/Desktop/tirth_ws/AISD_Trainee_Module/build/my_robot_controller/install.log'
[1.470s] Invoked command in '/home/tss8117/Desktop/tirth_ws/AISD_Trainee_Module/my_robot_controller' returned '0': PYTHONPATH=/home/tss8117/Desktop/tirth_ws/AISD_Trainee_Module/build/my_robot_controller/prefix_override:/usr/lib/python3/dist-packages/colcon_core/task/python/colcon_distutils_commands:/home/tss8117/Desktop/tirth_ws/AISD_Trainee_Module/install/my_robot_controller/lib/python3.10/site-packages:${PYTHONPATH} /usr/bin/python3 -W ignore:setup.py install is deprecated -W ignore:easy_install command is deprecated setup.py egg_info --egg-base ../build/my_robot_controller build --build-base /home/tss8117/Desktop/tirth_ws/AISD_Trainee_Module/build/my_robot_controller/build install --record /home/tss8117/Desktop/tirth_ws/AISD_Trainee_Module/build/my_robot_controller/install.log --single-version-externally-managed install_data
