[0.005s] Invoking command in '/home/pratik/ros2_ws/build/my_robot_description': CMAKE_PREFIX_PATH=${CMAKE_PREFIX_PATH}:/opt/ros/humble /usr/bin/cmake --build /home/pratik/ros2_ws/build/my_robot_description --clean-first -- -j20 -l20
[0.249s] [  2%] [34m[1mGenerating C code for ROS interfaces[0m
[0.257s] [  5%] [34m[1mGenerating C++ code for ROS interfaces[0m
[0.264s] [  5%] Built target ament_cmake_python_copy_my_robot_description
[0.387s] running egg_info
[0.388s] writing my_robot_description.egg-info/PKG-INFO
[0.388s] writing dependency_links to my_robot_description.egg-info/dependency_links.txt
[0.388s] writing top-level names to my_robot_description.egg-info/top_level.txt
[0.389s] reading manifest file 'my_robot_description.egg-info/SOURCES.txt'
[0.389s] writing manifest file 'my_robot_description.egg-info/SOURCES.txt'
[0.393s] [  5%] Built target my_robot_description__cpp
[0.396s] [  8%] [32mBuilding C object CMakeFiles/my_robot_description__rosidl_generator_c.dir/rosidl_generator_c/my_robot_description/srv/detail/set_velocity__functions.c.o[0m
[0.401s] [ 11%] [34m[1mGenerating C++ type support for eProsima Fast-RTPS[0m
[0.401s] [ 14%] [34m[1mGenerating C++ type support dispatch for ROS interfaces[0m
[0.401s] [ 17%] [34m[1mGenerating C++ introspection for ROS interfaces[0m
[0.406s] [ 17%] Built target ament_cmake_python_build_my_robot_description_egg
[0.430s] [ 20%] [32m[1mLinking C shared library libmy_robot_description__rosidl_generator_c.so[0m
[0.456s] [ 20%] Built target my_robot_description__rosidl_generator_c
[0.463s] [ 22%] [34m[1mGenerating C type support for eProsima Fast-RTPS[0m
[0.463s] [ 25%] [34m[1mGenerating C introspection for ROS interfaces[0m
[0.464s] [ 28%] [34m[1mGenerating C type support dispatch for ROS interfaces[0m
[0.532s] [ 31%] [32mBuilding CXX object CMakeFiles/my_robot_description__rosidl_typesupport_cpp.dir/rosidl_typesupport_cpp/my_robot_description/srv/set_velocity__type_support.cpp.o[0m
[0.547s] [ 34%] [32mBuilding CXX object CMakeFiles/my_robot_description__rosidl_typesupport_fastrtps_cpp.dir/rosidl_typesupport_fastrtps_cpp/my_robot_description/srv/detail/dds_fastrtps/set_velocity__type_support.cpp.o[0m
[0.547s] [ 37%] [32mBuilding CXX object CMakeFiles/my_robot_description__rosidl_typesupport_introspection_cpp.dir/rosidl_typesupport_introspection_cpp/my_robot_description/srv/detail/set_velocity__type_support.cpp.o[0m
[0.619s] [ 40%] [32mBuilding C object CMakeFiles/my_robot_description__rosidl_typesupport_introspection_c.dir/rosidl_typesupport_introspection_c/my_robot_description/srv/detail/set_velocity__type_support.c.o[0m
[0.627s] [ 42%] [32mBuilding CXX object CMakeFiles/my_robot_description__rosidl_typesupport_fastrtps_c.dir/rosidl_typesupport_fastrtps_c/my_robot_description/srv/detail/set_velocity__type_support_c.cpp.o[0m
[0.640s] [ 45%] [32m[1mLinking C shared library libmy_robot_description__rosidl_typesupport_introspection_c.so[0m
[0.664s] [ 45%] Built target my_robot_description__rosidl_typesupport_introspection_c
[0.670s] [ 48%] [32m[1mLinking CXX shared library libmy_robot_description__rosidl_typesupport_cpp.so[0m
[0.674s] [ 51%] [32mBuilding CXX object CMakeFiles/my_robot_description__rosidl_typesupport_c.dir/rosidl_typesupport_c/my_robot_description/srv/set_velocity__type_support.cpp.o[0m
[0.693s] [ 54%] [32m[1mLinking CXX shared library libmy_robot_description__rosidl_typesupport_c.so[0m
[0.698s] [ 54%] Built target my_robot_description__rosidl_typesupport_cpp
[0.713s] [ 57%] [32mBuilding CXX object CMakeFiles/teleop_node.dir/src/teleop_node.cpp.o[0m
[0.713s] [ 60%] [32mBuilding CXX object CMakeFiles/robot_controller_node.dir/src/robot_controller.cpp.o[0m
[0.728s] [ 60%] Built target my_robot_description__rosidl_typesupport_c
[0.747s] [ 62%] [32m[1mLinking CXX shared library libmy_robot_description__rosidl_typesupport_introspection_cpp.so[0m
[0.763s] [ 65%] [32m[1mLinking CXX shared library libmy_robot_description__rosidl_typesupport_fastrtps_cpp.so[0m
[0.787s] [ 65%] Built target my_robot_description__rosidl_typesupport_introspection_cpp
[0.808s] [ 68%] [32m[1mLinking CXX shared library libmy_robot_description__rosidl_typesupport_fastrtps_c.so[0m
[0.808s] [ 68%] Built target my_robot_description__rosidl_typesupport_fastrtps_cpp
[0.854s] [ 68%] Built target my_robot_description__rosidl_typesupport_fastrtps_c
[0.868s] [ 68%] Built target my_robot_description
[0.882s] [ 71%] [34m[1mGenerating Python code for ROS interfaces[0m
[1.059s] [ 71%] Built target my_robot_description__py
[1.073s] [ 74%] [32mBuilding C object CMakeFiles/my_robot_description__rosidl_generator_py.dir/rosidl_generator_py/my_robot_description/srv/_set_velocity_s.c.o[0m
[1.129s] [ 77%] [32m[1mLinking C shared library rosidl_generator_py/my_robot_description/libmy_robot_description__rosidl_generator_py.so[0m
[1.158s] [ 77%] Built target my_robot_description__rosidl_generator_py
[1.172s] [ 80%] [32mBuilding C object CMakeFiles/my_robot_description__rosidl_typesupport_introspection_c__pyext.dir/rosidl_generator_py/my_robot_description/_my_robot_description_s.ep.rosidl_typesupport_introspection_c.c.o[0m
[1.173s] [ 82%] [32mBuilding C object CMakeFiles/my_robot_description__rosidl_typesupport_fastrtps_c__pyext.dir/rosidl_generator_py/my_robot_description/_my_robot_description_s.ep.rosidl_typesupport_fastrtps_c.c.o[0m
[1.174s] [ 85%] [32mBuilding C object CMakeFiles/my_robot_description__rosidl_typesupport_c__pyext.dir/rosidl_generator_py/my_robot_description/_my_robot_description_s.ep.rosidl_typesupport_c.c.o[0m
[1.226s] [ 88%] [32m[1mLinking C shared library rosidl_generator_py/my_robot_description/my_robot_description_s__rosidl_typesupport_c.cpython-310-x86_64-linux-gnu.so[0m
[1.226s] [ 91%] [32m[1mLinking C shared library rosidl_generator_py/my_robot_description/my_robot_description_s__rosidl_typesupport_introspection_c.cpython-310-x86_64-linux-gnu.so[0m
[1.227s] [ 94%] [32m[1mLinking C shared library rosidl_generator_py/my_robot_description/my_robot_description_s__rosidl_typesupport_fastrtps_c.cpython-310-x86_64-linux-gnu.so[0m
[1.249s] [ 94%] Built target my_robot_description__rosidl_typesupport_c__pyext
[1.249s] [ 94%] Built target my_robot_description__rosidl_typesupport_fastrtps_c__pyext
[1.252s] [ 94%] Built target my_robot_description__rosidl_typesupport_introspection_c__pyext
[2.450s] [ 97%] [32m[1mLinking CXX executable robot_controller_node[0m
[2.500s] [100%] [32m[1mLinking CXX executable teleop_node[0m
[2.533s] [100%] Built target robot_controller_node
[2.580s] [100%] Built target teleop_node
[2.588s] Invoked command in '/home/pratik/ros2_ws/build/my_robot_description' returned '0': CMAKE_PREFIX_PATH=${CMAKE_PREFIX_PATH}:/opt/ros/humble /usr/bin/cmake --build /home/pratik/ros2_ws/build/my_robot_description --clean-first -- -j20 -l20
[2.595s] Invoking command in '/home/pratik/ros2_ws/build/my_robot_description': CMAKE_PREFIX_PATH=${CMAKE_PREFIX_PATH}:/opt/ros/humble /usr/bin/cmake --install /home/pratik/ros2_ws/build/my_robot_description
[2.598s] -- Install configuration: ""
[2.598s] -- Installing: /home/pratik/ros2_ws/install/my_robot_description/share/ament_index/resource_index/rosidl_interfaces/my_robot_description
[2.598s] -- Installing: /home/pratik/ros2_ws/install/my_robot_description/include/my_robot_description/my_robot_description
[2.598s] -- Installing: /home/pratik/ros2_ws/install/my_robot_description/include/my_robot_description/my_robot_description/srv
[2.598s] -- Installing: /home/pratik/ros2_ws/install/my_robot_description/include/my_robot_description/my_robot_description/srv/set_velocity.h
[2.598s] -- Installing: /home/pratik/ros2_ws/install/my_robot_description/include/my_robot_description/my_robot_description/srv/detail
[2.598s] -- Installing: /home/pratik/ros2_ws/install/my_robot_description/include/my_robot_description/my_robot_description/srv/detail/set_velocity__type_support.h
[2.598s] -- Installing: /home/pratik/ros2_ws/install/my_robot_description/include/my_robot_description/my_robot_description/srv/detail/set_velocity__functions.c
[2.598s] -- Installing: /home/pratik/ros2_ws/install/my_robot_description/include/my_robot_description/my_robot_description/srv/detail/set_velocity__struct.h
[2.598s] -- Installing: /home/pratik/ros2_ws/install/my_robot_description/include/my_robot_description/my_robot_description/srv/detail/set_velocity__functions.h
[2.598s] -- Installing: /home/pratik/ros2_ws/install/my_robot_description/include/my_robot_description/my_robot_description/msg
[2.598s] -- Installing: /home/pratik/ros2_ws/install/my_robot_description/include/my_robot_description/my_robot_description/msg/rosidl_generator_c__visibility_control.h
[2.599s] -- Installing: /home/pratik/ros2_ws/install/my_robot_description/share/my_robot_description/environment/library_path.sh
[2.599s] -- Installing: /home/pratik/ros2_ws/install/my_robot_description/share/my_robot_description/environment/library_path.dsv
[2.599s] -- Installing: /home/pratik/ros2_ws/install/my_robot_description/lib/libmy_robot_description__rosidl_generator_c.so
[2.599s] -- Set runtime path of "/home/pratik/ros2_ws/install/my_robot_description/lib/libmy_robot_description__rosidl_generator_c.so" to ""
[2.599s] -- Up-to-date: /home/pratik/ros2_ws/install/my_robot_description/include/my_robot_description/my_robot_description
[2.599s] -- Up-to-date: /home/pratik/ros2_ws/install/my_robot_description/include/my_robot_description/my_robot_description/srv
[2.599s] -- Up-to-date: /home/pratik/ros2_ws/install/my_robot_description/include/my_robot_description/my_robot_description/srv/detail
[2.599s] -- Installing: /home/pratik/ros2_ws/install/my_robot_description/include/my_robot_description/my_robot_description/srv/detail/set_velocity__rosidl_typesupport_fastrtps_c.h
[2.599s] -- Up-to-date: /home/pratik/ros2_ws/install/my_robot_description/include/my_robot_description/my_robot_description/msg
[2.599s] -- Installing: /home/pratik/ros2_ws/install/my_robot_description/include/my_robot_description/my_robot_description/msg/rosidl_typesupport_fastrtps_c__visibility_control.h
[2.599s] -- Installing: /home/pratik/ros2_ws/install/my_robot_description/lib/libmy_robot_description__rosidl_typesupport_fastrtps_c.so
[2.599s] -- Set runtime path of "/home/pratik/ros2_ws/install/my_robot_description/lib/libmy_robot_description__rosidl_typesupport_fastrtps_c.so" to ""
[2.599s] -- Up-to-date: /home/pratik/ros2_ws/install/my_robot_description/include/my_robot_description/my_robot_description
[2.599s] -- Up-to-date: /home/pratik/ros2_ws/install/my_robot_description/include/my_robot_description/my_robot_description/srv
[2.599s] -- Installing: /home/pratik/ros2_ws/install/my_robot_description/include/my_robot_description/my_robot_description/srv/set_velocity.hpp
[2.599s] -- Up-to-date: /home/pratik/ros2_ws/install/my_robot_description/include/my_robot_description/my_robot_description/srv/detail
[2.599s] -- Installing: /home/pratik/ros2_ws/install/my_robot_description/include/my_robot_description/my_robot_description/srv/detail/set_velocity__type_support.hpp
[2.599s] -- Installing: /home/pratik/ros2_ws/install/my_robot_description/include/my_robot_description/my_robot_description/srv/detail/set_velocity__traits.hpp
[2.599s] -- Installing: /home/pratik/ros2_ws/install/my_robot_description/include/my_robot_description/my_robot_description/srv/detail/set_velocity__struct.hpp
[2.599s] -- Installing: /home/pratik/ros2_ws/install/my_robot_description/include/my_robot_description/my_robot_description/srv/detail/set_velocity__builder.hpp
[2.599s] -- Up-to-date: /home/pratik/ros2_ws/install/my_robot_description/include/my_robot_description/my_robot_description/msg
[2.599s] -- Installing: /home/pratik/ros2_ws/install/my_robot_description/include/my_robot_description/my_robot_description/msg/rosidl_generator_cpp__visibility_control.hpp
[2.599s] -- Up-to-date: /home/pratik/ros2_ws/install/my_robot_description/include/my_robot_description/my_robot_description
[2.599s] -- Up-to-date: /home/pratik/ros2_ws/install/my_robot_description/include/my_robot_description/my_robot_description/srv
[2.599s] -- Up-to-date: /home/pratik/ros2_ws/install/my_robot_description/include/my_robot_description/my_robot_description/srv/detail
[2.599s] -- Installing: /home/pratik/ros2_ws/install/my_robot_description/include/my_robot_description/my_robot_description/srv/detail/set_velocity__rosidl_typesupport_fastrtps_cpp.hpp
[2.599s] -- Installing: /home/pratik/ros2_ws/install/my_robot_description/include/my_robot_description/my_robot_description/srv/detail/dds_fastrtps
[2.599s] -- Up-to-date: /home/pratik/ros2_ws/install/my_robot_description/include/my_robot_description/my_robot_description/msg
[2.599s] -- Installing: /home/pratik/ros2_ws/install/my_robot_description/include/my_robot_description/my_robot_description/msg/rosidl_typesupport_fastrtps_cpp__visibility_control.h
[2.599s] -- Installing: /home/pratik/ros2_ws/install/my_robot_description/lib/libmy_robot_description__rosidl_typesupport_fastrtps_cpp.so
[2.600s] -- Set runtime path of "/home/pratik/ros2_ws/install/my_robot_description/lib/libmy_robot_description__rosidl_typesupport_fastrtps_cpp.so" to ""
[2.600s] -- Up-to-date: /home/pratik/ros2_ws/install/my_robot_description/include/my_robot_description/my_robot_description
[2.600s] -- Up-to-date: /home/pratik/ros2_ws/install/my_robot_description/include/my_robot_description/my_robot_description/srv
[2.600s] -- Up-to-date: /home/pratik/ros2_ws/install/my_robot_description/include/my_robot_description/my_robot_description/srv/detail
[2.600s] -- Installing: /home/pratik/ros2_ws/install/my_robot_description/include/my_robot_description/my_robot_description/srv/detail/set_velocity__rosidl_typesupport_introspection_c.h
[2.600s] -- Installing: /home/pratik/ros2_ws/install/my_robot_description/include/my_robot_description/my_robot_description/srv/detail/set_velocity__type_support.c
[2.600s] -- Up-to-date: /home/pratik/ros2_ws/install/my_robot_description/include/my_robot_description/my_robot_description/msg
[2.600s] -- Installing: /home/pratik/ros2_ws/install/my_robot_description/include/my_robot_description/my_robot_description/msg/rosidl_typesupport_introspection_c__visibility_control.h
[2.600s] -- Installing: /home/pratik/ros2_ws/install/my_robot_description/lib/libmy_robot_description__rosidl_typesupport_introspection_c.so
[2.600s] -- Set runtime path of "/home/pratik/ros2_ws/install/my_robot_description/lib/libmy_robot_description__rosidl_typesupport_introspection_c.so" to ""
[2.600s] -- Installing: /home/pratik/ros2_ws/install/my_robot_description/lib/libmy_robot_description__rosidl_typesupport_c.so
[2.600s] -- Set runtime path of "/home/pratik/ros2_ws/install/my_robot_description/lib/libmy_robot_description__rosidl_typesupport_c.so" to ""
[2.600s] -- Up-to-date: /home/pratik/ros2_ws/install/my_robot_description/include/my_robot_description/my_robot_description
[2.600s] -- Up-to-date: /home/pratik/ros2_ws/install/my_robot_description/include/my_robot_description/my_robot_description/srv
[2.600s] -- Up-to-date: /home/pratik/ros2_ws/install/my_robot_description/include/my_robot_description/my_robot_description/srv/detail
[2.600s] -- Installing: /home/pratik/ros2_ws/install/my_robot_description/include/my_robot_description/my_robot_description/srv/detail/set_velocity__type_support.cpp
[2.600s] -- Installing: /home/pratik/ros2_ws/install/my_robot_description/include/my_robot_description/my_robot_description/srv/detail/set_velocity__rosidl_typesupport_introspection_cpp.hpp
[2.600s] -- Installing: /home/pratik/ros2_ws/install/my_robot_description/lib/libmy_robot_description__rosidl_typesupport_introspection_cpp.so
[2.600s] -- Set runtime path of "/home/pratik/ros2_ws/install/my_robot_description/lib/libmy_robot_description__rosidl_typesupport_introspection_cpp.so" to ""
[2.600s] -- Installing: /home/pratik/ros2_ws/install/my_robot_description/lib/libmy_robot_description__rosidl_typesupport_cpp.so
[2.600s] -- Set runtime path of "/home/pratik/ros2_ws/install/my_robot_description/lib/libmy_robot_description__rosidl_typesupport_cpp.so" to ""
[2.600s] -- Installing: /home/pratik/ros2_ws/install/my_robot_description/share/my_robot_description/environment/pythonpath.sh
[2.600s] -- Installing: /home/pratik/ros2_ws/install/my_robot_description/share/my_robot_description/environment/pythonpath.dsv
[2.600s] -- Installing: /home/pratik/ros2_ws/install/my_robot_description/local/lib/python3.10/dist-packages/my_robot_description-0.0.0-py3.10.egg-info
[2.600s] -- Installing: /home/pratik/ros2_ws/install/my_robot_description/local/lib/python3.10/dist-packages/my_robot_description-0.0.0-py3.10.egg-info/PKG-INFO
[2.600s] -- Installing: /home/pratik/ros2_ws/install/my_robot_description/local/lib/python3.10/dist-packages/my_robot_description-0.0.0-py3.10.egg-info/SOURCES.txt
[2.600s] -- Installing: /home/pratik/ros2_ws/install/my_robot_description/local/lib/python3.10/dist-packages/my_robot_description-0.0.0-py3.10.egg-info/top_level.txt
[2.600s] -- Installing: /home/pratik/ros2_ws/install/my_robot_description/local/lib/python3.10/dist-packages/my_robot_description-0.0.0-py3.10.egg-info/dependency_links.txt
[2.600s] -- Installing: /home/pratik/ros2_ws/install/my_robot_description/local/lib/python3.10/dist-packages/my_robot_description
[2.600s] -- Installing: /home/pratik/ros2_ws/install/my_robot_description/local/lib/python3.10/dist-packages/my_robot_description/_my_robot_description_s.ep.rosidl_typesupport_introspection_c.c
[2.601s] -- Installing: /home/pratik/ros2_ws/install/my_robot_description/local/lib/python3.10/dist-packages/my_robot_description/__init__.py
[2.601s] -- Installing: /home/pratik/ros2_ws/install/my_robot_description/local/lib/python3.10/dist-packages/my_robot_description/my_robot_description_s__rosidl_typesupport_introspection_c.cpython-310-x86_64-linux-gnu.so
[2.601s] -- Installing: /home/pratik/ros2_ws/install/my_robot_description/local/lib/python3.10/dist-packages/my_robot_description/my_robot_description_s__rosidl_typesupport_fastrtps_c.cpython-310-x86_64-linux-gnu.so
[2.601s] -- Installing: /home/pratik/ros2_ws/install/my_robot_description/local/lib/python3.10/dist-packages/my_robot_description/_my_robot_description_s.ep.rosidl_typesupport_c.c
[2.601s] -- Installing: /home/pratik/ros2_ws/install/my_robot_description/local/lib/python3.10/dist-packages/my_robot_description/my_robot_description_s__rosidl_typesupport_c.cpython-310-x86_64-linux-gnu.so
[2.601s] -- Installing: /home/pratik/ros2_ws/install/my_robot_description/local/lib/python3.10/dist-packages/my_robot_description/libmy_robot_description__rosidl_generator_py.so
[2.601s] -- Installing: /home/pratik/ros2_ws/install/my_robot_description/local/lib/python3.10/dist-packages/my_robot_description/srv
[2.601s] -- Installing: /home/pratik/ros2_ws/install/my_robot_description/local/lib/python3.10/dist-packages/my_robot_description/srv/__init__.py
[2.601s] -- Installing: /home/pratik/ros2_ws/install/my_robot_description/local/lib/python3.10/dist-packages/my_robot_description/srv/_set_velocity.py
[2.601s] -- Installing: /home/pratik/ros2_ws/install/my_robot_description/local/lib/python3.10/dist-packages/my_robot_description/srv/_set_velocity_s.c
[2.601s] -- Installing: /home/pratik/ros2_ws/install/my_robot_description/local/lib/python3.10/dist-packages/my_robot_description/_my_robot_description_s.ep.rosidl_typesupport_fastrtps_c.c
[2.631s] Listing '/home/pratik/ros2_ws/install/my_robot_description/local/lib/python3.10/dist-packages/my_robot_description'...
[2.631s] Compiling '/home/pratik/ros2_ws/install/my_robot_description/local/lib/python3.10/dist-packages/my_robot_description/__init__.py'...
[2.631s] Listing '/home/pratik/ros2_ws/install/my_robot_description/local/lib/python3.10/dist-packages/my_robot_description/srv'...
[2.631s] Compiling '/home/pratik/ros2_ws/install/my_robot_description/local/lib/python3.10/dist-packages/my_robot_description/srv/__init__.py'...
[2.631s] Compiling '/home/pratik/ros2_ws/install/my_robot_description/local/lib/python3.10/dist-packages/my_robot_description/srv/_set_velocity.py'...
[2.634s] -- Installing: /home/pratik/ros2_ws/install/my_robot_description/local/lib/python3.10/dist-packages/my_robot_description/my_robot_description_s__rosidl_typesupport_fastrtps_c.cpython-310-x86_64-linux-gnu.so
[2.634s] -- Set runtime path of "/home/pratik/ros2_ws/install/my_robot_description/local/lib/python3.10/dist-packages/my_robot_description/my_robot_description_s__rosidl_typesupport_fastrtps_c.cpython-310-x86_64-linux-gnu.so" to ""
[2.634s] -- Installing: /home/pratik/ros2_ws/install/my_robot_description/local/lib/python3.10/dist-packages/my_robot_description/my_robot_description_s__rosidl_typesupport_introspection_c.cpython-310-x86_64-linux-gnu.so
[2.634s] -- Set runtime path of "/home/pratik/ros2_ws/install/my_robot_description/local/lib/python3.10/dist-packages/my_robot_description/my_robot_description_s__rosidl_typesupport_introspection_c.cpython-310-x86_64-linux-gnu.so" to ""
[2.634s] -- Installing: /home/pratik/ros2_ws/install/my_robot_description/local/lib/python3.10/dist-packages/my_robot_description/my_robot_description_s__rosidl_typesupport_c.cpython-310-x86_64-linux-gnu.so
[2.634s] -- Set runtime path of "/home/pratik/ros2_ws/install/my_robot_description/local/lib/python3.10/dist-packages/my_robot_description/my_robot_description_s__rosidl_typesupport_c.cpython-310-x86_64-linux-gnu.so" to ""
[2.634s] -- Installing: /home/pratik/ros2_ws/install/my_robot_description/lib/libmy_robot_description__rosidl_generator_py.so
[2.634s] -- Set runtime path of "/home/pratik/ros2_ws/install/my_robot_description/lib/libmy_robot_description__rosidl_generator_py.so" to ""
[2.634s] -- Installing: /home/pratik/ros2_ws/install/my_robot_description/share/my_robot_description/srv/SetVelocity.idl
[2.634s] -- Installing: /home/pratik/ros2_ws/install/my_robot_description/share/my_robot_description/srv/SetVelocity.srv
[2.634s] -- Installing: /home/pratik/ros2_ws/install/my_robot_description/share/my_robot_description/srv/SetVelocity_Request.msg
[2.634s] -- Installing: /home/pratik/ros2_ws/install/my_robot_description/share/my_robot_description/srv/SetVelocity_Response.msg
[2.634s] -- Installing: /home/pratik/ros2_ws/install/my_robot_description/share/my_robot_description/urdf
[2.634s] -- Installing: /home/pratik/ros2_ws/install/my_robot_description/share/my_robot_description/urdf/robot.urdf.xacro
[2.635s] -- Installing: /home/pratik/ros2_ws/install/my_robot_description/share/my_robot_description/launch
[2.635s] -- Installing: /home/pratik/ros2_ws/install/my_robot_description/share/my_robot_description/launch/robot_gazebo_rviz.launch.py
[2.635s] -- Installing: /home/pratik/ros2_ws/install/my_robot_description/lib/my_robot_description/robot_controller_node
[2.635s] -- Set runtime path of "/home/pratik/ros2_ws/install/my_robot_description/lib/my_robot_description/robot_controller_node" to ""
[2.635s] -- Installing: /home/pratik/ros2_ws/install/my_robot_description/lib/my_robot_description/teleop_node
[2.635s] -- Set runtime path of "/home/pratik/ros2_ws/install/my_robot_description/lib/my_robot_description/teleop_node" to ""
[2.635s] -- Installing: /home/pratik/ros2_ws/install/my_robot_description/lib/my_robot_description/robot_controller.py
[2.635s] -- Installing: /home/pratik/ros2_ws/install/my_robot_description/share/ament_index/resource_index/package_run_dependencies/my_robot_description
[2.635s] -- Installing: /home/pratik/ros2_ws/install/my_robot_description/share/ament_index/resource_index/parent_prefix_path/my_robot_description
[2.635s] -- Installing: /home/pratik/ros2_ws/install/my_robot_description/share/my_robot_description/environment/ament_prefix_path.sh
[2.635s] -- Installing: /home/pratik/ros2_ws/install/my_robot_description/share/my_robot_description/environment/ament_prefix_path.dsv
[2.636s] -- Installing: /home/pratik/ros2_ws/install/my_robot_description/share/my_robot_description/environment/path.sh
[2.636s] -- Installing: /home/pratik/ros2_ws/install/my_robot_description/share/my_robot_description/environment/path.dsv
[2.636s] -- Installing: /home/pratik/ros2_ws/install/my_robot_description/share/my_robot_description/local_setup.bash
[2.636s] -- Installing: /home/pratik/ros2_ws/install/my_robot_description/share/my_robot_description/local_setup.sh
[2.636s] -- Installing: /home/pratik/ros2_ws/install/my_robot_description/share/my_robot_description/local_setup.zsh
[2.636s] -- Installing: /home/pratik/ros2_ws/install/my_robot_description/share/my_robot_description/local_setup.dsv
[2.636s] -- Installing: /home/pratik/ros2_ws/install/my_robot_description/share/my_robot_description/package.dsv
[2.636s] -- Installing: /home/pratik/ros2_ws/install/my_robot_description/share/ament_index/resource_index/packages/my_robot_description
[2.636s] -- Installing: /home/pratik/ros2_ws/install/my_robot_description/share/my_robot_description/cmake/export_my_robot_description__rosidl_generator_cExport.cmake
[2.636s] -- Installing: /home/pratik/ros2_ws/install/my_robot_description/share/my_robot_description/cmake/export_my_robot_description__rosidl_generator_cExport-noconfig.cmake
[2.636s] -- Installing: /home/pratik/ros2_ws/install/my_robot_description/share/my_robot_description/cmake/export_my_robot_description__rosidl_typesupport_fastrtps_cExport.cmake
[2.636s] -- Installing: /home/pratik/ros2_ws/install/my_robot_description/share/my_robot_description/cmake/export_my_robot_description__rosidl_typesupport_fastrtps_cExport-noconfig.cmake
[2.636s] -- Installing: /home/pratik/ros2_ws/install/my_robot_description/share/my_robot_description/cmake/export_my_robot_description__rosidl_generator_cppExport.cmake
[2.636s] -- Installing: /home/pratik/ros2_ws/install/my_robot_description/share/my_robot_description/cmake/export_my_robot_description__rosidl_typesupport_fastrtps_cppExport.cmake
[2.636s] -- Installing: /home/pratik/ros2_ws/install/my_robot_description/share/my_robot_description/cmake/export_my_robot_description__rosidl_typesupport_fastrtps_cppExport-noconfig.cmake
[2.636s] -- Installing: /home/pratik/ros2_ws/install/my_robot_description/share/my_robot_description/cmake/my_robot_description__rosidl_typesupport_introspection_cExport.cmake
[2.636s] -- Installing: /home/pratik/ros2_ws/install/my_robot_description/share/my_robot_description/cmake/my_robot_description__rosidl_typesupport_introspection_cExport-noconfig.cmake
[2.636s] -- Installing: /home/pratik/ros2_ws/install/my_robot_description/share/my_robot_description/cmake/my_robot_description__rosidl_typesupport_cExport.cmake
[2.636s] -- Installing: /home/pratik/ros2_ws/install/my_robot_description/share/my_robot_description/cmake/my_robot_description__rosidl_typesupport_cExport-noconfig.cmake
[2.636s] -- Installing: /home/pratik/ros2_ws/install/my_robot_description/share/my_robot_description/cmake/my_robot_description__rosidl_typesupport_introspection_cppExport.cmake
[2.636s] -- Installing: /home/pratik/ros2_ws/install/my_robot_description/share/my_robot_description/cmake/my_robot_description__rosidl_typesupport_introspection_cppExport-noconfig.cmake
[2.636s] -- Installing: /home/pratik/ros2_ws/install/my_robot_description/share/my_robot_description/cmake/my_robot_description__rosidl_typesupport_cppExport.cmake
[2.636s] -- Installing: /home/pratik/ros2_ws/install/my_robot_description/share/my_robot_description/cmake/my_robot_description__rosidl_typesupport_cppExport-noconfig.cmake
[2.637s] -- Installing: /home/pratik/ros2_ws/install/my_robot_description/share/my_robot_description/cmake/export_my_robot_description__rosidl_generator_pyExport.cmake
[2.637s] -- Installing: /home/pratik/ros2_ws/install/my_robot_description/share/my_robot_description/cmake/export_my_robot_description__rosidl_generator_pyExport-noconfig.cmake
[2.637s] -- Installing: /home/pratik/ros2_ws/install/my_robot_description/share/my_robot_description/cmake/rosidl_cmake-extras.cmake
[2.637s] -- Installing: /home/pratik/ros2_ws/install/my_robot_description/share/my_robot_description/cmake/ament_cmake_export_include_directories-extras.cmake
[2.637s] -- Installing: /home/pratik/ros2_ws/install/my_robot_description/share/my_robot_description/cmake/ament_cmake_export_libraries-extras.cmake
[2.637s] -- Installing: /home/pratik/ros2_ws/install/my_robot_description/share/my_robot_description/cmake/ament_cmake_export_targets-extras.cmake
[2.637s] -- Installing: /home/pratik/ros2_ws/install/my_robot_description/share/my_robot_description/cmake/rosidl_cmake_export_typesupport_targets-extras.cmake
[2.637s] -- Installing: /home/pratik/ros2_ws/install/my_robot_description/share/my_robot_description/cmake/ament_cmake_export_dependencies-extras.cmake
[2.637s] -- Installing: /home/pratik/ros2_ws/install/my_robot_description/share/my_robot_description/cmake/rosidl_cmake_export_typesupport_libraries-extras.cmake
[2.637s] -- Installing: /home/pratik/ros2_ws/install/my_robot_description/share/my_robot_description/cmake/my_robot_descriptionConfig.cmake
[2.637s] -- Installing: /home/pratik/ros2_ws/install/my_robot_description/share/my_robot_description/cmake/my_robot_descriptionConfig-version.cmake
[2.637s] -- Installing: /home/pratik/ros2_ws/install/my_robot_description/share/my_robot_description/package.xml
[2.639s] Invoked command in '/home/pratik/ros2_ws/build/my_robot_description' returned '0': CMAKE_PREFIX_PATH=${CMAKE_PREFIX_PATH}:/opt/ros/humble /usr/bin/cmake --install /home/pratik/ros2_ws/build/my_robot_description
