[0.006s] Invoking command in '/home/pratik/ros2_ws/build/my_robot_description': CMAKE_PREFIX_PATH=${CMAKE_PREFIX_PATH}:/opt/ros/humble /usr/bin/cmake /home/pratik/ros2_ws/src/my_robot_description -DCMAKE_INSTALL_PREFIX=/home/pratik/ros2_ws/install/my_robot_description
[0.015s] -- Found ament_cmake: 1.3.12 (/opt/ros/humble/share/ament_cmake/cmake)
[0.087s] -- Found rclcpp: 16.0.17 (/opt/ros/humble/share/rclcpp/cmake)
[0.101s] -- Found rosidl_generator_c: 3.1.8 (/opt/ros/humble/share/rosidl_generator_c/cmake)
[0.102s] -- Found rosidl_adapter: 3.1.8 (/opt/ros/humble/share/rosidl_adapter/cmake)
[0.105s] -- Found rosidl_generator_cpp: 3.1.8 (/opt/ros/humble/share/rosidl_generator_cpp/cmake)
[0.110s] -- Using all available rosidl_typesupport_c: rosidl_typesupport_fastrtps_c;rosidl_typesupport_introspection_c
[0.116s] -- Using all available rosidl_typesupport_cpp: rosidl_typesupport_fastrtps_cpp;rosidl_typesupport_introspection_cpp
[0.132s] -- Found rmw_implementation_cmake: 6.1.2 (/opt/ros/humble/share/rmw_implementation_cmake/cmake)
[0.133s] -- Found rmw_fastrtps_cpp: 6.2.9 (/opt/ros/humble/share/rmw_fastrtps_cpp/cmake)
[0.192s] -- Using RMW implementation 'rmw_fastrtps_cpp' as default
[0.227s] -- Found geometry_msgs: 4.9.0 (/opt/ros/humble/share/geometry_msgs/cmake)
[0.235s] -- Found sensor_msgs: 4.9.0 (/opt/ros/humble/share/sensor_msgs/cmake)
[0.246s] -- Found ament_lint_auto: 0.12.14 (/opt/ros/humble/share/ament_lint_auto/cmake)
[0.285s] -- Added test 'cppcheck' to perform static code analysis on C / C++ code
[0.285s] -- Configured cppcheck include dirs: 
[0.285s] -- Configured cppcheck exclude dirs and/or files: 
[0.286s] -- Added test 'flake8' to check Python code syntax and style conventions
[0.286s] -- Added test 'lint_cmake' to check CMake code style
[0.286s] -- Added test 'pep257' to check Python code against some of the docstring style conventions in PEP 257
[0.286s] -- Added test 'uncrustify' to check C / C++ code style
[0.286s] -- Configured uncrustify additional arguments: 
[0.286s] -- Added test 'xmllint' to check XML markup files
[0.286s] -- Configuring done
[0.287s] [31mCMake Error at CMakeLists.txt:20 (add_executable):
[0.288s]   Cannot find source file:
[0.288s] 
[0.288s]     src/robot_controller.cpp
[0.288s] 
[0.288s]   Tried extensions .c .C .c++ .cc .cpp .cxx .cu .mpp .m .M .mm .ixx .cppm .h
[0.288s]   .hh .h++ .hm .hpp .hxx .in .txx .f .F .for .f77 .f90 .f95 .f03 .hip .ispc
[0.288s] 
[0.288s] [0m
[0.288s] [31mCMake Error at CMakeLists.txt:20 (add_executable):
[0.288s]   No SOURCES given to target: robot_controller_node
[0.288s] 
[0.288s] [0m
[0.288s] [0mCMake Generate step failed.  Build files cannot be regenerated correctly.[0m
[0.292s] Invoked command in '/home/pratik/ros2_ws/build/my_robot_description' returned '1': CMAKE_PREFIX_PATH=${CMAKE_PREFIX_PATH}:/opt/ros/humble /usr/bin/cmake /home/pratik/ros2_ws/src/my_robot_description -DCMAKE_INSTALL_PREFIX=/home/pratik/ros2_ws/install/my_robot_description
