[0.009s] Invoking command in '/home/pratik/ros2_ws/build/my_robot_description': CMAKE_PREFIX_PATH=/opt/ros/humble /usr/bin/cmake --build /home/pratik/ros2_ws/build/my_robot_description -- -j20 -l20
[0.134s] [100%] Built target robot_controller_node
[0.149s] Invoked command in '/home/pratik/ros2_ws/build/my_robot_description' returned '0': CMAKE_PREFIX_PATH=/opt/ros/humble /usr/bin/cmake --build /home/pratik/ros2_ws/build/my_robot_description -- -j20 -l20
[0.163s] Invoking command in '/home/pratik/ros2_ws/build/my_robot_description': CMAKE_PREFIX_PATH=/opt/ros/humble /usr/bin/cmake --install /home/pratik/ros2_ws/build/my_robot_description
[0.172s] -- Install configuration: ""
[0.173s] -- Up-to-date: /home/pratik/ros2_ws/install/my_robot_description/share/my_robot_description/urdf
[0.173s] -- Up-to-date: /home/pratik/ros2_ws/install/my_robot_description/share/my_robot_description/urdf/robot.urdf.xacro
[0.173s] -- Up-to-date: /home/pratik/ros2_ws/install/my_robot_description/share/my_robot_description/launch
[0.173s] -- Up-to-date: /home/pratik/ros2_ws/install/my_robot_description/share/my_robot_description/launch/robot_gazebo_rviz.launch.py
[0.174s] -- Up-to-date: /home/pratik/ros2_ws/install/my_robot_description/lib/my_robot_description/robot_controller_node
[0.174s] -- Up-to-date: /home/pratik/ros2_ws/install/my_robot_description/lib/my_robot_description/robot_controller.py
[0.175s] -- Up-to-date: /home/pratik/ros2_ws/install/my_robot_description/share/ament_index/resource_index/package_run_dependencies/my_robot_description
[0.175s] -- Up-to-date: /home/pratik/ros2_ws/install/my_robot_description/share/ament_index/resource_index/parent_prefix_path/my_robot_description
[0.175s] -- Up-to-date: /home/pratik/ros2_ws/install/my_robot_description/share/my_robot_description/environment/ament_prefix_path.sh
[0.175s] -- Up-to-date: /home/pratik/ros2_ws/install/my_robot_description/share/my_robot_description/environment/ament_prefix_path.dsv
[0.175s] -- Up-to-date: /home/pratik/ros2_ws/install/my_robot_description/share/my_robot_description/environment/path.sh
[0.175s] -- Up-to-date: /home/pratik/ros2_ws/install/my_robot_description/share/my_robot_description/environment/path.dsv
[0.176s] -- Up-to-date: /home/pratik/ros2_ws/install/my_robot_description/share/my_robot_description/local_setup.bash
[0.176s] -- Up-to-date: /home/pratik/ros2_ws/install/my_robot_description/share/my_robot_description/local_setup.sh
[0.176s] -- Up-to-date: /home/pratik/ros2_ws/install/my_robot_description/share/my_robot_description/local_setup.zsh
[0.176s] -- Up-to-date: /home/pratik/ros2_ws/install/my_robot_description/share/my_robot_description/local_setup.dsv
[0.176s] -- Installing: /home/pratik/ros2_ws/install/my_robot_description/share/my_robot_description/package.dsv
[0.176s] -- Up-to-date: /home/pratik/ros2_ws/install/my_robot_description/share/ament_index/resource_index/packages/my_robot_description
[0.176s] -- Up-to-date: /home/pratik/ros2_ws/install/my_robot_description/share/my_robot_description/cmake/my_robot_descriptionConfig.cmake
[0.177s] -- Up-to-date: /home/pratik/ros2_ws/install/my_robot_description/share/my_robot_description/cmake/my_robot_descriptionConfig-version.cmake
[0.177s] -- Up-to-date: /home/pratik/ros2_ws/install/my_robot_description/share/my_robot_description/package.xml
[0.178s] Invoked command in '/home/pratik/ros2_ws/build/my_robot_description' returned '0': CMAKE_PREFIX_PATH=/opt/ros/humble /usr/bin/cmake --install /home/pratik/ros2_ws/build/my_robot_description
