[0.141s] DEBUG:colcon:Command line arguments: ['/usr/bin/colcon', 'build']
[0.141s] DEBUG:colcon:Parsed command line arguments: Namespace(log_base=None, log_level=None, verb_name='build', build_base='build', install_base='install', merge_install=False, symlink_install=False, test_result_base=None, continue_on_error=False, executor='parallel', parallel_workers=4, event_handlers=None, ignore_user_meta=False, metas=['./colcon.meta'], base_paths=['.'], packages_ignore=None, packages_ignore_regex=None, paths=None, packages_up_to=None, packages_up_to_regex=None, packages_above=None, packages_above_and_dependencies=None, packages_above_depth=None, packages_select_by_dep=None, packages_skip_by_dep=None, packages_skip_up_to=None, packages_select_build_failed=False, packages_skip_build_finished=False, packages_select_test_failures=False, packages_skip_test_passed=False, packages_select=None, packages_skip=None, packages_select_regex=None, packages_skip_regex=None, packages_start=None, packages_end=None, allow_overriding=[], cmake_args=None, cmake_target=None, cmake_target_skip_unavailable=False, cmake_clean_cache=False, cmake_clean_first=False, cmake_force_configure=False, ament_cmake_args=None, catkin_cmake_args=None, catkin_skip_building_tests=False, verb_parser=<colcon_defaults.argument_parser.defaults.DefaultArgumentsDecorator object at 0xffff9015dcc0>, verb_extension=<colcon_core.verb.build.BuildVerb object at 0xffff902f2aa0>, main=<bound method BuildVerb.main of <colcon_core.verb.build.BuildVerb object at 0xffff902f2aa0>>)
[0.452s] Level 1:colcon.colcon_core.package_discovery:discover_packages(colcon_meta) check parameters
[0.452s] Level 1:colcon.colcon_core.package_discovery:discover_packages(recursive) check parameters
[0.453s] Level 1:colcon.colcon_core.package_discovery:discover_packages(ignore) check parameters
[0.453s] Level 1:colcon.colcon_core.package_discovery:discover_packages(path) check parameters
[0.453s] Level 1:colcon.colcon_core.package_discovery:discover_packages(colcon_meta) discover
[0.453s] Level 1:colcon.colcon_core.package_discovery:discover_packages(recursive) discover
[0.453s] INFO:colcon.colcon_core.package_discovery:Crawling recursively for packages in '/home/tss8117/Desktop/tirth_ws/AISD_Trainee_Module'
[0.453s] Level 1:colcon.colcon_core.package_identification:_identify(.) by extensions ['ignore', 'ignore_ament_install']
[0.453s] Level 1:colcon.colcon_core.package_identification:_identify(.) by extension 'ignore'
[0.453s] Level 1:colcon.colcon_core.package_identification:_identify(.) by extension 'ignore_ament_install'
[0.453s] Level 1:colcon.colcon_core.package_identification:_identify(.) by extensions ['colcon_pkg']
[0.453s] Level 1:colcon.colcon_core.package_identification:_identify(.) by extension 'colcon_pkg'
[0.453s] Level 1:colcon.colcon_core.package_identification:_identify(.) by extensions ['colcon_meta']
[0.453s] Level 1:colcon.colcon_core.package_identification:_identify(.) by extension 'colcon_meta'
[0.454s] Level 1:colcon.colcon_core.package_identification:_identify(.) by extensions ['ros']
[0.454s] Level 1:colcon.colcon_core.package_identification:_identify(.) by extension 'ros'
[0.467s] Level 1:colcon.colcon_core.package_identification:_identify(.) by extensions ['cmake', 'python']
[0.467s] Level 1:colcon.colcon_core.package_identification:_identify(.) by extension 'cmake'
[0.467s] Level 1:colcon.colcon_core.package_identification:_identify(.) by extension 'python'
[0.467s] Level 1:colcon.colcon_core.package_identification:_identify(.) by extensions ['python_setup_py']
[0.467s] Level 1:colcon.colcon_core.package_identification:_identify(.) by extension 'python_setup_py'
[0.467s] Level 1:colcon.colcon_core.package_identification:_identify(build) by extensions ['ignore', 'ignore_ament_install']
[0.468s] Level 1:colcon.colcon_core.package_identification:_identify(build) by extension 'ignore'
[0.468s] Level 1:colcon.colcon_core.package_identification:_identify(build) ignored
[0.468s] Level 1:colcon.colcon_core.package_identification:_identify(handshake) by extensions ['ignore', 'ignore_ament_install']
[0.468s] Level 1:colcon.colcon_core.package_identification:_identify(handshake) by extension 'ignore'
[0.468s] Level 1:colcon.colcon_core.package_identification:_identify(handshake) by extension 'ignore_ament_install'
[0.468s] Level 1:colcon.colcon_core.package_identification:_identify(handshake) by extensions ['colcon_pkg']
[0.468s] Level 1:colcon.colcon_core.package_identification:_identify(handshake) by extension 'colcon_pkg'
[0.468s] Level 1:colcon.colcon_core.package_identification:_identify(handshake) by extensions ['colcon_meta']
[0.468s] Level 1:colcon.colcon_core.package_identification:_identify(handshake) by extension 'colcon_meta'
[0.468s] Level 1:colcon.colcon_core.package_identification:_identify(handshake) by extensions ['ros']
[0.468s] Level 1:colcon.colcon_core.package_identification:_identify(handshake) by extension 'ros'
[0.470s] DEBUG:colcon.colcon_core.package_identification:Package 'handshake' with type 'ros.ament_python' and name 'handshake'
[0.470s] Level 1:colcon.colcon_core.package_identification:_identify(install) by extensions ['ignore', 'ignore_ament_install']
[0.471s] Level 1:colcon.colcon_core.package_identification:_identify(install) by extension 'ignore'
[0.471s] Level 1:colcon.colcon_core.package_identification:_identify(install) ignored
[0.471s] Level 1:colcon.colcon_core.package_identification:_identify(log) by extensions ['ignore', 'ignore_ament_install']
[0.471s] Level 1:colcon.colcon_core.package_identification:_identify(log) by extension 'ignore'
[0.471s] Level 1:colcon.colcon_core.package_identification:_identify(log) ignored
[0.471s] Level 1:colcon.colcon_core.package_identification:_identify(my_robot_controller) by extensions ['ignore', 'ignore_ament_install']
[0.471s] Level 1:colcon.colcon_core.package_identification:_identify(my_robot_controller) by extension 'ignore'
[0.471s] Level 1:colcon.colcon_core.package_identification:_identify(my_robot_controller) by extension 'ignore_ament_install'
[0.471s] Level 1:colcon.colcon_core.package_identification:_identify(my_robot_controller) by extensions ['colcon_pkg']
[0.471s] Level 1:colcon.colcon_core.package_identification:_identify(my_robot_controller) by extension 'colcon_pkg'
[0.471s] Level 1:colcon.colcon_core.package_identification:_identify(my_robot_controller) by extensions ['colcon_meta']
[0.471s] Level 1:colcon.colcon_core.package_identification:_identify(my_robot_controller) by extension 'colcon_meta'
[0.471s] Level 1:colcon.colcon_core.package_identification:_identify(my_robot_controller) by extensions ['ros']
[0.471s] Level 1:colcon.colcon_core.package_identification:_identify(my_robot_controller) by extension 'ros'
[0.472s] DEBUG:colcon.colcon_core.package_identification:Package 'my_robot_controller' with type 'ros.ament_python' and name 'my_robot_controller'
[0.472s] Level 1:colcon.colcon_core.package_identification:_identify(shm_cpp) by extensions ['ignore', 'ignore_ament_install']
[0.472s] Level 1:colcon.colcon_core.package_identification:_identify(shm_cpp) by extension 'ignore'
[0.472s] Level 1:colcon.colcon_core.package_identification:_identify(shm_cpp) by extension 'ignore_ament_install'
[0.472s] Level 1:colcon.colcon_core.package_identification:_identify(shm_cpp) by extensions ['colcon_pkg']
[0.473s] Level 1:colcon.colcon_core.package_identification:_identify(shm_cpp) by extension 'colcon_pkg'
[0.473s] Level 1:colcon.colcon_core.package_identification:_identify(shm_cpp) by extensions ['colcon_meta']
[0.473s] Level 1:colcon.colcon_core.package_identification:_identify(shm_cpp) by extension 'colcon_meta'
[0.473s] Level 1:colcon.colcon_core.package_identification:_identify(shm_cpp) by extensions ['ros']
[0.473s] Level 1:colcon.colcon_core.package_identification:_identify(shm_cpp) by extension 'ros'
[0.473s] DEBUG:colcon.colcon_core.package_identification:Package 'shm_cpp' with type 'ros.ament_cmake' and name 'shm_cpp'
[0.473s] Level 1:colcon.colcon_core.package_identification:_identify(src) by extensions ['ignore', 'ignore_ament_install']
[0.473s] Level 1:colcon.colcon_core.package_identification:_identify(src) by extension 'ignore'
[0.474s] Level 1:colcon.colcon_core.package_identification:_identify(src) by extension 'ignore_ament_install'
[0.474s] Level 1:colcon.colcon_core.package_identification:_identify(src) by extensions ['colcon_pkg']
[0.474s] Level 1:colcon.colcon_core.package_identification:_identify(src) by extension 'colcon_pkg'
[0.474s] Level 1:colcon.colcon_core.package_identification:_identify(src) by extensions ['colcon_meta']
[0.474s] Level 1:colcon.colcon_core.package_identification:_identify(src) by extension 'colcon_meta'
[0.474s] Level 1:colcon.colcon_core.package_identification:_identify(src) by extensions ['ros']
[0.474s] Level 1:colcon.colcon_core.package_identification:_identify(src) by extension 'ros'
[0.474s] Level 1:colcon.colcon_core.package_identification:_identify(src) by extensions ['cmake', 'python']
[0.474s] Level 1:colcon.colcon_core.package_identification:_identify(src) by extension 'cmake'
[0.474s] Level 1:colcon.colcon_core.package_identification:_identify(src) by extension 'python'
[0.474s] Level 1:colcon.colcon_core.package_identification:_identify(src) by extensions ['python_setup_py']
[0.474s] Level 1:colcon.colcon_core.package_identification:_identify(src) by extension 'python_setup_py'
[0.474s] Level 1:colcon.colcon_core.package_identification:_identify(src/my_robot_description) by extensions ['ignore', 'ignore_ament_install']
[0.474s] Level 1:colcon.colcon_core.package_identification:_identify(src/my_robot_description) by extension 'ignore'
[0.474s] Level 1:colcon.colcon_core.package_identification:_identify(src/my_robot_description) by extension 'ignore_ament_install'
[0.474s] Level 1:colcon.colcon_core.package_identification:_identify(src/my_robot_description) by extensions ['colcon_pkg']
[0.474s] Level 1:colcon.colcon_core.package_identification:_identify(src/my_robot_description) by extension 'colcon_pkg'
[0.474s] Level 1:colcon.colcon_core.package_identification:_identify(src/my_robot_description) by extensions ['colcon_meta']
[0.474s] Level 1:colcon.colcon_core.package_identification:_identify(src/my_robot_description) by extension 'colcon_meta'
[0.474s] Level 1:colcon.colcon_core.package_identification:_identify(src/my_robot_description) by extensions ['ros']
[0.474s] Level 1:colcon.colcon_core.package_identification:_identify(src/my_robot_description) by extension 'ros'
[0.475s] DEBUG:colcon.colcon_core.package_identification:Package 'src/my_robot_description' with type 'ros.ament_cmake' and name 'my_robot_description'
[0.475s] Level 1:colcon.colcon_core.package_discovery:discover_packages(recursive) using defaults
[0.475s] Level 1:colcon.colcon_core.package_discovery:discover_packages(ignore) discover
[0.475s] Level 1:colcon.colcon_core.package_discovery:discover_packages(ignore) using defaults
[0.475s] Level 1:colcon.colcon_core.package_discovery:discover_packages(path) discover
[0.475s] Level 1:colcon.colcon_core.package_discovery:discover_packages(path) using defaults
[0.508s] Level 1:colcon.colcon_core.package_discovery:discover_packages(prefix_path) check parameters
[0.508s] Level 1:colcon.colcon_core.package_discovery:discover_packages(prefix_path) discover
[0.511s] DEBUG:colcon.colcon_installed_package_information.package_discovery:Found 4 installed packages in /home/tss8117/Desktop/tirth_ws/AISD_Trainee_Module/install
[0.511s] DEBUG:colcon.colcon_installed_package_information.package_discovery:Found 1 installed packages in /home/tss8117/ros2_ws/install
[0.512s] DEBUG:colcon.colcon_installed_package_information.package_discovery:Found 4 installed packages in /home/tss8117/ros2_ws/src/install
[0.513s] DEBUG:colcon.colcon_installed_package_information.package_discovery:Found 326 installed packages in /opt/ros/humble
[0.515s] Level 1:colcon.colcon_core.package_discovery:discover_packages(prefix_path) using defaults
[0.564s] Level 5:colcon.colcon_core.verb:set package 'handshake' build argument 'cmake_args' from command line to 'None'
[0.564s] Level 5:colcon.colcon_core.verb:set package 'handshake' build argument 'cmake_target' from command line to 'None'
[0.564s] Level 5:colcon.colcon_core.verb:set package 'handshake' build argument 'cmake_target_skip_unavailable' from command line to 'False'
[0.564s] Level 5:colcon.colcon_core.verb:set package 'handshake' build argument 'cmake_clean_cache' from command line to 'False'
[0.564s] Level 5:colcon.colcon_core.verb:set package 'handshake' build argument 'cmake_clean_first' from command line to 'False'
[0.564s] Level 5:colcon.colcon_core.verb:set package 'handshake' build argument 'cmake_force_configure' from command line to 'False'
[0.564s] Level 5:colcon.colcon_core.verb:set package 'handshake' build argument 'ament_cmake_args' from command line to 'None'
[0.564s] Level 5:colcon.colcon_core.verb:set package 'handshake' build argument 'catkin_cmake_args' from command line to 'None'
[0.564s] Level 5:colcon.colcon_core.verb:set package 'handshake' build argument 'catkin_skip_building_tests' from command line to 'False'
[0.564s] DEBUG:colcon.colcon_core.verb:Building package 'handshake' with the following arguments: {'ament_cmake_args': None, 'build_base': '/home/tss8117/Desktop/tirth_ws/AISD_Trainee_Module/build/handshake', 'catkin_cmake_args': None, 'catkin_skip_building_tests': False, 'cmake_args': None, 'cmake_clean_cache': False, 'cmake_clean_first': False, 'cmake_force_configure': False, 'cmake_target': None, 'cmake_target_skip_unavailable': False, 'install_base': '/home/tss8117/Desktop/tirth_ws/AISD_Trainee_Module/install/handshake', 'merge_install': False, 'path': '/home/tss8117/Desktop/tirth_ws/AISD_Trainee_Module/handshake', 'symlink_install': False, 'test_result_base': None}
[0.564s] Level 5:colcon.colcon_core.verb:set package 'my_robot_controller' build argument 'cmake_args' from command line to 'None'
[0.564s] Level 5:colcon.colcon_core.verb:set package 'my_robot_controller' build argument 'cmake_target' from command line to 'None'
[0.564s] Level 5:colcon.colcon_core.verb:set package 'my_robot_controller' build argument 'cmake_target_skip_unavailable' from command line to 'False'
[0.564s] Level 5:colcon.colcon_core.verb:set package 'my_robot_controller' build argument 'cmake_clean_cache' from command line to 'False'
[0.565s] Level 5:colcon.colcon_core.verb:set package 'my_robot_controller' build argument 'cmake_clean_first' from command line to 'False'
[0.565s] Level 5:colcon.colcon_core.verb:set package 'my_robot_controller' build argument 'cmake_force_configure' from command line to 'False'
[0.565s] Level 5:colcon.colcon_core.verb:set package 'my_robot_controller' build argument 'ament_cmake_args' from command line to 'None'
[0.565s] Level 5:colcon.colcon_core.verb:set package 'my_robot_controller' build argument 'catkin_cmake_args' from command line to 'None'
[0.565s] Level 5:colcon.colcon_core.verb:set package 'my_robot_controller' build argument 'catkin_skip_building_tests' from command line to 'False'
[0.565s] DEBUG:colcon.colcon_core.verb:Building package 'my_robot_controller' with the following arguments: {'ament_cmake_args': None, 'build_base': '/home/tss8117/Desktop/tirth_ws/AISD_Trainee_Module/build/my_robot_controller', 'catkin_cmake_args': None, 'catkin_skip_building_tests': False, 'cmake_args': None, 'cmake_clean_cache': False, 'cmake_clean_first': False, 'cmake_force_configure': False, 'cmake_target': None, 'cmake_target_skip_unavailable': False, 'install_base': '/home/tss8117/Desktop/tirth_ws/AISD_Trainee_Module/install/my_robot_controller', 'merge_install': False, 'path': '/home/tss8117/Desktop/tirth_ws/AISD_Trainee_Module/my_robot_controller', 'symlink_install': False, 'test_result_base': None}
[0.565s] Level 5:colcon.colcon_core.verb:set package 'my_robot_description' build argument 'cmake_args' from command line to 'None'
[0.565s] Level 5:colcon.colcon_core.verb:set package 'my_robot_description' build argument 'cmake_target' from command line to 'None'
[0.565s] Level 5:colcon.colcon_core.verb:set package 'my_robot_description' build argument 'cmake_target_skip_unavailable' from command line to 'False'
[0.565s] Level 5:colcon.colcon_core.verb:set package 'my_robot_description' build argument 'cmake_clean_cache' from command line to 'False'
[0.565s] Level 5:colcon.colcon_core.verb:set package 'my_robot_description' build argument 'cmake_clean_first' from command line to 'False'
[0.565s] Level 5:colcon.colcon_core.verb:set package 'my_robot_description' build argument 'cmake_force_configure' from command line to 'False'
[0.565s] Level 5:colcon.colcon_core.verb:set package 'my_robot_description' build argument 'ament_cmake_args' from command line to 'None'
[0.565s] Level 5:colcon.colcon_core.verb:set package 'my_robot_description' build argument 'catkin_cmake_args' from command line to 'None'
[0.565s] Level 5:colcon.colcon_core.verb:set package 'my_robot_description' build argument 'catkin_skip_building_tests' from command line to 'False'
[0.565s] DEBUG:colcon.colcon_core.verb:Building package 'my_robot_description' with the following arguments: {'ament_cmake_args': None, 'build_base': '/home/tss8117/Desktop/tirth_ws/AISD_Trainee_Module/build/my_robot_description', 'catkin_cmake_args': None, 'catkin_skip_building_tests': False, 'cmake_args': None, 'cmake_clean_cache': False, 'cmake_clean_first': False, 'cmake_force_configure': False, 'cmake_target': None, 'cmake_target_skip_unavailable': False, 'install_base': '/home/tss8117/Desktop/tirth_ws/AISD_Trainee_Module/install/my_robot_description', 'merge_install': False, 'path': '/home/tss8117/Desktop/tirth_ws/AISD_Trainee_Module/src/my_robot_description', 'symlink_install': False, 'test_result_base': None}
[0.565s] Level 5:colcon.colcon_core.verb:set package 'shm_cpp' build argument 'cmake_args' from command line to 'None'
[0.565s] Level 5:colcon.colcon_core.verb:set package 'shm_cpp' build argument 'cmake_target' from command line to 'None'
[0.565s] Level 5:colcon.colcon_core.verb:set package 'shm_cpp' build argument 'cmake_target_skip_unavailable' from command line to 'False'
[0.565s] Level 5:colcon.colcon_core.verb:set package 'shm_cpp' build argument 'cmake_clean_cache' from command line to 'False'
[0.565s] Level 5:colcon.colcon_core.verb:set package 'shm_cpp' build argument 'cmake_clean_first' from command line to 'False'
[0.566s] Level 5:colcon.colcon_core.verb:set package 'shm_cpp' build argument 'cmake_force_configure' from command line to 'False'
[0.566s] Level 5:colcon.colcon_core.verb:set package 'shm_cpp' build argument 'ament_cmake_args' from command line to 'None'
[0.566s] Level 5:colcon.colcon_core.verb:set package 'shm_cpp' build argument 'catkin_cmake_args' from command line to 'None'
[0.566s] Level 5:colcon.colcon_core.verb:set package 'shm_cpp' build argument 'catkin_skip_building_tests' from command line to 'False'
[0.566s] DEBUG:colcon.colcon_core.verb:Building package 'shm_cpp' with the following arguments: {'ament_cmake_args': None, 'build_base': '/home/tss8117/Desktop/tirth_ws/AISD_Trainee_Module/build/shm_cpp', 'catkin_cmake_args': None, 'catkin_skip_building_tests': False, 'cmake_args': None, 'cmake_clean_cache': False, 'cmake_clean_first': False, 'cmake_force_configure': False, 'cmake_target': None, 'cmake_target_skip_unavailable': False, 'install_base': '/home/tss8117/Desktop/tirth_ws/AISD_Trainee_Module/install/shm_cpp', 'merge_install': False, 'path': '/home/tss8117/Desktop/tirth_ws/AISD_Trainee_Module/shm_cpp', 'symlink_install': False, 'test_result_base': None}
[0.566s] INFO:colcon.colcon_core.executor:Executing jobs using 'parallel' executor
[0.567s] DEBUG:colcon.colcon_parallel_executor.executor.parallel:run_until_complete
[0.568s] INFO:colcon.colcon_ros.task.ament_python.build:Building ROS package in '/home/tss8117/Desktop/tirth_ws/AISD_Trainee_Module/handshake' with build type 'ament_python'
[0.568s] Level 1:colcon.colcon_core.shell:create_environment_hook('handshake', 'ament_prefix_path')
[0.573s] INFO:colcon.colcon_core.plugin_system:Skipping extension 'colcon_core.shell.bat': Not used on non-Windows systems
[0.573s] INFO:colcon.colcon_core.shell:Creating environment hook '/home/tss8117/Desktop/tirth_ws/AISD_Trainee_Module/install/handshake/share/handshake/hook/ament_prefix_path.ps1'
[0.573s] INFO:colcon.colcon_core.shell:Creating environment descriptor '/home/tss8117/Desktop/tirth_ws/AISD_Trainee_Module/install/handshake/share/handshake/hook/ament_prefix_path.dsv'
[0.574s] INFO:colcon.colcon_core.shell:Creating environment hook '/home/tss8117/Desktop/tirth_ws/AISD_Trainee_Module/install/handshake/share/handshake/hook/ament_prefix_path.sh'
[0.575s] INFO:colcon.colcon_core.shell:Skip shell extension 'powershell' for command environment: Not usable outside of PowerShell
[0.575s] DEBUG:colcon.colcon_core.shell:Skip shell extension 'dsv' for command environment
[0.579s] INFO:colcon.colcon_ros.task.ament_python.build:Building ROS package in '/home/tss8117/Desktop/tirth_ws/AISD_Trainee_Module/my_robot_controller' with build type 'ament_python'
[0.580s] Level 1:colcon.colcon_core.shell:create_environment_hook('my_robot_controller', 'ament_prefix_path')
[0.580s] INFO:colcon.colcon_core.shell:Creating environment hook '/home/tss8117/Desktop/tirth_ws/AISD_Trainee_Module/install/my_robot_controller/share/my_robot_controller/hook/ament_prefix_path.ps1'
[0.581s] INFO:colcon.colcon_core.shell:Creating environment descriptor '/home/tss8117/Desktop/tirth_ws/AISD_Trainee_Module/install/my_robot_controller/share/my_robot_controller/hook/ament_prefix_path.dsv'
[0.581s] INFO:colcon.colcon_core.shell:Creating environment hook '/home/tss8117/Desktop/tirth_ws/AISD_Trainee_Module/install/my_robot_controller/share/my_robot_controller/hook/ament_prefix_path.sh'
[0.582s] INFO:colcon.colcon_core.shell:Skip shell extension 'powershell' for command environment: Not usable outside of PowerShell
[0.582s] DEBUG:colcon.colcon_core.shell:Skip shell extension 'dsv' for command environment
[0.585s] INFO:colcon.colcon_ros.task.ament_cmake.build:Building ROS package in '/home/tss8117/Desktop/tirth_ws/AISD_Trainee_Module/src/my_robot_description' with build type 'ament_cmake'
[0.585s] INFO:colcon.colcon_cmake.task.cmake.build:Building CMake package in '/home/tss8117/Desktop/tirth_ws/AISD_Trainee_Module/src/my_robot_description'
[0.585s] INFO:colcon.colcon_core.shell:Skip shell extension 'powershell' for command environment: Not usable outside of PowerShell
[0.585s] DEBUG:colcon.colcon_core.shell:Skip shell extension 'dsv' for command environment
[0.590s] INFO:colcon.colcon_ros.task.ament_cmake.build:Building ROS package in '/home/tss8117/Desktop/tirth_ws/AISD_Trainee_Module/shm_cpp' with build type 'ament_cmake'
[0.591s] INFO:colcon.colcon_cmake.task.cmake.build:Building CMake package in '/home/tss8117/Desktop/tirth_ws/AISD_Trainee_Module/shm_cpp'
[0.591s] INFO:colcon.colcon_core.shell:Skip shell extension 'powershell' for command environment: Not usable outside of PowerShell
[0.592s] DEBUG:colcon.colcon_core.shell:Skip shell extension 'dsv' for command environment
[0.851s] INFO:colcon.colcon_core.task.python.build:Building Python package in '/home/tss8117/Desktop/tirth_ws/AISD_Trainee_Module/handshake'
[0.852s] INFO:colcon.colcon_core.shell:Skip shell extension 'powershell' for command environment: Not usable outside of PowerShell
[0.852s] DEBUG:colcon.colcon_core.shell:Skip shell extension 'dsv' for command environment
[1.078s] INFO:colcon.colcon_core.task.python.build:Building Python package in '/home/tss8117/Desktop/tirth_ws/AISD_Trainee_Module/my_robot_controller'
[1.079s] INFO:colcon.colcon_core.shell:Skip shell extension 'powershell' for command environment: Not usable outside of PowerShell
[1.079s] DEBUG:colcon.colcon_core.shell:Skip shell extension 'dsv' for command environment
[1.089s] DEBUG:colcon.colcon_core.event_handler.log_command:Invoking command in '/home/tss8117/Desktop/tirth_ws/AISD_Trainee_Module/build/my_robot_description': CMAKE_PREFIX_PATH=${CMAKE_PREFIX_PATH}:/home/tss8117/Desktop/tirth_ws/AISD_Trainee_Module/install/my_robot_controller:/home/tss8117/Desktop/tirth_ws/AISD_Trainee_Module/install/handshake:/home/tss8117/ros2_ws/src/install/my_robot_controller:/home/tss8117/ros2_ws/src/install/handshake:/home/tss8117/ros2_ws/src/install/SHM:/opt/ros/humble /usr/bin/cmake --build /home/tss8117/Desktop/tirth_ws/AISD_Trainee_Module/build/my_robot_description -- -j4 -l4
[1.092s] DEBUG:colcon.colcon_core.event_handler.log_command:Invoking command in '/home/tss8117/Desktop/tirth_ws/AISD_Trainee_Module/build/shm_cpp': CMAKE_PREFIX_PATH=${CMAKE_PREFIX_PATH}:/home/tss8117/Desktop/tirth_ws/AISD_Trainee_Module/install/my_robot_controller:/home/tss8117/Desktop/tirth_ws/AISD_Trainee_Module/install/handshake:/home/tss8117/ros2_ws/src/install/my_robot_controller:/home/tss8117/ros2_ws/src/install/handshake:/home/tss8117/ros2_ws/src/install/SHM:/opt/ros/humble /usr/bin/cmake --build /home/tss8117/Desktop/tirth_ws/AISD_Trainee_Module/build/shm_cpp -- -j4 -l4
[1.138s] DEBUG:colcon.colcon_core.event_handler.log_command:Invoked command in '/home/tss8117/Desktop/tirth_ws/AISD_Trainee_Module/build/my_robot_description' returned '0': CMAKE_PREFIX_PATH=${CMAKE_PREFIX_PATH}:/home/tss8117/Desktop/tirth_ws/AISD_Trainee_Module/install/my_robot_controller:/home/tss8117/Desktop/tirth_ws/AISD_Trainee_Module/install/handshake:/home/tss8117/ros2_ws/src/install/my_robot_controller:/home/tss8117/ros2_ws/src/install/handshake:/home/tss8117/ros2_ws/src/install/SHM:/opt/ros/humble /usr/bin/cmake --build /home/tss8117/Desktop/tirth_ws/AISD_Trainee_Module/build/my_robot_description -- -j4 -l4
[1.155s] DEBUG:colcon.colcon_core.event_handler.log_command:Invoking command in '/home/tss8117/Desktop/tirth_ws/AISD_Trainee_Module/build/my_robot_description': CMAKE_PREFIX_PATH=${CMAKE_PREFIX_PATH}:/home/tss8117/Desktop/tirth_ws/AISD_Trainee_Module/install/my_robot_controller:/home/tss8117/Desktop/tirth_ws/AISD_Trainee_Module/install/handshake:/home/tss8117/ros2_ws/src/install/my_robot_controller:/home/tss8117/ros2_ws/src/install/handshake:/home/tss8117/ros2_ws/src/install/SHM:/opt/ros/humble /usr/bin/cmake --install /home/tss8117/Desktop/tirth_ws/AISD_Trainee_Module/build/my_robot_description
[1.188s] Level 1:colcon.colcon_core.environment:create_environment_scripts_only(my_robot_description)
[1.189s] DEBUG:colcon.colcon_core.event_handler.log_command:Invoked command in '/home/tss8117/Desktop/tirth_ws/AISD_Trainee_Module/build/my_robot_description' returned '0': CMAKE_PREFIX_PATH=${CMAKE_PREFIX_PATH}:/home/tss8117/Desktop/tirth_ws/AISD_Trainee_Module/install/my_robot_controller:/home/tss8117/Desktop/tirth_ws/AISD_Trainee_Module/install/handshake:/home/tss8117/ros2_ws/src/install/my_robot_controller:/home/tss8117/ros2_ws/src/install/handshake:/home/tss8117/ros2_ws/src/install/SHM:/opt/ros/humble /usr/bin/cmake --install /home/tss8117/Desktop/tirth_ws/AISD_Trainee_Module/build/my_robot_description
[1.195s] Level 1:colcon.colcon_core.environment:checking '/home/tss8117/Desktop/tirth_ws/AISD_Trainee_Module/install/my_robot_description' for CMake module files
[1.196s] Level 1:colcon.colcon_core.environment:checking '/home/tss8117/Desktop/tirth_ws/AISD_Trainee_Module/install/my_robot_description' for CMake config files
[1.196s] Level 1:colcon.colcon_core.shell:create_environment_hook('my_robot_description', 'cmake_prefix_path')
[1.196s] INFO:colcon.colcon_core.shell:Creating environment hook '/home/tss8117/Desktop/tirth_ws/AISD_Trainee_Module/install/my_robot_description/share/my_robot_description/hook/cmake_prefix_path.ps1'
[1.197s] INFO:colcon.colcon_core.shell:Creating environment descriptor '/home/tss8117/Desktop/tirth_ws/AISD_Trainee_Module/install/my_robot_description/share/my_robot_description/hook/cmake_prefix_path.dsv'
[1.197s] INFO:colcon.colcon_core.shell:Creating environment hook '/home/tss8117/Desktop/tirth_ws/AISD_Trainee_Module/install/my_robot_description/share/my_robot_description/hook/cmake_prefix_path.sh'
[1.198s] Level 1:colcon.colcon_core.environment:checking '/home/tss8117/Desktop/tirth_ws/AISD_Trainee_Module/install/my_robot_description/bin'
[1.198s] Level 1:colcon.colcon_core.environment:checking '/home/tss8117/Desktop/tirth_ws/AISD_Trainee_Module/install/my_robot_description/lib/pkgconfig/my_robot_description.pc'
[1.199s] Level 1:colcon.colcon_core.environment:checking '/home/tss8117/Desktop/tirth_ws/AISD_Trainee_Module/install/my_robot_description/lib/python3.10/site-packages'
[1.199s] Level 1:colcon.colcon_core.environment:checking '/home/tss8117/Desktop/tirth_ws/AISD_Trainee_Module/install/my_robot_description/bin'
[1.199s] INFO:colcon.colcon_core.shell:Creating package script '/home/tss8117/Desktop/tirth_ws/AISD_Trainee_Module/install/my_robot_description/share/my_robot_description/package.ps1'
[1.200s] INFO:colcon.colcon_core.shell:Creating package descriptor '/home/tss8117/Desktop/tirth_ws/AISD_Trainee_Module/install/my_robot_description/share/my_robot_description/package.dsv'
[1.201s] INFO:colcon.colcon_core.shell:Creating package script '/home/tss8117/Desktop/tirth_ws/AISD_Trainee_Module/install/my_robot_description/share/my_robot_description/package.sh'
[1.202s] INFO:colcon.colcon_core.shell:Creating package script '/home/tss8117/Desktop/tirth_ws/AISD_Trainee_Module/install/my_robot_description/share/my_robot_description/package.bash'
[1.203s] INFO:colcon.colcon_core.shell:Creating package script '/home/tss8117/Desktop/tirth_ws/AISD_Trainee_Module/install/my_robot_description/share/my_robot_description/package.zsh'
[1.205s] Level 1:colcon.colcon_core.environment:create_file_with_runtime_dependencies(/home/tss8117/Desktop/tirth_ws/AISD_Trainee_Module/install/my_robot_description/share/colcon-core/packages/my_robot_description)
[1.206s] Level 1:colcon.colcon_core.environment:create_environment_scripts_only(my_robot_description)
[1.206s] Level 1:colcon.colcon_core.environment:checking '/home/tss8117/Desktop/tirth_ws/AISD_Trainee_Module/install/my_robot_description' for CMake module files
[1.206s] Level 1:colcon.colcon_core.environment:checking '/home/tss8117/Desktop/tirth_ws/AISD_Trainee_Module/install/my_robot_description' for CMake config files
[1.207s] Level 1:colcon.colcon_core.shell:create_environment_hook('my_robot_description', 'cmake_prefix_path')
[1.207s] INFO:colcon.colcon_core.shell:Creating environment hook '/home/tss8117/Desktop/tirth_ws/AISD_Trainee_Module/install/my_robot_description/share/my_robot_description/hook/cmake_prefix_path.ps1'
[1.212s] INFO:colcon.colcon_core.shell:Creating environment descriptor '/home/tss8117/Desktop/tirth_ws/AISD_Trainee_Module/install/my_robot_description/share/my_robot_description/hook/cmake_prefix_path.dsv'
[1.213s] INFO:colcon.colcon_core.shell:Creating environment hook '/home/tss8117/Desktop/tirth_ws/AISD_Trainee_Module/install/my_robot_description/share/my_robot_description/hook/cmake_prefix_path.sh'
[1.214s] Level 1:colcon.colcon_core.environment:checking '/home/tss8117/Desktop/tirth_ws/AISD_Trainee_Module/install/my_robot_description/bin'
[1.214s] Level 1:colcon.colcon_core.environment:checking '/home/tss8117/Desktop/tirth_ws/AISD_Trainee_Module/install/my_robot_description/lib/pkgconfig/my_robot_description.pc'
[1.216s] Level 1:colcon.colcon_core.environment:checking '/home/tss8117/Desktop/tirth_ws/AISD_Trainee_Module/install/my_robot_description/lib/python3.10/site-packages'
[1.217s] Level 1:colcon.colcon_core.environment:checking '/home/tss8117/Desktop/tirth_ws/AISD_Trainee_Module/install/my_robot_description/bin'
[1.217s] INFO:colcon.colcon_core.shell:Creating package script '/home/tss8117/Desktop/tirth_ws/AISD_Trainee_Module/install/my_robot_description/share/my_robot_description/package.ps1'
[1.218s] INFO:colcon.colcon_core.shell:Creating package descriptor '/home/tss8117/Desktop/tirth_ws/AISD_Trainee_Module/install/my_robot_description/share/my_robot_description/package.dsv'
[1.219s] INFO:colcon.colcon_core.shell:Creating package script '/home/tss8117/Desktop/tirth_ws/AISD_Trainee_Module/install/my_robot_description/share/my_robot_description/package.sh'
[1.220s] INFO:colcon.colcon_core.shell:Creating package script '/home/tss8117/Desktop/tirth_ws/AISD_Trainee_Module/install/my_robot_description/share/my_robot_description/package.bash'
[1.220s] INFO:colcon.colcon_core.shell:Creating package script '/home/tss8117/Desktop/tirth_ws/AISD_Trainee_Module/install/my_robot_description/share/my_robot_description/package.zsh'
[1.221s] Level 1:colcon.colcon_core.environment:create_file_with_runtime_dependencies(/home/tss8117/Desktop/tirth_ws/AISD_Trainee_Module/install/my_robot_description/share/colcon-core/packages/my_robot_description)
[1.658s] DEBUG:colcon.colcon_core.event_handler.log_command:Invoked command in '/home/tss8117/Desktop/tirth_ws/AISD_Trainee_Module/build/shm_cpp' returned '0': CMAKE_PREFIX_PATH=${CMAKE_PREFIX_PATH}:/home/tss8117/Desktop/tirth_ws/AISD_Trainee_Module/install/my_robot_controller:/home/tss8117/Desktop/tirth_ws/AISD_Trainee_Module/install/handshake:/home/tss8117/ros2_ws/src/install/my_robot_controller:/home/tss8117/ros2_ws/src/install/handshake:/home/tss8117/ros2_ws/src/install/SHM:/opt/ros/humble /usr/bin/cmake --build /home/tss8117/Desktop/tirth_ws/AISD_Trainee_Module/build/shm_cpp -- -j4 -l4
[1.658s] DEBUG:colcon.colcon_core.event_handler.log_command:Invoking command in '/home/tss8117/Desktop/tirth_ws/AISD_Trainee_Module/build/shm_cpp': CMAKE_PREFIX_PATH=${CMAKE_PREFIX_PATH}:/home/tss8117/Desktop/tirth_ws/AISD_Trainee_Module/install/my_robot_controller:/home/tss8117/Desktop/tirth_ws/AISD_Trainee_Module/install/handshake:/home/tss8117/ros2_ws/src/install/my_robot_controller:/home/tss8117/ros2_ws/src/install/handshake:/home/tss8117/ros2_ws/src/install/SHM:/opt/ros/humble /usr/bin/cmake --install /home/tss8117/Desktop/tirth_ws/AISD_Trainee_Module/build/shm_cpp
[1.754s] DEBUG:colcon.colcon_core.event_handler.log_command:Invoking command in '/home/tss8117/Desktop/tirth_ws/AISD_Trainee_Module/handshake': PYTHONPATH=/home/tss8117/Desktop/tirth_ws/AISD_Trainee_Module/build/handshake/prefix_override:/usr/lib/python3/dist-packages/colcon_core/task/python/colcon_distutils_commands:/home/tss8117/Desktop/tirth_ws/AISD_Trainee_Module/install/handshake/lib/python3.10/site-packages:${PYTHONPATH} /usr/bin/python3 -W ignore:setup.py install is deprecated -W ignore:easy_install command is deprecated setup.py egg_info --egg-base ../build/handshake build --build-base /home/tss8117/Desktop/tirth_ws/AISD_Trainee_Module/build/handshake/build install --record /home/tss8117/Desktop/tirth_ws/AISD_Trainee_Module/build/handshake/install.log --single-version-externally-managed install_data
[1.755s] DEBUG:colcon.colcon_core.event_handler.log_command:Invoking command in '/home/tss8117/Desktop/tirth_ws/AISD_Trainee_Module/my_robot_controller': PYTHONPATH=/home/tss8117/Desktop/tirth_ws/AISD_Trainee_Module/build/my_robot_controller/prefix_override:/usr/lib/python3/dist-packages/colcon_core/task/python/colcon_distutils_commands:/home/tss8117/Desktop/tirth_ws/AISD_Trainee_Module/install/my_robot_controller/lib/python3.10/site-packages:${PYTHONPATH} /usr/bin/python3 -W ignore:setup.py install is deprecated -W ignore:easy_install command is deprecated setup.py egg_info --egg-base ../build/my_robot_controller build --build-base /home/tss8117/Desktop/tirth_ws/AISD_Trainee_Module/build/my_robot_controller/build install --record /home/tss8117/Desktop/tirth_ws/AISD_Trainee_Module/build/my_robot_controller/install.log --single-version-externally-managed install_data
[1.756s] Level 1:colcon.colcon_core.environment:create_environment_scripts_only(shm_cpp)
[1.756s] Level 1:colcon.colcon_core.environment:checking '/home/tss8117/Desktop/tirth_ws/AISD_Trainee_Module/install/shm_cpp' for CMake module files
[1.757s] Level 1:colcon.colcon_core.environment:checking '/home/tss8117/Desktop/tirth_ws/AISD_Trainee_Module/install/shm_cpp' for CMake config files
[1.757s] Level 1:colcon.colcon_core.shell:create_environment_hook('shm_cpp', 'cmake_prefix_path')
[1.758s] INFO:colcon.colcon_core.shell:Creating environment hook '/home/tss8117/Desktop/tirth_ws/AISD_Trainee_Module/install/shm_cpp/share/shm_cpp/hook/cmake_prefix_path.ps1'
[1.758s] INFO:colcon.colcon_core.shell:Creating environment descriptor '/home/tss8117/Desktop/tirth_ws/AISD_Trainee_Module/install/shm_cpp/share/shm_cpp/hook/cmake_prefix_path.dsv'
[1.759s] INFO:colcon.colcon_core.shell:Creating environment hook '/home/tss8117/Desktop/tirth_ws/AISD_Trainee_Module/install/shm_cpp/share/shm_cpp/hook/cmake_prefix_path.sh'
[1.760s] Level 1:colcon.colcon_core.environment:checking '/home/tss8117/Desktop/tirth_ws/AISD_Trainee_Module/install/shm_cpp/lib'
[1.760s] DEBUG:colcon.colcon_core.event_handler.log_command:Invoked command in '/home/tss8117/Desktop/tirth_ws/AISD_Trainee_Module/build/shm_cpp' returned '0': CMAKE_PREFIX_PATH=${CMAKE_PREFIX_PATH}:/home/tss8117/Desktop/tirth_ws/AISD_Trainee_Module/install/my_robot_controller:/home/tss8117/Desktop/tirth_ws/AISD_Trainee_Module/install/handshake:/home/tss8117/ros2_ws/src/install/my_robot_controller:/home/tss8117/ros2_ws/src/install/handshake:/home/tss8117/ros2_ws/src/install/SHM:/opt/ros/humble /usr/bin/cmake --install /home/tss8117/Desktop/tirth_ws/AISD_Trainee_Module/build/shm_cpp
[1.760s] Level 1:colcon.colcon_core.shell:create_environment_hook('shm_cpp', 'ld_library_path_lib')
[1.761s] INFO:colcon.colcon_core.shell:Creating environment hook '/home/tss8117/Desktop/tirth_ws/AISD_Trainee_Module/install/shm_cpp/share/shm_cpp/hook/ld_library_path_lib.ps1'
[1.761s] INFO:colcon.colcon_core.shell:Creating environment descriptor '/home/tss8117/Desktop/tirth_ws/AISD_Trainee_Module/install/shm_cpp/share/shm_cpp/hook/ld_library_path_lib.dsv'
[1.761s] INFO:colcon.colcon_core.shell:Creating environment hook '/home/tss8117/Desktop/tirth_ws/AISD_Trainee_Module/install/shm_cpp/share/shm_cpp/hook/ld_library_path_lib.sh'
[1.762s] Level 1:colcon.colcon_core.environment:checking '/home/tss8117/Desktop/tirth_ws/AISD_Trainee_Module/install/shm_cpp/bin'
[1.762s] Level 1:colcon.colcon_core.environment:checking '/home/tss8117/Desktop/tirth_ws/AISD_Trainee_Module/install/shm_cpp/lib/pkgconfig/shm_cpp.pc'
[1.763s] Level 1:colcon.colcon_core.environment:checking '/home/tss8117/Desktop/tirth_ws/AISD_Trainee_Module/install/shm_cpp/lib/python3.10/site-packages'
[1.763s] Level 1:colcon.colcon_core.environment:checking '/home/tss8117/Desktop/tirth_ws/AISD_Trainee_Module/install/shm_cpp/bin'
[1.764s] INFO:colcon.colcon_core.shell:Creating package script '/home/tss8117/Desktop/tirth_ws/AISD_Trainee_Module/install/shm_cpp/share/shm_cpp/package.ps1'
[1.764s] INFO:colcon.colcon_core.shell:Creating package descriptor '/home/tss8117/Desktop/tirth_ws/AISD_Trainee_Module/install/shm_cpp/share/shm_cpp/package.dsv'
[1.765s] INFO:colcon.colcon_core.shell:Creating package script '/home/tss8117/Desktop/tirth_ws/AISD_Trainee_Module/install/shm_cpp/share/shm_cpp/package.sh'
[1.765s] INFO:colcon.colcon_core.shell:Creating package script '/home/tss8117/Desktop/tirth_ws/AISD_Trainee_Module/install/shm_cpp/share/shm_cpp/package.bash'
[1.766s] INFO:colcon.colcon_core.shell:Creating package script '/home/tss8117/Desktop/tirth_ws/AISD_Trainee_Module/install/shm_cpp/share/shm_cpp/package.zsh'
[1.766s] Level 1:colcon.colcon_core.environment:create_file_with_runtime_dependencies(/home/tss8117/Desktop/tirth_ws/AISD_Trainee_Module/install/shm_cpp/share/colcon-core/packages/shm_cpp)
[1.767s] Level 1:colcon.colcon_core.environment:create_environment_scripts_only(shm_cpp)
[1.767s] Level 1:colcon.colcon_core.environment:checking '/home/tss8117/Desktop/tirth_ws/AISD_Trainee_Module/install/shm_cpp' for CMake module files
[1.768s] Level 1:colcon.colcon_core.environment:checking '/home/tss8117/Desktop/tirth_ws/AISD_Trainee_Module/install/shm_cpp' for CMake config files
[1.768s] Level 1:colcon.colcon_core.shell:create_environment_hook('shm_cpp', 'cmake_prefix_path')
[1.768s] INFO:colcon.colcon_core.shell:Creating environment hook '/home/tss8117/Desktop/tirth_ws/AISD_Trainee_Module/install/shm_cpp/share/shm_cpp/hook/cmake_prefix_path.ps1'
[1.769s] INFO:colcon.colcon_core.shell:Creating environment descriptor '/home/tss8117/Desktop/tirth_ws/AISD_Trainee_Module/install/shm_cpp/share/shm_cpp/hook/cmake_prefix_path.dsv'
[1.769s] INFO:colcon.colcon_core.shell:Creating environment hook '/home/tss8117/Desktop/tirth_ws/AISD_Trainee_Module/install/shm_cpp/share/shm_cpp/hook/cmake_prefix_path.sh'
[1.770s] Level 1:colcon.colcon_core.environment:checking '/home/tss8117/Desktop/tirth_ws/AISD_Trainee_Module/install/shm_cpp/lib'
[1.770s] Level 1:colcon.colcon_core.shell:create_environment_hook('shm_cpp', 'ld_library_path_lib')
[1.771s] INFO:colcon.colcon_core.shell:Creating environment hook '/home/tss8117/Desktop/tirth_ws/AISD_Trainee_Module/install/shm_cpp/share/shm_cpp/hook/ld_library_path_lib.ps1'
[1.771s] INFO:colcon.colcon_core.shell:Creating environment descriptor '/home/tss8117/Desktop/tirth_ws/AISD_Trainee_Module/install/shm_cpp/share/shm_cpp/hook/ld_library_path_lib.dsv'
[1.772s] INFO:colcon.colcon_core.shell:Creating environment hook '/home/tss8117/Desktop/tirth_ws/AISD_Trainee_Module/install/shm_cpp/share/shm_cpp/hook/ld_library_path_lib.sh'
[1.772s] Level 1:colcon.colcon_core.environment:checking '/home/tss8117/Desktop/tirth_ws/AISD_Trainee_Module/install/shm_cpp/bin'
[1.773s] Level 1:colcon.colcon_core.environment:checking '/home/tss8117/Desktop/tirth_ws/AISD_Trainee_Module/install/shm_cpp/lib/pkgconfig/shm_cpp.pc'
[1.773s] Level 1:colcon.colcon_core.environment:checking '/home/tss8117/Desktop/tirth_ws/AISD_Trainee_Module/install/shm_cpp/lib/python3.10/site-packages'
[1.773s] Level 1:colcon.colcon_core.environment:checking '/home/tss8117/Desktop/tirth_ws/AISD_Trainee_Module/install/shm_cpp/bin'
[1.774s] INFO:colcon.colcon_core.shell:Creating package script '/home/tss8117/Desktop/tirth_ws/AISD_Trainee_Module/install/shm_cpp/share/shm_cpp/package.ps1'
[1.774s] INFO:colcon.colcon_core.shell:Creating package descriptor '/home/tss8117/Desktop/tirth_ws/AISD_Trainee_Module/install/shm_cpp/share/shm_cpp/package.dsv'
[1.775s] INFO:colcon.colcon_core.shell:Creating package script '/home/tss8117/Desktop/tirth_ws/AISD_Trainee_Module/install/shm_cpp/share/shm_cpp/package.sh'
[1.775s] INFO:colcon.colcon_core.shell:Creating package script '/home/tss8117/Desktop/tirth_ws/AISD_Trainee_Module/install/shm_cpp/share/shm_cpp/package.bash'
[1.776s] INFO:colcon.colcon_core.shell:Creating package script '/home/tss8117/Desktop/tirth_ws/AISD_Trainee_Module/install/shm_cpp/share/shm_cpp/package.zsh'
[1.776s] Level 1:colcon.colcon_core.environment:create_file_with_runtime_dependencies(/home/tss8117/Desktop/tirth_ws/AISD_Trainee_Module/install/shm_cpp/share/colcon-core/packages/shm_cpp)
[2.043s] Level 1:colcon.colcon_core.environment:checking '/home/tss8117/Desktop/tirth_ws/AISD_Trainee_Module/install/handshake' for CMake module files
[2.043s] DEBUG:colcon.colcon_core.event_handler.log_command:Invoked command in '/home/tss8117/Desktop/tirth_ws/AISD_Trainee_Module/handshake' returned '0': PYTHONPATH=/home/tss8117/Desktop/tirth_ws/AISD_Trainee_Module/build/handshake/prefix_override:/usr/lib/python3/dist-packages/colcon_core/task/python/colcon_distutils_commands:/home/tss8117/Desktop/tirth_ws/AISD_Trainee_Module/install/handshake/lib/python3.10/site-packages:${PYTHONPATH} /usr/bin/python3 -W ignore:setup.py install is deprecated -W ignore:easy_install command is deprecated setup.py egg_info --egg-base ../build/handshake build --build-base /home/tss8117/Desktop/tirth_ws/AISD_Trainee_Module/build/handshake/build install --record /home/tss8117/Desktop/tirth_ws/AISD_Trainee_Module/build/handshake/install.log --single-version-externally-managed install_data
[2.044s] Level 1:colcon.colcon_core.environment:checking '/home/tss8117/Desktop/tirth_ws/AISD_Trainee_Module/install/handshake' for CMake config files
[2.044s] Level 1:colcon.colcon_core.environment:checking '/home/tss8117/Desktop/tirth_ws/AISD_Trainee_Module/install/handshake/lib'
[2.044s] Level 1:colcon.colcon_core.environment:checking '/home/tss8117/Desktop/tirth_ws/AISD_Trainee_Module/install/handshake/bin'
[2.044s] Level 1:colcon.colcon_core.environment:checking '/home/tss8117/Desktop/tirth_ws/AISD_Trainee_Module/install/handshake/lib/pkgconfig/handshake.pc'
[2.045s] Level 1:colcon.colcon_core.environment:checking '/home/tss8117/Desktop/tirth_ws/AISD_Trainee_Module/install/handshake/lib/python3.10/site-packages'
[2.045s] Level 1:colcon.colcon_core.shell:create_environment_hook('handshake', 'pythonpath')
[2.045s] INFO:colcon.colcon_core.shell:Creating environment hook '/home/tss8117/Desktop/tirth_ws/AISD_Trainee_Module/install/handshake/share/handshake/hook/pythonpath.ps1'
[2.045s] INFO:colcon.colcon_core.shell:Creating environment descriptor '/home/tss8117/Desktop/tirth_ws/AISD_Trainee_Module/install/handshake/share/handshake/hook/pythonpath.dsv'
[2.046s] INFO:colcon.colcon_core.shell:Creating environment hook '/home/tss8117/Desktop/tirth_ws/AISD_Trainee_Module/install/handshake/share/handshake/hook/pythonpath.sh'
[2.047s] Level 1:colcon.colcon_core.environment:checking '/home/tss8117/Desktop/tirth_ws/AISD_Trainee_Module/install/handshake/bin'
[2.047s] Level 1:colcon.colcon_core.environment:create_environment_scripts_only(handshake)
[2.047s] INFO:colcon.colcon_core.shell:Creating package script '/home/tss8117/Desktop/tirth_ws/AISD_Trainee_Module/install/handshake/share/handshake/package.ps1'
[2.047s] INFO:colcon.colcon_core.shell:Creating package descriptor '/home/tss8117/Desktop/tirth_ws/AISD_Trainee_Module/install/handshake/share/handshake/package.dsv'
[2.048s] INFO:colcon.colcon_core.shell:Creating package script '/home/tss8117/Desktop/tirth_ws/AISD_Trainee_Module/install/handshake/share/handshake/package.sh'
[2.048s] INFO:colcon.colcon_core.shell:Creating package script '/home/tss8117/Desktop/tirth_ws/AISD_Trainee_Module/install/handshake/share/handshake/package.bash'
[2.049s] INFO:colcon.colcon_core.shell:Creating package script '/home/tss8117/Desktop/tirth_ws/AISD_Trainee_Module/install/handshake/share/handshake/package.zsh'
[2.049s] Level 1:colcon.colcon_core.environment:create_file_with_runtime_dependencies(/home/tss8117/Desktop/tirth_ws/AISD_Trainee_Module/install/handshake/share/colcon-core/packages/handshake)
[2.051s] Level 1:colcon.colcon_core.environment:checking '/home/tss8117/Desktop/tirth_ws/AISD_Trainee_Module/install/my_robot_controller' for CMake module files
[2.051s] DEBUG:colcon.colcon_core.event_handler.log_command:Invoked command in '/home/tss8117/Desktop/tirth_ws/AISD_Trainee_Module/my_robot_controller' returned '0': PYTHONPATH=/home/tss8117/Desktop/tirth_ws/AISD_Trainee_Module/build/my_robot_controller/prefix_override:/usr/lib/python3/dist-packages/colcon_core/task/python/colcon_distutils_commands:/home/tss8117/Desktop/tirth_ws/AISD_Trainee_Module/install/my_robot_controller/lib/python3.10/site-packages:${PYTHONPATH} /usr/bin/python3 -W ignore:setup.py install is deprecated -W ignore:easy_install command is deprecated setup.py egg_info --egg-base ../build/my_robot_controller build --build-base /home/tss8117/Desktop/tirth_ws/AISD_Trainee_Module/build/my_robot_controller/build install --record /home/tss8117/Desktop/tirth_ws/AISD_Trainee_Module/build/my_robot_controller/install.log --single-version-externally-managed install_data
[2.051s] Level 1:colcon.colcon_core.environment:checking '/home/tss8117/Desktop/tirth_ws/AISD_Trainee_Module/install/my_robot_controller' for CMake config files
[2.052s] Level 1:colcon.colcon_core.environment:checking '/home/tss8117/Desktop/tirth_ws/AISD_Trainee_Module/install/my_robot_controller/lib'
[2.052s] Level 1:colcon.colcon_core.environment:checking '/home/tss8117/Desktop/tirth_ws/AISD_Trainee_Module/install/my_robot_controller/bin'
[2.052s] Level 1:colcon.colcon_core.environment:checking '/home/tss8117/Desktop/tirth_ws/AISD_Trainee_Module/install/my_robot_controller/lib/pkgconfig/my_robot_controller.pc'
[2.052s] Level 1:colcon.colcon_core.environment:checking '/home/tss8117/Desktop/tirth_ws/AISD_Trainee_Module/install/my_robot_controller/lib/python3.10/site-packages'
[2.052s] Level 1:colcon.colcon_core.shell:create_environment_hook('my_robot_controller', 'pythonpath')
[2.052s] INFO:colcon.colcon_core.shell:Creating environment hook '/home/tss8117/Desktop/tirth_ws/AISD_Trainee_Module/install/my_robot_controller/share/my_robot_controller/hook/pythonpath.ps1'
[2.053s] INFO:colcon.colcon_core.shell:Creating environment descriptor '/home/tss8117/Desktop/tirth_ws/AISD_Trainee_Module/install/my_robot_controller/share/my_robot_controller/hook/pythonpath.dsv'
[2.053s] INFO:colcon.colcon_core.shell:Creating environment hook '/home/tss8117/Desktop/tirth_ws/AISD_Trainee_Module/install/my_robot_controller/share/my_robot_controller/hook/pythonpath.sh'
[2.054s] Level 1:colcon.colcon_core.environment:checking '/home/tss8117/Desktop/tirth_ws/AISD_Trainee_Module/install/my_robot_controller/bin'
[2.054s] Level 1:colcon.colcon_core.environment:create_environment_scripts_only(my_robot_controller)
[2.054s] INFO:colcon.colcon_core.shell:Creating package script '/home/tss8117/Desktop/tirth_ws/AISD_Trainee_Module/install/my_robot_controller/share/my_robot_controller/package.ps1'
[2.054s] INFO:colcon.colcon_core.shell:Creating package descriptor '/home/tss8117/Desktop/tirth_ws/AISD_Trainee_Module/install/my_robot_controller/share/my_robot_controller/package.dsv'
[2.055s] INFO:colcon.colcon_core.shell:Creating package script '/home/tss8117/Desktop/tirth_ws/AISD_Trainee_Module/install/my_robot_controller/share/my_robot_controller/package.sh'
[2.055s] INFO:colcon.colcon_core.shell:Creating package script '/home/tss8117/Desktop/tirth_ws/AISD_Trainee_Module/install/my_robot_controller/share/my_robot_controller/package.bash'
[2.055s] INFO:colcon.colcon_core.shell:Creating package script '/home/tss8117/Desktop/tirth_ws/AISD_Trainee_Module/install/my_robot_controller/share/my_robot_controller/package.zsh'
[2.056s] Level 1:colcon.colcon_core.environment:create_file_with_runtime_dependencies(/home/tss8117/Desktop/tirth_ws/AISD_Trainee_Module/install/my_robot_controller/share/colcon-core/packages/my_robot_controller)
[2.056s] DEBUG:colcon.colcon_parallel_executor.executor.parallel:closing loop
[2.056s] DEBUG:colcon.colcon_parallel_executor.executor.parallel:loop closed
[2.057s] DEBUG:colcon.colcon_parallel_executor.executor.parallel:run_until_complete finished with '0'
[2.057s] DEBUG:colcon.colcon_core.event_reactor:joining thread
[2.061s] INFO:colcon.colcon_core.plugin_system:Skipping extension 'colcon_notification.desktop_notification.terminal_notifier': Not used on non-Darwin systems
[2.062s] INFO:colcon.colcon_core.plugin_system:Skipping extension 'colcon_notification.desktop_notification.win32': Not used on non-Windows systems
[2.062s] INFO:colcon.colcon_notification.desktop_notification:Sending desktop notification using 'notify2'
[2.082s] DEBUG:colcon.colcon_core.event_reactor:joined thread
[2.082s] INFO:colcon.colcon_core.shell:Creating prefix script '/home/tss8117/Desktop/tirth_ws/AISD_Trainee_Module/install/local_setup.ps1'
[2.083s] INFO:colcon.colcon_core.shell:Creating prefix util module '/home/tss8117/Desktop/tirth_ws/AISD_Trainee_Module/install/_local_setup_util_ps1.py'
[2.085s] INFO:colcon.colcon_core.shell:Creating prefix chain script '/home/tss8117/Desktop/tirth_ws/AISD_Trainee_Module/install/setup.ps1'
[2.086s] INFO:colcon.colcon_core.shell:Creating prefix script '/home/tss8117/Desktop/tirth_ws/AISD_Trainee_Module/install/local_setup.sh'
[2.086s] INFO:colcon.colcon_core.shell:Creating prefix util module '/home/tss8117/Desktop/tirth_ws/AISD_Trainee_Module/install/_local_setup_util_sh.py'
[2.087s] INFO:colcon.colcon_core.shell:Creating prefix chain script '/home/tss8117/Desktop/tirth_ws/AISD_Trainee_Module/install/setup.sh'
[2.088s] INFO:colcon.colcon_core.shell:Creating prefix script '/home/tss8117/Desktop/tirth_ws/AISD_Trainee_Module/install/local_setup.bash'
[2.088s] INFO:colcon.colcon_core.shell:Creating prefix chain script '/home/tss8117/Desktop/tirth_ws/AISD_Trainee_Module/install/setup.bash'
[2.090s] INFO:colcon.colcon_core.shell:Creating prefix script '/home/tss8117/Desktop/tirth_ws/AISD_Trainee_Module/install/local_setup.zsh'
[2.090s] INFO:colcon.colcon_core.shell:Creating prefix chain script '/home/tss8117/Desktop/tirth_ws/AISD_Trainee_Module/install/setup.zsh'
