[0.006s] Invoking command in '/home/pratik/ros2_ws/build/my_robot_description': /usr/bin/cmake --build /home/pratik/ros2_ws/build/my_robot_description -- -j20 -l20
[0.023s] -- Found ament_cmake: 1.3.12 (/opt/ros/humble/share/ament_cmake/cmake)
[0.125s] -- Found rclcpp: 16.0.17 (/opt/ros/humble/share/rclcpp/cmake)
[0.141s] -- Found rosidl_generator_c: 3.1.8 (/opt/ros/humble/share/rosidl_generator_c/cmake)
[0.142s] -- Found rosidl_adapter: 3.1.8 (/opt/ros/humble/share/rosidl_adapter/cmake)
[0.145s] -- Found rosidl_generator_cpp: 3.1.8 (/opt/ros/humble/share/rosidl_generator_cpp/cmake)
[0.150s] -- Using all available rosidl_typesupport_c: rosidl_typesupport_fastrtps_c;rosidl_typesupport_introspection_c
[0.156s] -- Using all available rosidl_typesupport_cpp: rosidl_typesupport_fastrtps_cpp;rosidl_typesupport_introspection_cpp
[0.172s] -- Found rmw_implementation_cmake: 6.1.2 (/opt/ros/humble/share/rmw_implementation_cmake/cmake)
[0.173s] -- Found rmw_fastrtps_cpp: 6.2.9 (/opt/ros/humble/share/rmw_fastrtps_cpp/cmake)
[0.243s] -- Using RMW implementation 'rmw_fastrtps_cpp' as default
[0.276s] -- Found geometry_msgs: 4.9.0 (/opt/ros/humble/share/geometry_msgs/cmake)
[0.282s] -- Found sensor_msgs: 4.9.0 (/opt/ros/humble/share/sensor_msgs/cmake)
[0.291s] -- Found rosidl_default_generators: 1.2.0 (/opt/ros/humble/share/rosidl_default_generators/cmake)
[0.393s] Error parsing '/home/pratik/ros2_ws/src/my_robot_description/package.xml':
[0.417s] Traceback (most recent call last):
[0.417s]   File "/opt/ros/humble/share/ament_cmake_core/cmake/core/package_xml_2_cmake.py", line 150, in <module>
[0.417s]     main()
[0.417s]   File "/opt/ros/humble/share/ament_cmake_core/cmake/core/package_xml_2_cmake.py", line 53, in main
[0.417s]     raise e
[0.417s]   File "/opt/ros/humble/share/ament_cmake_core/cmake/core/package_xml_2_cmake.py", line 49, in main
[0.417s]     package = parse_package_string(
[0.417s]   File "/usr/lib/python3/dist-packages/catkin_pkg/package.py", line 786, in parse_package_string
[0.419s]     raise InvalidPackage('Error(s):%s' % (''.join(['\n- %s' % e for e in errors])), filename)
[0.420s] catkin_pkg.package.InvalidPackage: Error(s) in package '/home/pratik/ros2_ws/src/my_robot_description/package.xml':
[0.420s] Error(s):
[0.420s] - The generic dependency on 'rclcpp' is redundant with: build_depend, build_export_depend, exec_depend
[0.420s] - The generic dependency on 'geometry_msgs' is redundant with: build_depend, build_export_depend, exec_depend
[0.420s] - The generic dependency on 'sensor_msgs' is redundant with: build_depend, build_export_depend, exec_depend
[0.426s] [31mCMake Error at /opt/ros/humble/share/ament_cmake_core/cmake/core/ament_package_xml.cmake:95 (message):
[0.427s]   execute_process(/usr/bin/python3
[0.427s]   /opt/ros/humble/share/ament_cmake_core/cmake/core/package_xml_2_cmake.py
[0.427s]   /home/pratik/ros2_ws/src/my_robot_description/package.xml
[0.427s]   /home/pratik/ros2_ws/build/my_robot_description/ament_cmake_core/package.cmake)
[0.427s]   returned error code 1
[0.427s] Call Stack (most recent call first):
[0.427s]   /opt/ros/humble/share/ament_cmake_core/cmake/core/ament_package_xml.cmake:49 (_ament_package_xml)
[0.427s]   /opt/ros/humble/share/rosidl_cmake/cmake/rosidl_generate_interfaces.cmake:226 (ament_package_xml)
[0.427s]   CMakeLists.txt:17 (rosidl_generate_interfaces)
[0.427s] 
[0.427s] [0m
[0.427s] -- Configuring incomplete, errors occurred!
[0.427s] See also "/home/pratik/ros2_ws/build/my_robot_description/CMakeFiles/CMakeOutput.log".
[0.431s] gmake: *** [Makefile:308: cmake_check_build_system] Error 1
[0.433s] Invoked command in '/home/pratik/ros2_ws/build/my_robot_description' returned '2': /usr/bin/cmake --build /home/pratik/ros2_ws/build/my_robot_description -- -j20 -l20
