-- The C compiler identification is GNU 11.4.0
-- The CXX compiler identification is GNU 11.4.0
-- Detecting C compiler ABI info
-- Detecting C compiler ABI info - done
-- Check for working C compiler: /usr/bin/cc - skipped
-- Detecting C compile features
-- Detecting C compile features - done
-- Detecting CXX compiler ABI info
-- Detecting CXX compiler ABI info - done
-- Check for working CXX compiler: /usr/bin/c++ - skipped
-- Detecting CXX compile features
-- Detecting CXX compile features - done
-- Found ament_cmake: 1.3.12 (/opt/ros/humble/share/ament_cmake/cmake)
-- Found Python3: /usr/bin/python3 (found version "3.10.12") found components: Interpreter 
-- Found rclcpp: 16.0.16 (/opt/ros/humble/share/rclcpp/cmake)
-- Found rosidl_generator_c: 3.1.7 (/opt/ros/humble/share/rosidl_generator_c/cmake)
-- Found rosidl_adapter: 3.1.7 (/opt/ros/humble/share/rosidl_adapter/cmake)
-- Found rosidl_generator_cpp: 3.1.7 (/opt/ros/humble/share/rosidl_generator_cpp/cmake)
-- Using all available rosidl_typesupport_c: rosidl_typesupport_fastrtps_c;rosidl_typesupport_introspection_c
-- Using all available rosidl_typesupport_cpp: rosidl_typesupport_fastrtps_cpp;rosidl_typesupport_introspection_cpp
-- Found rmw_implementation_cmake: 6.1.2 (/opt/ros/humble/share/rmw_implementation_cmake/cmake)
-- Found rmw_fastrtps_cpp: 6.2.9 (/opt/ros/humble/share/rmw_fastrtps_cpp/cmake)
-- Found OpenSSL: /usr/lib/aarch64-linux-gnu/libcrypto.so (found version "3.0.2")  
-- Found FastRTPS: /opt/ros/humble/include  
-- Using RMW implementation 'rmw_fastrtps_cpp' as default
-- Looking for pthread.h
-- Looking for pthread.h - found
-- Performing Test CMAKE_HAVE_LIBC_PTHREAD
-- Performing Test CMAKE_HAVE_LIBC_PTHREAD - Success
-- Found Threads: TRUE  
-- Found visualization_msgs: 4.9.0 (/opt/ros/humble/share/visualization_msgs/cmake)
-- Found rosidl_default_generators: 1.2.0 (/opt/ros/humble/share/rosidl_default_generators/cmake)
-- Found ament_cmake_ros: 0.10.0 (/opt/ros/humble/share/ament_cmake_ros/cmake)
-- Using all available rosidl_typesupport_c: rosidl_typesupport_fastrtps_c;rosidl_typesupport_introspection_c
-- Using all available rosidl_typesupport_cpp: rosidl_typesupport_fastrtps_cpp;rosidl_typesupport_introspection_cpp
-- Found PythonInterp: /usr/bin/python3 (found suitable version "3.10.12", minimum required is "3.6") 
-- Found python_cmake_module: 0.10.0 (/opt/ros/humble/share/python_cmake_module/cmake)
-- Found PythonLibs: /usr/lib/aarch64-linux-gnu/libpython3.10.so (found suitable version "3.10.12", minimum required is "3.5") 
-- Using PYTHON_EXECUTABLE: /usr/bin/python3
-- Using PYTHON_INCLUDE_DIRS: /usr/include/python3.10
-- Using PYTHON_LIBRARIES: /usr/lib/aarch64-linux-gnu/libpython3.10.so
-- Found PythonExtra: .so  
-- Configuring done
-- Generating done
-- Build files have been written to: /home/tss8117/Desktop/tirth_ws/AISD_Trainee_Module/build/shm_cpp
[  2%] [34m[1mGenerating C code for ROS interfaces[0m
[  2%] Built target ament_cmake_python_copy_shm_cpp
[  5%] [34m[1mGenerating C++ code for ROS interfaces[0m
[  8%] [32mBuilding CXX object CMakeFiles/visualize_marker.dir/src/visualize_marker.cpp.o[0m
running egg_info
creating shm_cpp.egg-info
writing shm_cpp.egg-info/PKG-INFO
writing dependency_links to shm_cpp.egg-info/dependency_links.txt
writing top-level names to shm_cpp.egg-info/top_level.txt
writing manifest file 'shm_cpp.egg-info/SOURCES.txt'
reading manifest file 'shm_cpp.egg-info/SOURCES.txt'
writing manifest file 'shm_cpp.egg-info/SOURCES.txt'
[  8%] Built target ament_cmake_python_build_shm_cpp_egg
[  8%] Built target shm_cpp__cpp
[ 11%] [34m[1mGenerating C++ type support dispatch for ROS interfaces[0m
[ 14%] [34m[1mGenerating C++ type support for eProsima Fast-RTPS[0m
[ 17%] [32mBuilding C object CMakeFiles/shm_cpp__rosidl_generator_c.dir/rosidl_generator_c/shm_cpp/srv/detail/set_spring__functions.c.o[0m
[ 20%] [32m[1mLinking C shared library libshm_cpp__rosidl_generator_c.so[0m
[ 20%] Built target shm_cpp__rosidl_generator_c
[ 22%] [34m[1mGenerating C++ introspection for ROS interfaces[0m
[ 25%] [32mBuilding CXX object CMakeFiles/shm_cpp__rosidl_typesupport_cpp.dir/rosidl_typesupport_cpp/shm_cpp/srv/set_spring__type_support.cpp.o[0m
[ 28%] [32mBuilding CXX object CMakeFiles/shm_cpp__rosidl_typesupport_fastrtps_cpp.dir/rosidl_typesupport_fastrtps_cpp/shm_cpp/srv/detail/dds_fastrtps/set_spring__type_support.cpp.o[0m
[ 31%] [32mBuilding CXX object CMakeFiles/shm_cpp__rosidl_typesupport_introspection_cpp.dir/rosidl_typesupport_introspection_cpp/shm_cpp/srv/detail/set_spring__type_support.cpp.o[0m
[ 34%] [32m[1mLinking CXX shared library libshm_cpp__rosidl_typesupport_cpp.so[0m
[ 34%] Built target shm_cpp__rosidl_typesupport_cpp
[ 37%] [34m[1mGenerating C type support for eProsima Fast-RTPS[0m
[ 40%] [32m[1mLinking CXX shared library libshm_cpp__rosidl_typesupport_fastrtps_cpp.so[0m
[ 40%] Built target shm_cpp__rosidl_typesupport_fastrtps_cpp
[ 42%] [34m[1mGenerating C introspection for ROS interfaces[0m
[ 45%] [32m[1mLinking CXX shared library libshm_cpp__rosidl_typesupport_introspection_cpp.so[0m
[ 48%] [32mBuilding C object CMakeFiles/shm_cpp__rosidl_typesupport_introspection_c.dir/rosidl_typesupport_introspection_c/shm_cpp/srv/detail/set_spring__type_support.c.o[0m
[ 48%] Built target shm_cpp__rosidl_typesupport_introspection_cpp
[ 51%] [32m[1mLinking C shared library libshm_cpp__rosidl_typesupport_introspection_c.so[0m
[ 54%] [32mBuilding CXX object CMakeFiles/shm_cpp__rosidl_typesupport_fastrtps_c.dir/rosidl_typesupport_fastrtps_c/shm_cpp/srv/detail/set_spring__type_support_c.cpp.o[0m
[ 57%] [34m[1mGenerating C type support dispatch for ROS interfaces[0m
[ 57%] Built target shm_cpp__rosidl_typesupport_introspection_c
[ 60%] [32mBuilding CXX object CMakeFiles/shm_cpp__rosidl_typesupport_c.dir/rosidl_typesupport_c/shm_cpp/srv/set_spring__type_support.cpp.o[0m
[ 62%] [32m[1mLinking CXX shared library libshm_cpp__rosidl_typesupport_c.so[0m
[ 65%] [32m[1mLinking CXX shared library libshm_cpp__rosidl_typesupport_fastrtps_c.so[0m
[ 65%] Built target shm_cpp__rosidl_typesupport_c
[ 65%] Built target shm_cpp__rosidl_typesupport_fastrtps_c
[ 65%] Built target shm_cpp
[ 68%] [32mBuilding CXX object CMakeFiles/position_publisher.dir/src/position_publisher.cpp.o[0m
[ 71%] [34m[1mGenerating Python code for ROS interfaces[0m
[ 71%] Built target shm_cpp__py
[ 74%] [32mBuilding C object CMakeFiles/shm_cpp__rosidl_generator_py.dir/rosidl_generator_py/shm_cpp/srv/_set_spring_s.c.o[0m
[ 77%] [32m[1mLinking C shared library rosidl_generator_py/shm_cpp/libshm_cpp__rosidl_generator_py.so[0m
[ 77%] Built target shm_cpp__rosidl_generator_py
[ 80%] [32mBuilding C object CMakeFiles/shm_cpp__rosidl_typesupport_fastrtps_c__pyext.dir/rosidl_generator_py/shm_cpp/_shm_cpp_s.ep.rosidl_typesupport_fastrtps_c.c.o[0m
[ 82%] [32mBuilding C object CMakeFiles/shm_cpp__rosidl_typesupport_introspection_c__pyext.dir/rosidl_generator_py/shm_cpp/_shm_cpp_s.ep.rosidl_typesupport_introspection_c.c.o[0m
[ 85%] [32m[1mLinking C shared library rosidl_generator_py/shm_cpp/shm_cpp_s__rosidl_typesupport_fastrtps_c.cpython-310-aarch64-linux-gnu.so[0m
[ 88%] [32m[1mLinking C shared library rosidl_generator_py/shm_cpp/shm_cpp_s__rosidl_typesupport_introspection_c.cpython-310-aarch64-linux-gnu.so[0m
[ 88%] Built target shm_cpp__rosidl_typesupport_fastrtps_c__pyext
[ 88%] Built target shm_cpp__rosidl_typesupport_introspection_c__pyext
[ 91%] [32mBuilding C object CMakeFiles/shm_cpp__rosidl_typesupport_c__pyext.dir/rosidl_generator_py/shm_cpp/_shm_cpp_s.ep.rosidl_typesupport_c.c.o[0m
[ 94%] [32m[1mLinking C shared library rosidl_generator_py/shm_cpp/shm_cpp_s__rosidl_typesupport_c.cpython-310-aarch64-linux-gnu.so[0m
[ 94%] Built target shm_cpp__rosidl_typesupport_c__pyext
[ 97%] [32m[1mLinking CXX executable position_publisher[0m
[ 97%] Built target position_publisher
[100%] [32m[1mLinking CXX executable visualize_marker[0m
[100%] Built target visualize_marker
-- Install configuration: ""
-- Installing: /home/tss8117/Desktop/tirth_ws/AISD_Trainee_Module/install/shm_cpp/share/ament_index/resource_index/rosidl_interfaces/shm_cpp
-- Installing: /home/tss8117/Desktop/tirth_ws/AISD_Trainee_Module/install/shm_cpp/include/shm_cpp/shm_cpp
-- Installing: /home/tss8117/Desktop/tirth_ws/AISD_Trainee_Module/install/shm_cpp/include/shm_cpp/shm_cpp/srv
-- Installing: /home/tss8117/Desktop/tirth_ws/AISD_Trainee_Module/install/shm_cpp/include/shm_cpp/shm_cpp/srv/set_spring.h
-- Installing: /home/tss8117/Desktop/tirth_ws/AISD_Trainee_Module/install/shm_cpp/include/shm_cpp/shm_cpp/srv/detail
-- Installing: /home/tss8117/Desktop/tirth_ws/AISD_Trainee_Module/install/shm_cpp/include/shm_cpp/shm_cpp/srv/detail/set_spring__functions.h
-- Installing: /home/tss8117/Desktop/tirth_ws/AISD_Trainee_Module/install/shm_cpp/include/shm_cpp/shm_cpp/srv/detail/set_spring__functions.c
-- Installing: /home/tss8117/Desktop/tirth_ws/AISD_Trainee_Module/install/shm_cpp/include/shm_cpp/shm_cpp/srv/detail/set_spring__type_support.h
-- Installing: /home/tss8117/Desktop/tirth_ws/AISD_Trainee_Module/install/shm_cpp/include/shm_cpp/shm_cpp/srv/detail/set_spring__struct.h
-- Installing: /home/tss8117/Desktop/tirth_ws/AISD_Trainee_Module/install/shm_cpp/include/shm_cpp/shm_cpp/msg
-- Installing: /home/tss8117/Desktop/tirth_ws/AISD_Trainee_Module/install/shm_cpp/include/shm_cpp/shm_cpp/msg/rosidl_generator_c__visibility_control.h
-- Installing: /home/tss8117/Desktop/tirth_ws/AISD_Trainee_Module/install/shm_cpp/share/shm_cpp/environment/library_path.sh
-- Installing: /home/tss8117/Desktop/tirth_ws/AISD_Trainee_Module/install/shm_cpp/share/shm_cpp/environment/library_path.dsv
-- Installing: /home/tss8117/Desktop/tirth_ws/AISD_Trainee_Module/install/shm_cpp/lib/libshm_cpp__rosidl_generator_c.so
-- Set runtime path of "/home/tss8117/Desktop/tirth_ws/AISD_Trainee_Module/install/shm_cpp/lib/libshm_cpp__rosidl_generator_c.so" to ""
-- Up-to-date: /home/tss8117/Desktop/tirth_ws/AISD_Trainee_Module/install/shm_cpp/include/shm_cpp/shm_cpp
-- Up-to-date: /home/tss8117/Desktop/tirth_ws/AISD_Trainee_Module/install/shm_cpp/include/shm_cpp/shm_cpp/srv
-- Up-to-date: /home/tss8117/Desktop/tirth_ws/AISD_Trainee_Module/install/shm_cpp/include/shm_cpp/shm_cpp/srv/detail
-- Installing: /home/tss8117/Desktop/tirth_ws/AISD_Trainee_Module/install/shm_cpp/include/shm_cpp/shm_cpp/srv/detail/set_spring__rosidl_typesupport_fastrtps_c.h
-- Up-to-date: /home/tss8117/Desktop/tirth_ws/AISD_Trainee_Module/install/shm_cpp/include/shm_cpp/shm_cpp/msg
-- Installing: /home/tss8117/Desktop/tirth_ws/AISD_Trainee_Module/install/shm_cpp/include/shm_cpp/shm_cpp/msg/rosidl_typesupport_fastrtps_c__visibility_control.h
-- Installing: /home/tss8117/Desktop/tirth_ws/AISD_Trainee_Module/install/shm_cpp/lib/libshm_cpp__rosidl_typesupport_fastrtps_c.so
-- Set runtime path of "/home/tss8117/Desktop/tirth_ws/AISD_Trainee_Module/install/shm_cpp/lib/libshm_cpp__rosidl_typesupport_fastrtps_c.so" to ""
-- Up-to-date: /home/tss8117/Desktop/tirth_ws/AISD_Trainee_Module/install/shm_cpp/include/shm_cpp/shm_cpp
-- Up-to-date: /home/tss8117/Desktop/tirth_ws/AISD_Trainee_Module/install/shm_cpp/include/shm_cpp/shm_cpp/srv
-- Up-to-date: /home/tss8117/Desktop/tirth_ws/AISD_Trainee_Module/install/shm_cpp/include/shm_cpp/shm_cpp/srv/detail
-- Installing: /home/tss8117/Desktop/tirth_ws/AISD_Trainee_Module/install/shm_cpp/include/shm_cpp/shm_cpp/srv/detail/set_spring__type_support.hpp
-- Installing: /home/tss8117/Desktop/tirth_ws/AISD_Trainee_Module/install/shm_cpp/include/shm_cpp/shm_cpp/srv/detail/set_spring__traits.hpp
-- Installing: /home/tss8117/Desktop/tirth_ws/AISD_Trainee_Module/install/shm_cpp/include/shm_cpp/shm_cpp/srv/detail/set_spring__struct.hpp
-- Installing: /home/tss8117/Desktop/tirth_ws/AISD_Trainee_Module/install/shm_cpp/include/shm_cpp/shm_cpp/srv/detail/set_spring__builder.hpp
-- Installing: /home/tss8117/Desktop/tirth_ws/AISD_Trainee_Module/install/shm_cpp/include/shm_cpp/shm_cpp/srv/set_spring.hpp
-- Up-to-date: /home/tss8117/Desktop/tirth_ws/AISD_Trainee_Module/install/shm_cpp/include/shm_cpp/shm_cpp/msg
-- Installing: /home/tss8117/Desktop/tirth_ws/AISD_Trainee_Module/install/shm_cpp/include/shm_cpp/shm_cpp/msg/rosidl_generator_cpp__visibility_control.hpp
-- Up-to-date: /home/tss8117/Desktop/tirth_ws/AISD_Trainee_Module/install/shm_cpp/include/shm_cpp/shm_cpp
-- Up-to-date: /home/tss8117/Desktop/tirth_ws/AISD_Trainee_Module/install/shm_cpp/include/shm_cpp/shm_cpp/srv
-- Up-to-date: /home/tss8117/Desktop/tirth_ws/AISD_Trainee_Module/install/shm_cpp/include/shm_cpp/shm_cpp/srv/detail
-- Installing: /home/tss8117/Desktop/tirth_ws/AISD_Trainee_Module/install/shm_cpp/include/shm_cpp/shm_cpp/srv/detail/dds_fastrtps
-- Installing: /home/tss8117/Desktop/tirth_ws/AISD_Trainee_Module/install/shm_cpp/include/shm_cpp/shm_cpp/srv/detail/set_spring__rosidl_typesupport_fastrtps_cpp.hpp
-- Up-to-date: /home/tss8117/Desktop/tirth_ws/AISD_Trainee_Module/install/shm_cpp/include/shm_cpp/shm_cpp/msg
-- Installing: /home/tss8117/Desktop/tirth_ws/AISD_Trainee_Module/install/shm_cpp/include/shm_cpp/shm_cpp/msg/rosidl_typesupport_fastrtps_cpp__visibility_control.h
-- Installing: /home/tss8117/Desktop/tirth_ws/AISD_Trainee_Module/install/shm_cpp/lib/libshm_cpp__rosidl_typesupport_fastrtps_cpp.so
-- Set runtime path of "/home/tss8117/Desktop/tirth_ws/AISD_Trainee_Module/install/shm_cpp/lib/libshm_cpp__rosidl_typesupport_fastrtps_cpp.so" to ""
-- Up-to-date: /home/tss8117/Desktop/tirth_ws/AISD_Trainee_Module/install/shm_cpp/include/shm_cpp/shm_cpp
-- Up-to-date: /home/tss8117/Desktop/tirth_ws/AISD_Trainee_Module/install/shm_cpp/include/shm_cpp/shm_cpp/srv
-- Up-to-date: /home/tss8117/Desktop/tirth_ws/AISD_Trainee_Module/install/shm_cpp/include/shm_cpp/shm_cpp/srv/detail
-- Installing: /home/tss8117/Desktop/tirth_ws/AISD_Trainee_Module/install/shm_cpp/include/shm_cpp/shm_cpp/srv/detail/set_spring__rosidl_typesupport_introspection_c.h
-- Installing: /home/tss8117/Desktop/tirth_ws/AISD_Trainee_Module/install/shm_cpp/include/shm_cpp/shm_cpp/srv/detail/set_spring__type_support.c
-- Up-to-date: /home/tss8117/Desktop/tirth_ws/AISD_Trainee_Module/install/shm_cpp/include/shm_cpp/shm_cpp/msg
-- Installing: /home/tss8117/Desktop/tirth_ws/AISD_Trainee_Module/install/shm_cpp/include/shm_cpp/shm_cpp/msg/rosidl_typesupport_introspection_c__visibility_control.h
-- Installing: /home/tss8117/Desktop/tirth_ws/AISD_Trainee_Module/install/shm_cpp/lib/libshm_cpp__rosidl_typesupport_introspection_c.so
-- Set runtime path of "/home/tss8117/Desktop/tirth_ws/AISD_Trainee_Module/install/shm_cpp/lib/libshm_cpp__rosidl_typesupport_introspection_c.so" to ""
-- Installing: /home/tss8117/Desktop/tirth_ws/AISD_Trainee_Module/install/shm_cpp/lib/libshm_cpp__rosidl_typesupport_c.so
-- Set runtime path of "/home/tss8117/Desktop/tirth_ws/AISD_Trainee_Module/install/shm_cpp/lib/libshm_cpp__rosidl_typesupport_c.so" to ""
-- Up-to-date: /home/tss8117/Desktop/tirth_ws/AISD_Trainee_Module/install/shm_cpp/include/shm_cpp/shm_cpp
-- Up-to-date: /home/tss8117/Desktop/tirth_ws/AISD_Trainee_Module/install/shm_cpp/include/shm_cpp/shm_cpp/srv
-- Up-to-date: /home/tss8117/Desktop/tirth_ws/AISD_Trainee_Module/install/shm_cpp/include/shm_cpp/shm_cpp/srv/detail
-- Installing: /home/tss8117/Desktop/tirth_ws/AISD_Trainee_Module/install/shm_cpp/include/shm_cpp/shm_cpp/srv/detail/set_spring__rosidl_typesupport_introspection_cpp.hpp
-- Installing: /home/tss8117/Desktop/tirth_ws/AISD_Trainee_Module/install/shm_cpp/include/shm_cpp/shm_cpp/srv/detail/set_spring__type_support.cpp
-- Installing: /home/tss8117/Desktop/tirth_ws/AISD_Trainee_Module/install/shm_cpp/lib/libshm_cpp__rosidl_typesupport_introspection_cpp.so
-- Set runtime path of "/home/tss8117/Desktop/tirth_ws/AISD_Trainee_Module/install/shm_cpp/lib/libshm_cpp__rosidl_typesupport_introspection_cpp.so" to ""
-- Installing: /home/tss8117/Desktop/tirth_ws/AISD_Trainee_Module/install/shm_cpp/lib/libshm_cpp__rosidl_typesupport_cpp.so
-- Set runtime path of "/home/tss8117/Desktop/tirth_ws/AISD_Trainee_Module/install/shm_cpp/lib/libshm_cpp__rosidl_typesupport_cpp.so" to ""
-- Installing: /home/tss8117/Desktop/tirth_ws/AISD_Trainee_Module/install/shm_cpp/share/shm_cpp/environment/pythonpath.sh
-- Installing: /home/tss8117/Desktop/tirth_ws/AISD_Trainee_Module/install/shm_cpp/share/shm_cpp/environment/pythonpath.dsv
-- Installing: /home/tss8117/Desktop/tirth_ws/AISD_Trainee_Module/install/shm_cpp/local/lib/python3.10/dist-packages/shm_cpp-0.0.0-py3.10.egg-info
-- Installing: /home/tss8117/Desktop/tirth_ws/AISD_Trainee_Module/install/shm_cpp/local/lib/python3.10/dist-packages/shm_cpp-0.0.0-py3.10.egg-info/top_level.txt
-- Installing: /home/tss8117/Desktop/tirth_ws/AISD_Trainee_Module/install/shm_cpp/local/lib/python3.10/dist-packages/shm_cpp-0.0.0-py3.10.egg-info/SOURCES.txt
-- Installing: /home/tss8117/Desktop/tirth_ws/AISD_Trainee_Module/install/shm_cpp/local/lib/python3.10/dist-packages/shm_cpp-0.0.0-py3.10.egg-info/dependency_links.txt
-- Installing: /home/tss8117/Desktop/tirth_ws/AISD_Trainee_Module/install/shm_cpp/local/lib/python3.10/dist-packages/shm_cpp-0.0.0-py3.10.egg-info/PKG-INFO
-- Installing: /home/tss8117/Desktop/tirth_ws/AISD_Trainee_Module/install/shm_cpp/local/lib/python3.10/dist-packages/shm_cpp
-- Installing: /home/tss8117/Desktop/tirth_ws/AISD_Trainee_Module/install/shm_cpp/local/lib/python3.10/dist-packages/shm_cpp/_shm_cpp_s.ep.rosidl_typesupport_c.c
-- Installing: /home/tss8117/Desktop/tirth_ws/AISD_Trainee_Module/install/shm_cpp/local/lib/python3.10/dist-packages/shm_cpp/_shm_cpp_s.ep.rosidl_typesupport_fastrtps_c.c
-- Installing: /home/tss8117/Desktop/tirth_ws/AISD_Trainee_Module/install/shm_cpp/local/lib/python3.10/dist-packages/shm_cpp/shm_cpp_s__rosidl_typesupport_c.cpython-310-aarch64-linux-gnu.so
-- Installing: /home/tss8117/Desktop/tirth_ws/AISD_Trainee_Module/install/shm_cpp/local/lib/python3.10/dist-packages/shm_cpp/shm_cpp_s__rosidl_typesupport_introspection_c.cpython-310-aarch64-linux-gnu.so
-- Installing: /home/tss8117/Desktop/tirth_ws/AISD_Trainee_Module/install/shm_cpp/local/lib/python3.10/dist-packages/shm_cpp/libshm_cpp__rosidl_generator_py.so
-- Installing: /home/tss8117/Desktop/tirth_ws/AISD_Trainee_Module/install/shm_cpp/local/lib/python3.10/dist-packages/shm_cpp/shm_cpp_s__rosidl_typesupport_fastrtps_c.cpython-310-aarch64-linux-gnu.so
-- Installing: /home/tss8117/Desktop/tirth_ws/AISD_Trainee_Module/install/shm_cpp/local/lib/python3.10/dist-packages/shm_cpp/__init__.py
-- Installing: /home/tss8117/Desktop/tirth_ws/AISD_Trainee_Module/install/shm_cpp/local/lib/python3.10/dist-packages/shm_cpp/_shm_cpp_s.ep.rosidl_typesupport_introspection_c.c
-- Installing: /home/tss8117/Desktop/tirth_ws/AISD_Trainee_Module/install/shm_cpp/local/lib/python3.10/dist-packages/shm_cpp/srv
-- Installing: /home/tss8117/Desktop/tirth_ws/AISD_Trainee_Module/install/shm_cpp/local/lib/python3.10/dist-packages/shm_cpp/srv/_set_spring.py
-- Installing: /home/tss8117/Desktop/tirth_ws/AISD_Trainee_Module/install/shm_cpp/local/lib/python3.10/dist-packages/shm_cpp/srv/__init__.py
-- Installing: /home/tss8117/Desktop/tirth_ws/AISD_Trainee_Module/install/shm_cpp/local/lib/python3.10/dist-packages/shm_cpp/srv/_set_spring_s.c
Listing '/home/tss8117/Desktop/tirth_ws/AISD_Trainee_Module/install/shm_cpp/local/lib/python3.10/dist-packages/shm_cpp'...
Compiling '/home/tss8117/Desktop/tirth_ws/AISD_Trainee_Module/install/shm_cpp/local/lib/python3.10/dist-packages/shm_cpp/__init__.py'...
Listing '/home/tss8117/Desktop/tirth_ws/AISD_Trainee_Module/install/shm_cpp/local/lib/python3.10/dist-packages/shm_cpp/srv'...
Compiling '/home/tss8117/Desktop/tirth_ws/AISD_Trainee_Module/install/shm_cpp/local/lib/python3.10/dist-packages/shm_cpp/srv/__init__.py'...
Compiling '/home/tss8117/Desktop/tirth_ws/AISD_Trainee_Module/install/shm_cpp/local/lib/python3.10/dist-packages/shm_cpp/srv/_set_spring.py'...
-- Installing: /home/tss8117/Desktop/tirth_ws/AISD_Trainee_Module/install/shm_cpp/local/lib/python3.10/dist-packages/shm_cpp/shm_cpp_s__rosidl_typesupport_fastrtps_c.cpython-310-aarch64-linux-gnu.so
-- Set runtime path of "/home/tss8117/Desktop/tirth_ws/AISD_Trainee_Module/install/shm_cpp/local/lib/python3.10/dist-packages/shm_cpp/shm_cpp_s__rosidl_typesupport_fastrtps_c.cpython-310-aarch64-linux-gnu.so" to ""
-- Installing: /home/tss8117/Desktop/tirth_ws/AISD_Trainee_Module/install/shm_cpp/local/lib/python3.10/dist-packages/shm_cpp/shm_cpp_s__rosidl_typesupport_introspection_c.cpython-310-aarch64-linux-gnu.so
-- Set runtime path of "/home/tss8117/Desktop/tirth_ws/AISD_Trainee_Module/install/shm_cpp/local/lib/python3.10/dist-packages/shm_cpp/shm_cpp_s__rosidl_typesupport_introspection_c.cpython-310-aarch64-linux-gnu.so" to ""
-- Installing: /home/tss8117/Desktop/tirth_ws/AISD_Trainee_Module/install/shm_cpp/local/lib/python3.10/dist-packages/shm_cpp/shm_cpp_s__rosidl_typesupport_c.cpython-310-aarch64-linux-gnu.so
-- Set runtime path of "/home/tss8117/Desktop/tirth_ws/AISD_Trainee_Module/install/shm_cpp/local/lib/python3.10/dist-packages/shm_cpp/shm_cpp_s__rosidl_typesupport_c.cpython-310-aarch64-linux-gnu.so" to ""
-- Installing: /home/tss8117/Desktop/tirth_ws/AISD_Trainee_Module/install/shm_cpp/lib/libshm_cpp__rosidl_generator_py.so
-- Set runtime path of "/home/tss8117/Desktop/tirth_ws/AISD_Trainee_Module/install/shm_cpp/lib/libshm_cpp__rosidl_generator_py.so" to ""
-- Installing: /home/tss8117/Desktop/tirth_ws/AISD_Trainee_Module/install/shm_cpp/share/shm_cpp/srv/SetSpring.idl
-- Installing: /home/tss8117/Desktop/tirth_ws/AISD_Trainee_Module/install/shm_cpp/share/shm_cpp/srv/SetSpring.srv
-- Installing: /home/tss8117/Desktop/tirth_ws/AISD_Trainee_Module/install/shm_cpp/share/shm_cpp/srv/SetSpring_Request.msg
-- Installing: /home/tss8117/Desktop/tirth_ws/AISD_Trainee_Module/install/shm_cpp/share/shm_cpp/srv/SetSpring_Response.msg
-- Installing: /home/tss8117/Desktop/tirth_ws/AISD_Trainee_Module/install/shm_cpp/lib/shm_cpp/position_publisher
-- Set runtime path of "/home/tss8117/Desktop/tirth_ws/AISD_Trainee_Module/install/shm_cpp/lib/shm_cpp/position_publisher" to ""
-- Installing: /home/tss8117/Desktop/tirth_ws/AISD_Trainee_Module/install/shm_cpp/lib/shm_cpp/visualize_marker
-- Set runtime path of "/home/tss8117/Desktop/tirth_ws/AISD_Trainee_Module/install/shm_cpp/lib/shm_cpp/visualize_marker" to ""
-- Installing: /home/tss8117/Desktop/tirth_ws/AISD_Trainee_Module/install/shm_cpp/share/ament_index/resource_index/package_run_dependencies/shm_cpp
-- Installing: /home/tss8117/Desktop/tirth_ws/AISD_Trainee_Module/install/shm_cpp/share/ament_index/resource_index/parent_prefix_path/shm_cpp
-- Installing: /home/tss8117/Desktop/tirth_ws/AISD_Trainee_Module/install/shm_cpp/share/shm_cpp/environment/ament_prefix_path.sh
-- Installing: /home/tss8117/Desktop/tirth_ws/AISD_Trainee_Module/install/shm_cpp/share/shm_cpp/environment/ament_prefix_path.dsv
-- Installing: /home/tss8117/Desktop/tirth_ws/AISD_Trainee_Module/install/shm_cpp/share/shm_cpp/environment/path.sh
-- Installing: /home/tss8117/Desktop/tirth_ws/AISD_Trainee_Module/install/shm_cpp/share/shm_cpp/environment/path.dsv
-- Installing: /home/tss8117/Desktop/tirth_ws/AISD_Trainee_Module/install/shm_cpp/share/shm_cpp/local_setup.bash
-- Installing: /home/tss8117/Desktop/tirth_ws/AISD_Trainee_Module/install/shm_cpp/share/shm_cpp/local_setup.sh
-- Installing: /home/tss8117/Desktop/tirth_ws/AISD_Trainee_Module/install/shm_cpp/share/shm_cpp/local_setup.zsh
-- Installing: /home/tss8117/Desktop/tirth_ws/AISD_Trainee_Module/install/shm_cpp/share/shm_cpp/local_setup.dsv
-- Installing: /home/tss8117/Desktop/tirth_ws/AISD_Trainee_Module/install/shm_cpp/share/shm_cpp/package.dsv
-- Installing: /home/tss8117/Desktop/tirth_ws/AISD_Trainee_Module/install/shm_cpp/share/ament_index/resource_index/packages/shm_cpp
-- Installing: /home/tss8117/Desktop/tirth_ws/AISD_Trainee_Module/install/shm_cpp/share/shm_cpp/cmake/export_shm_cpp__rosidl_generator_cExport.cmake
-- Installing: /home/tss8117/Desktop/tirth_ws/AISD_Trainee_Module/install/shm_cpp/share/shm_cpp/cmake/export_shm_cpp__rosidl_generator_cExport-noconfig.cmake
-- Installing: /home/tss8117/Desktop/tirth_ws/AISD_Trainee_Module/install/shm_cpp/share/shm_cpp/cmake/export_shm_cpp__rosidl_typesupport_fastrtps_cExport.cmake
-- Installing: /home/tss8117/Desktop/tirth_ws/AISD_Trainee_Module/install/shm_cpp/share/shm_cpp/cmake/export_shm_cpp__rosidl_typesupport_fastrtps_cExport-noconfig.cmake
-- Installing: /home/tss8117/Desktop/tirth_ws/AISD_Trainee_Module/install/shm_cpp/share/shm_cpp/cmake/export_shm_cpp__rosidl_generator_cppExport.cmake
-- Installing: /home/tss8117/Desktop/tirth_ws/AISD_Trainee_Module/install/shm_cpp/share/shm_cpp/cmake/export_shm_cpp__rosidl_typesupport_fastrtps_cppExport.cmake
-- Installing: /home/tss8117/Desktop/tirth_ws/AISD_Trainee_Module/install/shm_cpp/share/shm_cpp/cmake/export_shm_cpp__rosidl_typesupport_fastrtps_cppExport-noconfig.cmake
-- Installing: /home/tss8117/Desktop/tirth_ws/AISD_Trainee_Module/install/shm_cpp/share/shm_cpp/cmake/shm_cpp__rosidl_typesupport_introspection_cExport.cmake
-- Installing: /home/tss8117/Desktop/tirth_ws/AISD_Trainee_Module/install/shm_cpp/share/shm_cpp/cmake/shm_cpp__rosidl_typesupport_introspection_cExport-noconfig.cmake
-- Installing: /home/tss8117/Desktop/tirth_ws/AISD_Trainee_Module/install/shm_cpp/share/shm_cpp/cmake/shm_cpp__rosidl_typesupport_cExport.cmake
-- Installing: /home/tss8117/Desktop/tirth_ws/AISD_Trainee_Module/install/shm_cpp/share/shm_cpp/cmake/shm_cpp__rosidl_typesupport_cExport-noconfig.cmake
-- Installing: /home/tss8117/Desktop/tirth_ws/AISD_Trainee_Module/install/shm_cpp/share/shm_cpp/cmake/shm_cpp__rosidl_typesupport_introspection_cppExport.cmake
-- Installing: /home/tss8117/Desktop/tirth_ws/AISD_Trainee_Module/install/shm_cpp/share/shm_cpp/cmake/shm_cpp__rosidl_typesupport_introspection_cppExport-noconfig.cmake
-- Installing: /home/tss8117/Desktop/tirth_ws/AISD_Trainee_Module/install/shm_cpp/share/shm_cpp/cmake/shm_cpp__rosidl_typesupport_cppExport.cmake
-- Installing: /home/tss8117/Desktop/tirth_ws/AISD_Trainee_Module/install/shm_cpp/share/shm_cpp/cmake/shm_cpp__rosidl_typesupport_cppExport-noconfig.cmake
-- Installing: /home/tss8117/Desktop/tirth_ws/AISD_Trainee_Module/install/shm_cpp/share/shm_cpp/cmake/export_shm_cpp__rosidl_generator_pyExport.cmake
-- Installing: /home/tss8117/Desktop/tirth_ws/AISD_Trainee_Module/install/shm_cpp/share/shm_cpp/cmake/export_shm_cpp__rosidl_generator_pyExport-noconfig.cmake
-- Installing: /home/tss8117/Desktop/tirth_ws/AISD_Trainee_Module/install/shm_cpp/share/shm_cpp/cmake/rosidl_cmake-extras.cmake
-- Installing: /home/tss8117/Desktop/tirth_ws/AISD_Trainee_Module/install/shm_cpp/share/shm_cpp/cmake/ament_cmake_export_include_directories-extras.cmake
-- Installing: /home/tss8117/Desktop/tirth_ws/AISD_Trainee_Module/install/shm_cpp/share/shm_cpp/cmake/ament_cmake_export_libraries-extras.cmake
-- Installing: /home/tss8117/Desktop/tirth_ws/AISD_Trainee_Module/install/shm_cpp/share/shm_cpp/cmake/ament_cmake_export_targets-extras.cmake
-- Installing: /home/tss8117/Desktop/tirth_ws/AISD_Trainee_Module/install/shm_cpp/share/shm_cpp/cmake/rosidl_cmake_export_typesupport_targets-extras.cmake
-- Installing: /home/tss8117/Desktop/tirth_ws/AISD_Trainee_Module/install/shm_cpp/share/shm_cpp/cmake/ament_cmake_export_dependencies-extras.cmake
-- Installing: /home/tss8117/Desktop/tirth_ws/AISD_Trainee_Module/install/shm_cpp/share/shm_cpp/cmake/rosidl_cmake_export_typesupport_libraries-extras.cmake
-- Installing: /home/tss8117/Desktop/tirth_ws/AISD_Trainee_Module/install/shm_cpp/share/shm_cpp/cmake/shm_cppConfig.cmake
-- Installing: /home/tss8117/Desktop/tirth_ws/AISD_Trainee_Module/install/shm_cpp/share/shm_cpp/cmake/shm_cppConfig-version.cmake
-- Installing: /home/tss8117/Desktop/tirth_ws/AISD_Trainee_Module/install/shm_cpp/share/shm_cpp/package.xml
