[0.479s] Invoking command in '/home/tss8117/Desktop/tirth_ws/AISD_Trainee_Module/build/shm_cpp': CMAKE_PREFIX_PATH=${CMAKE_PREFIX_PATH}:/home/tss8117/ros2_ws/src/install/my_robot_controller:/home/tss8117/ros2_ws/src/install/handshake:/home/tss8117/ros2_ws/src/install/SHM:/opt/ros/humble /usr/bin/cmake /home/tss8117/Desktop/tirth_ws/AISD_Trainee_Module/shm_cpp -DCMAKE_INSTALL_PREFIX=/home/tss8117/Desktop/tirth_ws/AISD_Trainee_Module/install/shm_cpp
[0.706s] -- The C compiler identification is GNU 11.4.0
[0.878s] -- The CXX compiler identification is GNU 11.4.0
[0.892s] -- Detecting C compiler ABI info
[0.974s] -- Detecting C compiler ABI info - done
[0.979s] -- Check for working C compiler: /usr/bin/cc - skipped
[0.980s] -- Detecting C compile features
[0.981s] -- Detecting C compile features - done
[0.986s] -- Detecting CXX compiler ABI info
[1.079s] -- Detecting CXX compiler ABI info - done
[1.089s] -- Check for working CXX compiler: /usr/bin/c++ - skipped
[1.089s] -- Detecting CXX compile features
[1.093s] -- Detecting CXX compile features - done
[1.106s] -- Found ament_cmake: 1.3.12 (/opt/ros/humble/share/ament_cmake/cmake)
[1.289s] -- Found Python3: /usr/bin/python3 (found version "3.10.12") found components: Interpreter 
[1.455s] -- Found rclcpp: 16.0.16 (/opt/ros/humble/share/rclcpp/cmake)
[1.535s] -- Found rosidl_generator_c: 3.1.7 (/opt/ros/humble/share/rosidl_generator_c/cmake)
[1.545s] -- Found rosidl_adapter: 3.1.7 (/opt/ros/humble/share/rosidl_adapter/cmake)
[1.558s] -- Found rosidl_generator_cpp: 3.1.7 (/opt/ros/humble/share/rosidl_generator_cpp/cmake)
[1.580s] -- Using all available rosidl_typesupport_c: rosidl_typesupport_fastrtps_c;rosidl_typesupport_introspection_c
[1.606s] -- Using all available rosidl_typesupport_cpp: rosidl_typesupport_fastrtps_cpp;rosidl_typesupport_introspection_cpp
[1.688s] -- Found rmw_implementation_cmake: 6.1.2 (/opt/ros/humble/share/rmw_implementation_cmake/cmake)
[1.694s] -- Found rmw_fastrtps_cpp: 6.2.9 (/opt/ros/humble/share/rmw_fastrtps_cpp/cmake)
[1.791s] -- Found OpenSSL: /usr/lib/aarch64-linux-gnu/libcrypto.so (found version "3.0.2")  
[1.823s] -- Found FastRTPS: /opt/ros/humble/include  
[1.868s] -- Using RMW implementation 'rmw_fastrtps_cpp' as default
[1.883s] -- Looking for pthread.h
[1.952s] -- Looking for pthread.h - found
[1.953s] -- Performing Test CMAKE_HAVE_LIBC_PTHREAD
[2.015s] -- Performing Test CMAKE_HAVE_LIBC_PTHREAD - Success
[2.016s] -- Found Threads: TRUE  
[2.094s] -- Found visualization_msgs: 4.9.0 (/opt/ros/humble/share/visualization_msgs/cmake)
[2.178s] -- Found rosidl_default_generators: 1.2.0 (/opt/ros/humble/share/rosidl_default_generators/cmake)
[2.432s] -- Found ament_cmake_ros: 0.10.0 (/opt/ros/humble/share/ament_cmake_ros/cmake)
[2.725s] -- Using all available rosidl_typesupport_c: rosidl_typesupport_fastrtps_c;rosidl_typesupport_introspection_c
[2.838s] -- Using all available rosidl_typesupport_cpp: rosidl_typesupport_fastrtps_cpp;rosidl_typesupport_introspection_cpp
[2.859s] -- Found PythonInterp: /usr/bin/python3 (found suitable version "3.10.12", minimum required is "3.6") 
[2.863s] -- Found python_cmake_module: 0.10.0 (/opt/ros/humble/share/python_cmake_module/cmake)
[2.892s] -- Found PythonLibs: /usr/lib/aarch64-linux-gnu/libpython3.10.so (found suitable version "3.10.12", minimum required is "3.5") 
[2.892s] -- Using PYTHON_EXECUTABLE: /usr/bin/python3
[2.892s] -- Using PYTHON_INCLUDE_DIRS: /usr/include/python3.10
[2.892s] -- Using PYTHON_LIBRARIES: /usr/lib/aarch64-linux-gnu/libpython3.10.so
[2.912s] -- Found PythonExtra: .so  
[2.947s] [0mCMake Deprecation Warning at /opt/ros/humble/share/rosidl_cmake/cmake/rosidl_target_interfaces.cmake:32 (message):
[2.947s]   Use rosidl_get_typesupport_target() and target_link_libraries() instead of
[2.947s]   rosidl_target_interfaces()
[2.947s] Call Stack (most recent call first):
[2.947s]   CMakeLists.txt:25 (rosidl_target_interfaces)
[2.947s] 
[2.947s] [0m
[2.956s] -- Configuring done
[2.992s] -- Generating done
[3.006s] -- Build files have been written to: /home/tss8117/Desktop/tirth_ws/AISD_Trainee_Module/build/shm_cpp
[3.015s] Invoked command in '/home/tss8117/Desktop/tirth_ws/AISD_Trainee_Module/build/shm_cpp' returned '0': CMAKE_PREFIX_PATH=${CMAKE_PREFIX_PATH}:/home/tss8117/ros2_ws/src/install/my_robot_controller:/home/tss8117/ros2_ws/src/install/handshake:/home/tss8117/ros2_ws/src/install/SHM:/opt/ros/humble /usr/bin/cmake /home/tss8117/Desktop/tirth_ws/AISD_Trainee_Module/shm_cpp -DCMAKE_INSTALL_PREFIX=/home/tss8117/Desktop/tirth_ws/AISD_Trainee_Module/install/shm_cpp
[3.016s] Invoking command in '/home/tss8117/Desktop/tirth_ws/AISD_Trainee_Module/build/shm_cpp': CMAKE_PREFIX_PATH=${CMAKE_PREFIX_PATH}:/home/tss8117/ros2_ws/src/install/my_robot_controller:/home/tss8117/ros2_ws/src/install/handshake:/home/tss8117/ros2_ws/src/install/SHM:/opt/ros/humble /usr/bin/cmake --build /home/tss8117/Desktop/tirth_ws/AISD_Trainee_Module/build/shm_cpp -- -j4 -l4
[3.049s] [  2%] [34m[1mGenerating C code for ROS interfaces[0m
[3.062s] [  2%] Built target ament_cmake_python_copy_shm_cpp
[3.063s] [  5%] [34m[1mGenerating C++ code for ROS interfaces[0m
[3.068s] [  8%] [32mBuilding CXX object CMakeFiles/visualize_marker.dir/src/visualize_marker.cpp.o[0m
[3.391s] running egg_info
[3.392s] creating shm_cpp.egg-info
[3.392s] writing shm_cpp.egg-info/PKG-INFO
[3.393s] writing dependency_links to shm_cpp.egg-info/dependency_links.txt
[3.393s] writing top-level names to shm_cpp.egg-info/top_level.txt
[3.393s] writing manifest file 'shm_cpp.egg-info/SOURCES.txt'
[3.396s] reading manifest file 'shm_cpp.egg-info/SOURCES.txt'
[3.397s] writing manifest file 'shm_cpp.egg-info/SOURCES.txt'
[3.437s] [  8%] Built target ament_cmake_python_build_shm_cpp_egg
[3.458s] [  8%] Built target shm_cpp__cpp
[3.472s] [ 11%] [34m[1mGenerating C++ type support dispatch for ROS interfaces[0m
[3.474s] [ 14%] [34m[1mGenerating C++ type support for eProsima Fast-RTPS[0m
[3.534s] [ 17%] [32mBuilding C object CMakeFiles/shm_cpp__rosidl_generator_c.dir/rosidl_generator_c/shm_cpp/srv/detail/set_spring__functions.c.o[0m
[3.643s] [ 20%] [32m[1mLinking C shared library libshm_cpp__rosidl_generator_c.so[0m
[3.705s] [ 20%] Built target shm_cpp__rosidl_generator_c
[3.718s] [ 22%] [34m[1mGenerating C++ introspection for ROS interfaces[0m
[3.814s] [ 25%] [32mBuilding CXX object CMakeFiles/shm_cpp__rosidl_typesupport_cpp.dir/rosidl_typesupport_cpp/shm_cpp/srv/set_spring__type_support.cpp.o[0m
[3.869s] [ 28%] [32mBuilding CXX object CMakeFiles/shm_cpp__rosidl_typesupport_fastrtps_cpp.dir/rosidl_typesupport_fastrtps_cpp/shm_cpp/srv/detail/dds_fastrtps/set_spring__type_support.cpp.o[0m
[4.158s] [ 31%] [32mBuilding CXX object CMakeFiles/shm_cpp__rosidl_typesupport_introspection_cpp.dir/rosidl_typesupport_introspection_cpp/shm_cpp/srv/detail/set_spring__type_support.cpp.o[0m
[4.223s] [ 34%] [32m[1mLinking CXX shared library libshm_cpp__rosidl_typesupport_cpp.so[0m
[4.269s] [ 34%] Built target shm_cpp__rosidl_typesupport_cpp
[4.278s] [ 37%] [34m[1mGenerating C type support for eProsima Fast-RTPS[0m
[4.396s] [ 40%] [32m[1mLinking CXX shared library libshm_cpp__rosidl_typesupport_fastrtps_cpp.so[0m
[4.481s] [ 40%] Built target shm_cpp__rosidl_typesupport_fastrtps_cpp
[4.491s] [ 42%] [34m[1mGenerating C introspection for ROS interfaces[0m
[4.876s] [ 45%] [32m[1mLinking CXX shared library libshm_cpp__rosidl_typesupport_introspection_cpp.so[0m
[4.898s] [ 48%] [32mBuilding C object CMakeFiles/shm_cpp__rosidl_typesupport_introspection_c.dir/rosidl_typesupport_introspection_c/shm_cpp/srv/detail/set_spring__type_support.c.o[0m
[4.950s] [ 48%] Built target shm_cpp__rosidl_typesupport_introspection_cpp
[4.959s] [ 51%] [32m[1mLinking C shared library libshm_cpp__rosidl_typesupport_introspection_c.so[0m
[4.960s] [ 54%] [32mBuilding CXX object CMakeFiles/shm_cpp__rosidl_typesupport_fastrtps_c.dir/rosidl_typesupport_fastrtps_c/shm_cpp/srv/detail/set_spring__type_support_c.cpp.o[0m
[4.971s] [ 57%] [34m[1mGenerating C type support dispatch for ROS interfaces[0m
[4.990s] [ 57%] Built target shm_cpp__rosidl_typesupport_introspection_c
[5.350s] [ 60%] [32mBuilding CXX object CMakeFiles/shm_cpp__rosidl_typesupport_c.dir/rosidl_typesupport_c/shm_cpp/srv/set_spring__type_support.cpp.o[0m
[5.391s] [ 62%] [32m[1mLinking CXX shared library libshm_cpp__rosidl_typesupport_c.so[0m
[5.442s] [ 65%] [32m[1mLinking CXX shared library libshm_cpp__rosidl_typesupport_fastrtps_c.so[0m
[5.461s] [ 65%] Built target shm_cpp__rosidl_typesupport_c
[5.514s] [ 65%] Built target shm_cpp__rosidl_typesupport_fastrtps_c
[5.531s] [ 65%] Built target shm_cpp
[5.558s] [ 68%] [32mBuilding CXX object CMakeFiles/position_publisher.dir/src/position_publisher.cpp.o[0m
[5.558s] [ 71%] [34m[1mGenerating Python code for ROS interfaces[0m
[6.186s] [ 71%] Built target shm_cpp__py
[6.238s] [ 74%] [32mBuilding C object CMakeFiles/shm_cpp__rosidl_generator_py.dir/rosidl_generator_py/shm_cpp/srv/_set_spring_s.c.o[0m
[6.609s] [ 77%] [32m[1mLinking C shared library rosidl_generator_py/shm_cpp/libshm_cpp__rosidl_generator_py.so[0m
[6.655s] [ 77%] Built target shm_cpp__rosidl_generator_py
[6.676s] [ 80%] [32mBuilding C object CMakeFiles/shm_cpp__rosidl_typesupport_fastrtps_c__pyext.dir/rosidl_generator_py/shm_cpp/_shm_cpp_s.ep.rosidl_typesupport_fastrtps_c.c.o[0m
[6.730s] [ 82%] [32mBuilding C object CMakeFiles/shm_cpp__rosidl_typesupport_introspection_c__pyext.dir/rosidl_generator_py/shm_cpp/_shm_cpp_s.ep.rosidl_typesupport_introspection_c.c.o[0m
[6.918s] [ 85%] [32m[1mLinking C shared library rosidl_generator_py/shm_cpp/shm_cpp_s__rosidl_typesupport_fastrtps_c.cpython-310-aarch64-linux-gnu.so[0m
[6.952s] [ 88%] [32m[1mLinking C shared library rosidl_generator_py/shm_cpp/shm_cpp_s__rosidl_typesupport_introspection_c.cpython-310-aarch64-linux-gnu.so[0m
[7.012s] [ 88%] Built target shm_cpp__rosidl_typesupport_fastrtps_c__pyext
[7.024s] [ 88%] Built target shm_cpp__rosidl_typesupport_introspection_c__pyext
[7.060s] [ 91%] [32mBuilding C object CMakeFiles/shm_cpp__rosidl_typesupport_c__pyext.dir/rosidl_generator_py/shm_cpp/_shm_cpp_s.ep.rosidl_typesupport_c.c.o[0m
[7.191s] [ 94%] [32m[1mLinking C shared library rosidl_generator_py/shm_cpp/shm_cpp_s__rosidl_typesupport_c.cpython-310-aarch64-linux-gnu.so[0m
[7.243s] [ 94%] Built target shm_cpp__rosidl_typesupport_c__pyext
[10.740s] [ 97%] [32m[1mLinking CXX executable position_publisher[0m
[10.946s] [ 97%] Built target position_publisher
[13.043s] [100%] [32m[1mLinking CXX executable visualize_marker[0m
[13.461s] [100%] Built target visualize_marker
[13.471s] Invoked command in '/home/tss8117/Desktop/tirth_ws/AISD_Trainee_Module/build/shm_cpp' returned '0': CMAKE_PREFIX_PATH=${CMAKE_PREFIX_PATH}:/home/tss8117/ros2_ws/src/install/my_robot_controller:/home/tss8117/ros2_ws/src/install/handshake:/home/tss8117/ros2_ws/src/install/SHM:/opt/ros/humble /usr/bin/cmake --build /home/tss8117/Desktop/tirth_ws/AISD_Trainee_Module/build/shm_cpp -- -j4 -l4
[13.473s] Invoking command in '/home/tss8117/Desktop/tirth_ws/AISD_Trainee_Module/build/shm_cpp': CMAKE_PREFIX_PATH=${CMAKE_PREFIX_PATH}:/home/tss8117/ros2_ws/src/install/my_robot_controller:/home/tss8117/ros2_ws/src/install/handshake:/home/tss8117/ros2_ws/src/install/SHM:/opt/ros/humble /usr/bin/cmake --install /home/tss8117/Desktop/tirth_ws/AISD_Trainee_Module/build/shm_cpp
[13.481s] -- Install configuration: ""
[13.482s] -- Installing: /home/tss8117/Desktop/tirth_ws/AISD_Trainee_Module/install/shm_cpp/share/ament_index/resource_index/rosidl_interfaces/shm_cpp
[13.483s] -- Installing: /home/tss8117/Desktop/tirth_ws/AISD_Trainee_Module/install/shm_cpp/include/shm_cpp/shm_cpp
[13.483s] -- Installing: /home/tss8117/Desktop/tirth_ws/AISD_Trainee_Module/install/shm_cpp/include/shm_cpp/shm_cpp/srv
[13.483s] -- Installing: /home/tss8117/Desktop/tirth_ws/AISD_Trainee_Module/install/shm_cpp/include/shm_cpp/shm_cpp/srv/set_spring.h
[13.483s] -- Installing: /home/tss8117/Desktop/tirth_ws/AISD_Trainee_Module/install/shm_cpp/include/shm_cpp/shm_cpp/srv/detail
[13.484s] -- Installing: /home/tss8117/Desktop/tirth_ws/AISD_Trainee_Module/install/shm_cpp/include/shm_cpp/shm_cpp/srv/detail/set_spring__functions.h
[13.484s] -- Installing: /home/tss8117/Desktop/tirth_ws/AISD_Trainee_Module/install/shm_cpp/include/shm_cpp/shm_cpp/srv/detail/set_spring__functions.c
[13.484s] -- Installing: /home/tss8117/Desktop/tirth_ws/AISD_Trainee_Module/install/shm_cpp/include/shm_cpp/shm_cpp/srv/detail/set_spring__type_support.h
[13.485s] -- Installing: /home/tss8117/Desktop/tirth_ws/AISD_Trainee_Module/install/shm_cpp/include/shm_cpp/shm_cpp/srv/detail/set_spring__struct.h
[13.485s] -- Installing: /home/tss8117/Desktop/tirth_ws/AISD_Trainee_Module/install/shm_cpp/include/shm_cpp/shm_cpp/msg
[13.485s] -- Installing: /home/tss8117/Desktop/tirth_ws/AISD_Trainee_Module/install/shm_cpp/include/shm_cpp/shm_cpp/msg/rosidl_generator_c__visibility_control.h
[13.485s] -- Installing: /home/tss8117/Desktop/tirth_ws/AISD_Trainee_Module/install/shm_cpp/share/shm_cpp/environment/library_path.sh
[13.485s] -- Installing: /home/tss8117/Desktop/tirth_ws/AISD_Trainee_Module/install/shm_cpp/share/shm_cpp/environment/library_path.dsv
[13.486s] -- Installing: /home/tss8117/Desktop/tirth_ws/AISD_Trainee_Module/install/shm_cpp/lib/libshm_cpp__rosidl_generator_c.so
[13.486s] -- Set runtime path of "/home/tss8117/Desktop/tirth_ws/AISD_Trainee_Module/install/shm_cpp/lib/libshm_cpp__rosidl_generator_c.so" to ""
[13.486s] -- Up-to-date: /home/tss8117/Desktop/tirth_ws/AISD_Trainee_Module/install/shm_cpp/include/shm_cpp/shm_cpp
[13.487s] -- Up-to-date: /home/tss8117/Desktop/tirth_ws/AISD_Trainee_Module/install/shm_cpp/include/shm_cpp/shm_cpp/srv
[13.487s] -- Up-to-date: /home/tss8117/Desktop/tirth_ws/AISD_Trainee_Module/install/shm_cpp/include/shm_cpp/shm_cpp/srv/detail
[13.487s] -- Installing: /home/tss8117/Desktop/tirth_ws/AISD_Trainee_Module/install/shm_cpp/include/shm_cpp/shm_cpp/srv/detail/set_spring__rosidl_typesupport_fastrtps_c.h
[13.487s] -- Up-to-date: /home/tss8117/Desktop/tirth_ws/AISD_Trainee_Module/install/shm_cpp/include/shm_cpp/shm_cpp/msg
[13.487s] -- Installing: /home/tss8117/Desktop/tirth_ws/AISD_Trainee_Module/install/shm_cpp/include/shm_cpp/shm_cpp/msg/rosidl_typesupport_fastrtps_c__visibility_control.h
[13.487s] -- Installing: /home/tss8117/Desktop/tirth_ws/AISD_Trainee_Module/install/shm_cpp/lib/libshm_cpp__rosidl_typesupport_fastrtps_c.so
[13.487s] -- Set runtime path of "/home/tss8117/Desktop/tirth_ws/AISD_Trainee_Module/install/shm_cpp/lib/libshm_cpp__rosidl_typesupport_fastrtps_c.so" to ""
[13.487s] -- Up-to-date: /home/tss8117/Desktop/tirth_ws/AISD_Trainee_Module/install/shm_cpp/include/shm_cpp/shm_cpp
[13.487s] -- Up-to-date: /home/tss8117/Desktop/tirth_ws/AISD_Trainee_Module/install/shm_cpp/include/shm_cpp/shm_cpp/srv
[13.488s] -- Up-to-date: /home/tss8117/Desktop/tirth_ws/AISD_Trainee_Module/install/shm_cpp/include/shm_cpp/shm_cpp/srv/detail
[13.488s] -- Installing: /home/tss8117/Desktop/tirth_ws/AISD_Trainee_Module/install/shm_cpp/include/shm_cpp/shm_cpp/srv/detail/set_spring__type_support.hpp
[13.488s] -- Installing: /home/tss8117/Desktop/tirth_ws/AISD_Trainee_Module/install/shm_cpp/include/shm_cpp/shm_cpp/srv/detail/set_spring__traits.hpp
[13.488s] -- Installing: /home/tss8117/Desktop/tirth_ws/AISD_Trainee_Module/install/shm_cpp/include/shm_cpp/shm_cpp/srv/detail/set_spring__struct.hpp
[13.488s] -- Installing: /home/tss8117/Desktop/tirth_ws/AISD_Trainee_Module/install/shm_cpp/include/shm_cpp/shm_cpp/srv/detail/set_spring__builder.hpp
[13.489s] -- Installing: /home/tss8117/Desktop/tirth_ws/AISD_Trainee_Module/install/shm_cpp/include/shm_cpp/shm_cpp/srv/set_spring.hpp
[13.489s] -- Up-to-date: /home/tss8117/Desktop/tirth_ws/AISD_Trainee_Module/install/shm_cpp/include/shm_cpp/shm_cpp/msg
[13.489s] -- Installing: /home/tss8117/Desktop/tirth_ws/AISD_Trainee_Module/install/shm_cpp/include/shm_cpp/shm_cpp/msg/rosidl_generator_cpp__visibility_control.hpp
[13.489s] -- Up-to-date: /home/tss8117/Desktop/tirth_ws/AISD_Trainee_Module/install/shm_cpp/include/shm_cpp/shm_cpp
[13.490s] -- Up-to-date: /home/tss8117/Desktop/tirth_ws/AISD_Trainee_Module/install/shm_cpp/include/shm_cpp/shm_cpp/srv
[13.490s] -- Up-to-date: /home/tss8117/Desktop/tirth_ws/AISD_Trainee_Module/install/shm_cpp/include/shm_cpp/shm_cpp/srv/detail
[13.490s] -- Installing: /home/tss8117/Desktop/tirth_ws/AISD_Trainee_Module/install/shm_cpp/include/shm_cpp/shm_cpp/srv/detail/dds_fastrtps
[13.490s] -- Installing: /home/tss8117/Desktop/tirth_ws/AISD_Trainee_Module/install/shm_cpp/include/shm_cpp/shm_cpp/srv/detail/set_spring__rosidl_typesupport_fastrtps_cpp.hpp
[13.490s] -- Up-to-date: /home/tss8117/Desktop/tirth_ws/AISD_Trainee_Module/install/shm_cpp/include/shm_cpp/shm_cpp/msg
[13.490s] -- Installing: /home/tss8117/Desktop/tirth_ws/AISD_Trainee_Module/install/shm_cpp/include/shm_cpp/shm_cpp/msg/rosidl_typesupport_fastrtps_cpp__visibility_control.h
[13.490s] -- Installing: /home/tss8117/Desktop/tirth_ws/AISD_Trainee_Module/install/shm_cpp/lib/libshm_cpp__rosidl_typesupport_fastrtps_cpp.so
[13.491s] -- Set runtime path of "/home/tss8117/Desktop/tirth_ws/AISD_Trainee_Module/install/shm_cpp/lib/libshm_cpp__rosidl_typesupport_fastrtps_cpp.so" to ""
[13.491s] -- Up-to-date: /home/tss8117/Desktop/tirth_ws/AISD_Trainee_Module/install/shm_cpp/include/shm_cpp/shm_cpp
[13.491s] -- Up-to-date: /home/tss8117/Desktop/tirth_ws/AISD_Trainee_Module/install/shm_cpp/include/shm_cpp/shm_cpp/srv
[13.491s] -- Up-to-date: /home/tss8117/Desktop/tirth_ws/AISD_Trainee_Module/install/shm_cpp/include/shm_cpp/shm_cpp/srv/detail
[13.491s] -- Installing: /home/tss8117/Desktop/tirth_ws/AISD_Trainee_Module/install/shm_cpp/include/shm_cpp/shm_cpp/srv/detail/set_spring__rosidl_typesupport_introspection_c.h
[13.491s] -- Installing: /home/tss8117/Desktop/tirth_ws/AISD_Trainee_Module/install/shm_cpp/include/shm_cpp/shm_cpp/srv/detail/set_spring__type_support.c
[13.491s] -- Up-to-date: /home/tss8117/Desktop/tirth_ws/AISD_Trainee_Module/install/shm_cpp/include/shm_cpp/shm_cpp/msg
[13.492s] -- Installing: /home/tss8117/Desktop/tirth_ws/AISD_Trainee_Module/install/shm_cpp/include/shm_cpp/shm_cpp/msg/rosidl_typesupport_introspection_c__visibility_control.h
[13.492s] -- Installing: /home/tss8117/Desktop/tirth_ws/AISD_Trainee_Module/install/shm_cpp/lib/libshm_cpp__rosidl_typesupport_introspection_c.so
[13.492s] -- Set runtime path of "/home/tss8117/Desktop/tirth_ws/AISD_Trainee_Module/install/shm_cpp/lib/libshm_cpp__rosidl_typesupport_introspection_c.so" to ""
[13.492s] -- Installing: /home/tss8117/Desktop/tirth_ws/AISD_Trainee_Module/install/shm_cpp/lib/libshm_cpp__rosidl_typesupport_c.so
[13.493s] -- Set runtime path of "/home/tss8117/Desktop/tirth_ws/AISD_Trainee_Module/install/shm_cpp/lib/libshm_cpp__rosidl_typesupport_c.so" to ""
[13.493s] -- Up-to-date: /home/tss8117/Desktop/tirth_ws/AISD_Trainee_Module/install/shm_cpp/include/shm_cpp/shm_cpp
[13.493s] -- Up-to-date: /home/tss8117/Desktop/tirth_ws/AISD_Trainee_Module/install/shm_cpp/include/shm_cpp/shm_cpp/srv
[13.493s] -- Up-to-date: /home/tss8117/Desktop/tirth_ws/AISD_Trainee_Module/install/shm_cpp/include/shm_cpp/shm_cpp/srv/detail
[13.493s] -- Installing: /home/tss8117/Desktop/tirth_ws/AISD_Trainee_Module/install/shm_cpp/include/shm_cpp/shm_cpp/srv/detail/set_spring__rosidl_typesupport_introspection_cpp.hpp
[13.493s] -- Installing: /home/tss8117/Desktop/tirth_ws/AISD_Trainee_Module/install/shm_cpp/include/shm_cpp/shm_cpp/srv/detail/set_spring__type_support.cpp
[13.494s] -- Installing: /home/tss8117/Desktop/tirth_ws/AISD_Trainee_Module/install/shm_cpp/lib/libshm_cpp__rosidl_typesupport_introspection_cpp.so
[13.494s] -- Set runtime path of "/home/tss8117/Desktop/tirth_ws/AISD_Trainee_Module/install/shm_cpp/lib/libshm_cpp__rosidl_typesupport_introspection_cpp.so" to ""
[13.494s] -- Installing: /home/tss8117/Desktop/tirth_ws/AISD_Trainee_Module/install/shm_cpp/lib/libshm_cpp__rosidl_typesupport_cpp.so
[13.494s] -- Set runtime path of "/home/tss8117/Desktop/tirth_ws/AISD_Trainee_Module/install/shm_cpp/lib/libshm_cpp__rosidl_typesupport_cpp.so" to ""
[13.494s] -- Installing: /home/tss8117/Desktop/tirth_ws/AISD_Trainee_Module/install/shm_cpp/share/shm_cpp/environment/pythonpath.sh
[13.495s] -- Installing: /home/tss8117/Desktop/tirth_ws/AISD_Trainee_Module/install/shm_cpp/share/shm_cpp/environment/pythonpath.dsv
[13.495s] -- Installing: /home/tss8117/Desktop/tirth_ws/AISD_Trainee_Module/install/shm_cpp/local/lib/python3.10/dist-packages/shm_cpp-0.0.0-py3.10.egg-info
[13.495s] -- Installing: /home/tss8117/Desktop/tirth_ws/AISD_Trainee_Module/install/shm_cpp/local/lib/python3.10/dist-packages/shm_cpp-0.0.0-py3.10.egg-info/top_level.txt
[13.495s] -- Installing: /home/tss8117/Desktop/tirth_ws/AISD_Trainee_Module/install/shm_cpp/local/lib/python3.10/dist-packages/shm_cpp-0.0.0-py3.10.egg-info/SOURCES.txt
[13.496s] -- Installing: /home/tss8117/Desktop/tirth_ws/AISD_Trainee_Module/install/shm_cpp/local/lib/python3.10/dist-packages/shm_cpp-0.0.0-py3.10.egg-info/dependency_links.txt
[13.496s] -- Installing: /home/tss8117/Desktop/tirth_ws/AISD_Trainee_Module/install/shm_cpp/local/lib/python3.10/dist-packages/shm_cpp-0.0.0-py3.10.egg-info/PKG-INFO
[13.496s] -- Installing: /home/tss8117/Desktop/tirth_ws/AISD_Trainee_Module/install/shm_cpp/local/lib/python3.10/dist-packages/shm_cpp
[13.496s] -- Installing: /home/tss8117/Desktop/tirth_ws/AISD_Trainee_Module/install/shm_cpp/local/lib/python3.10/dist-packages/shm_cpp/_shm_cpp_s.ep.rosidl_typesupport_c.c
[13.497s] -- Installing: /home/tss8117/Desktop/tirth_ws/AISD_Trainee_Module/install/shm_cpp/local/lib/python3.10/dist-packages/shm_cpp/_shm_cpp_s.ep.rosidl_typesupport_fastrtps_c.c
[13.497s] -- Installing: /home/tss8117/Desktop/tirth_ws/AISD_Trainee_Module/install/shm_cpp/local/lib/python3.10/dist-packages/shm_cpp/shm_cpp_s__rosidl_typesupport_c.cpython-310-aarch64-linux-gnu.so
[13.497s] -- Installing: /home/tss8117/Desktop/tirth_ws/AISD_Trainee_Module/install/shm_cpp/local/lib/python3.10/dist-packages/shm_cpp/shm_cpp_s__rosidl_typesupport_introspection_c.cpython-310-aarch64-linux-gnu.so
[13.497s] -- Installing: /home/tss8117/Desktop/tirth_ws/AISD_Trainee_Module/install/shm_cpp/local/lib/python3.10/dist-packages/shm_cpp/libshm_cpp__rosidl_generator_py.so
[13.497s] -- Installing: /home/tss8117/Desktop/tirth_ws/AISD_Trainee_Module/install/shm_cpp/local/lib/python3.10/dist-packages/shm_cpp/shm_cpp_s__rosidl_typesupport_fastrtps_c.cpython-310-aarch64-linux-gnu.so
[13.497s] -- Installing: /home/tss8117/Desktop/tirth_ws/AISD_Trainee_Module/install/shm_cpp/local/lib/python3.10/dist-packages/shm_cpp/__init__.py
[13.497s] -- Installing: /home/tss8117/Desktop/tirth_ws/AISD_Trainee_Module/install/shm_cpp/local/lib/python3.10/dist-packages/shm_cpp/_shm_cpp_s.ep.rosidl_typesupport_introspection_c.c
[13.498s] -- Installing: /home/tss8117/Desktop/tirth_ws/AISD_Trainee_Module/install/shm_cpp/local/lib/python3.10/dist-packages/shm_cpp/srv
[13.498s] -- Installing: /home/tss8117/Desktop/tirth_ws/AISD_Trainee_Module/install/shm_cpp/local/lib/python3.10/dist-packages/shm_cpp/srv/_set_spring.py
[13.498s] -- Installing: /home/tss8117/Desktop/tirth_ws/AISD_Trainee_Module/install/shm_cpp/local/lib/python3.10/dist-packages/shm_cpp/srv/__init__.py
[13.498s] -- Installing: /home/tss8117/Desktop/tirth_ws/AISD_Trainee_Module/install/shm_cpp/local/lib/python3.10/dist-packages/shm_cpp/srv/_set_spring_s.c
[13.540s] Listing '/home/tss8117/Desktop/tirth_ws/AISD_Trainee_Module/install/shm_cpp/local/lib/python3.10/dist-packages/shm_cpp'...
[13.540s] Compiling '/home/tss8117/Desktop/tirth_ws/AISD_Trainee_Module/install/shm_cpp/local/lib/python3.10/dist-packages/shm_cpp/__init__.py'...
[13.540s] Listing '/home/tss8117/Desktop/tirth_ws/AISD_Trainee_Module/install/shm_cpp/local/lib/python3.10/dist-packages/shm_cpp/srv'...
[13.540s] Compiling '/home/tss8117/Desktop/tirth_ws/AISD_Trainee_Module/install/shm_cpp/local/lib/python3.10/dist-packages/shm_cpp/srv/__init__.py'...
[13.540s] Compiling '/home/tss8117/Desktop/tirth_ws/AISD_Trainee_Module/install/shm_cpp/local/lib/python3.10/dist-packages/shm_cpp/srv/_set_spring.py'...
[13.545s] -- Installing: /home/tss8117/Desktop/tirth_ws/AISD_Trainee_Module/install/shm_cpp/local/lib/python3.10/dist-packages/shm_cpp/shm_cpp_s__rosidl_typesupport_fastrtps_c.cpython-310-aarch64-linux-gnu.so
[13.545s] -- Set runtime path of "/home/tss8117/Desktop/tirth_ws/AISD_Trainee_Module/install/shm_cpp/local/lib/python3.10/dist-packages/shm_cpp/shm_cpp_s__rosidl_typesupport_fastrtps_c.cpython-310-aarch64-linux-gnu.so" to ""
[13.545s] -- Installing: /home/tss8117/Desktop/tirth_ws/AISD_Trainee_Module/install/shm_cpp/local/lib/python3.10/dist-packages/shm_cpp/shm_cpp_s__rosidl_typesupport_introspection_c.cpython-310-aarch64-linux-gnu.so
[13.546s] -- Set runtime path of "/home/tss8117/Desktop/tirth_ws/AISD_Trainee_Module/install/shm_cpp/local/lib/python3.10/dist-packages/shm_cpp/shm_cpp_s__rosidl_typesupport_introspection_c.cpython-310-aarch64-linux-gnu.so" to ""
[13.546s] -- Installing: /home/tss8117/Desktop/tirth_ws/AISD_Trainee_Module/install/shm_cpp/local/lib/python3.10/dist-packages/shm_cpp/shm_cpp_s__rosidl_typesupport_c.cpython-310-aarch64-linux-gnu.so
[13.546s] -- Set runtime path of "/home/tss8117/Desktop/tirth_ws/AISD_Trainee_Module/install/shm_cpp/local/lib/python3.10/dist-packages/shm_cpp/shm_cpp_s__rosidl_typesupport_c.cpython-310-aarch64-linux-gnu.so" to ""
[13.546s] -- Installing: /home/tss8117/Desktop/tirth_ws/AISD_Trainee_Module/install/shm_cpp/lib/libshm_cpp__rosidl_generator_py.so
[13.547s] -- Set runtime path of "/home/tss8117/Desktop/tirth_ws/AISD_Trainee_Module/install/shm_cpp/lib/libshm_cpp__rosidl_generator_py.so" to ""
[13.547s] -- Installing: /home/tss8117/Desktop/tirth_ws/AISD_Trainee_Module/install/shm_cpp/share/shm_cpp/srv/SetSpring.idl
[13.547s] -- Installing: /home/tss8117/Desktop/tirth_ws/AISD_Trainee_Module/install/shm_cpp/share/shm_cpp/srv/SetSpring.srv
[13.547s] -- Installing: /home/tss8117/Desktop/tirth_ws/AISD_Trainee_Module/install/shm_cpp/share/shm_cpp/srv/SetSpring_Request.msg
[13.547s] -- Installing: /home/tss8117/Desktop/tirth_ws/AISD_Trainee_Module/install/shm_cpp/share/shm_cpp/srv/SetSpring_Response.msg
[13.548s] -- Installing: /home/tss8117/Desktop/tirth_ws/AISD_Trainee_Module/install/shm_cpp/lib/shm_cpp/position_publisher
[13.549s] -- Set runtime path of "/home/tss8117/Desktop/tirth_ws/AISD_Trainee_Module/install/shm_cpp/lib/shm_cpp/position_publisher" to ""
[13.549s] -- Installing: /home/tss8117/Desktop/tirth_ws/AISD_Trainee_Module/install/shm_cpp/lib/shm_cpp/visualize_marker
[13.553s] -- Set runtime path of "/home/tss8117/Desktop/tirth_ws/AISD_Trainee_Module/install/shm_cpp/lib/shm_cpp/visualize_marker" to ""
[13.553s] -- Installing: /home/tss8117/Desktop/tirth_ws/AISD_Trainee_Module/install/shm_cpp/share/ament_index/resource_index/package_run_dependencies/shm_cpp
[13.554s] -- Installing: /home/tss8117/Desktop/tirth_ws/AISD_Trainee_Module/install/shm_cpp/share/ament_index/resource_index/parent_prefix_path/shm_cpp
[13.554s] -- Installing: /home/tss8117/Desktop/tirth_ws/AISD_Trainee_Module/install/shm_cpp/share/shm_cpp/environment/ament_prefix_path.sh
[13.554s] -- Installing: /home/tss8117/Desktop/tirth_ws/AISD_Trainee_Module/install/shm_cpp/share/shm_cpp/environment/ament_prefix_path.dsv
[13.555s] -- Installing: /home/tss8117/Desktop/tirth_ws/AISD_Trainee_Module/install/shm_cpp/share/shm_cpp/environment/path.sh
[13.555s] -- Installing: /home/tss8117/Desktop/tirth_ws/AISD_Trainee_Module/install/shm_cpp/share/shm_cpp/environment/path.dsv
[13.555s] -- Installing: /home/tss8117/Desktop/tirth_ws/AISD_Trainee_Module/install/shm_cpp/share/shm_cpp/local_setup.bash
[13.555s] -- Installing: /home/tss8117/Desktop/tirth_ws/AISD_Trainee_Module/install/shm_cpp/share/shm_cpp/local_setup.sh
[13.556s] -- Installing: /home/tss8117/Desktop/tirth_ws/AISD_Trainee_Module/install/shm_cpp/share/shm_cpp/local_setup.zsh
[13.556s] -- Installing: /home/tss8117/Desktop/tirth_ws/AISD_Trainee_Module/install/shm_cpp/share/shm_cpp/local_setup.dsv
[13.556s] -- Installing: /home/tss8117/Desktop/tirth_ws/AISD_Trainee_Module/install/shm_cpp/share/shm_cpp/package.dsv
[13.556s] -- Installing: /home/tss8117/Desktop/tirth_ws/AISD_Trainee_Module/install/shm_cpp/share/ament_index/resource_index/packages/shm_cpp
[13.557s] -- Installing: /home/tss8117/Desktop/tirth_ws/AISD_Trainee_Module/install/shm_cpp/share/shm_cpp/cmake/export_shm_cpp__rosidl_generator_cExport.cmake
[13.557s] -- Installing: /home/tss8117/Desktop/tirth_ws/AISD_Trainee_Module/install/shm_cpp/share/shm_cpp/cmake/export_shm_cpp__rosidl_generator_cExport-noconfig.cmake
[13.557s] -- Installing: /home/tss8117/Desktop/tirth_ws/AISD_Trainee_Module/install/shm_cpp/share/shm_cpp/cmake/export_shm_cpp__rosidl_typesupport_fastrtps_cExport.cmake
[13.558s] -- Installing: /home/tss8117/Desktop/tirth_ws/AISD_Trainee_Module/install/shm_cpp/share/shm_cpp/cmake/export_shm_cpp__rosidl_typesupport_fastrtps_cExport-noconfig.cmake
[13.558s] -- Installing: /home/tss8117/Desktop/tirth_ws/AISD_Trainee_Module/install/shm_cpp/share/shm_cpp/cmake/export_shm_cpp__rosidl_generator_cppExport.cmake
[13.558s] -- Installing: /home/tss8117/Desktop/tirth_ws/AISD_Trainee_Module/install/shm_cpp/share/shm_cpp/cmake/export_shm_cpp__rosidl_typesupport_fastrtps_cppExport.cmake
[13.559s] -- Installing: /home/tss8117/Desktop/tirth_ws/AISD_Trainee_Module/install/shm_cpp/share/shm_cpp/cmake/export_shm_cpp__rosidl_typesupport_fastrtps_cppExport-noconfig.cmake
[13.559s] -- Installing: /home/tss8117/Desktop/tirth_ws/AISD_Trainee_Module/install/shm_cpp/share/shm_cpp/cmake/shm_cpp__rosidl_typesupport_introspection_cExport.cmake
[13.559s] -- Installing: /home/tss8117/Desktop/tirth_ws/AISD_Trainee_Module/install/shm_cpp/share/shm_cpp/cmake/shm_cpp__rosidl_typesupport_introspection_cExport-noconfig.cmake
[13.559s] -- Installing: /home/tss8117/Desktop/tirth_ws/AISD_Trainee_Module/install/shm_cpp/share/shm_cpp/cmake/shm_cpp__rosidl_typesupport_cExport.cmake
[13.560s] -- Installing: /home/tss8117/Desktop/tirth_ws/AISD_Trainee_Module/install/shm_cpp/share/shm_cpp/cmake/shm_cpp__rosidl_typesupport_cExport-noconfig.cmake
[13.560s] -- Installing: /home/tss8117/Desktop/tirth_ws/AISD_Trainee_Module/install/shm_cpp/share/shm_cpp/cmake/shm_cpp__rosidl_typesupport_introspection_cppExport.cmake
[13.560s] -- Installing: /home/tss8117/Desktop/tirth_ws/AISD_Trainee_Module/install/shm_cpp/share/shm_cpp/cmake/shm_cpp__rosidl_typesupport_introspection_cppExport-noconfig.cmake
[13.561s] -- Installing: /home/tss8117/Desktop/tirth_ws/AISD_Trainee_Module/install/shm_cpp/share/shm_cpp/cmake/shm_cpp__rosidl_typesupport_cppExport.cmake
[13.561s] -- Installing: /home/tss8117/Desktop/tirth_ws/AISD_Trainee_Module/install/shm_cpp/share/shm_cpp/cmake/shm_cpp__rosidl_typesupport_cppExport-noconfig.cmake
[13.561s] -- Installing: /home/tss8117/Desktop/tirth_ws/AISD_Trainee_Module/install/shm_cpp/share/shm_cpp/cmake/export_shm_cpp__rosidl_generator_pyExport.cmake
[13.562s] -- Installing: /home/tss8117/Desktop/tirth_ws/AISD_Trainee_Module/install/shm_cpp/share/shm_cpp/cmake/export_shm_cpp__rosidl_generator_pyExport-noconfig.cmake
[13.562s] -- Installing: /home/tss8117/Desktop/tirth_ws/AISD_Trainee_Module/install/shm_cpp/share/shm_cpp/cmake/rosidl_cmake-extras.cmake
[13.562s] -- Installing: /home/tss8117/Desktop/tirth_ws/AISD_Trainee_Module/install/shm_cpp/share/shm_cpp/cmake/ament_cmake_export_include_directories-extras.cmake
[13.563s] -- Installing: /home/tss8117/Desktop/tirth_ws/AISD_Trainee_Module/install/shm_cpp/share/shm_cpp/cmake/ament_cmake_export_libraries-extras.cmake
[13.563s] -- Installing: /home/tss8117/Desktop/tirth_ws/AISD_Trainee_Module/install/shm_cpp/share/shm_cpp/cmake/ament_cmake_export_targets-extras.cmake
[13.563s] -- Installing: /home/tss8117/Desktop/tirth_ws/AISD_Trainee_Module/install/shm_cpp/share/shm_cpp/cmake/rosidl_cmake_export_typesupport_targets-extras.cmake
[13.563s] -- Installing: /home/tss8117/Desktop/tirth_ws/AISD_Trainee_Module/install/shm_cpp/share/shm_cpp/cmake/ament_cmake_export_dependencies-extras.cmake
[13.564s] -- Installing: /home/tss8117/Desktop/tirth_ws/AISD_Trainee_Module/install/shm_cpp/share/shm_cpp/cmake/rosidl_cmake_export_typesupport_libraries-extras.cmake
[13.564s] -- Installing: /home/tss8117/Desktop/tirth_ws/AISD_Trainee_Module/install/shm_cpp/share/shm_cpp/cmake/shm_cppConfig.cmake
[13.565s] -- Installing: /home/tss8117/Desktop/tirth_ws/AISD_Trainee_Module/install/shm_cpp/share/shm_cpp/cmake/shm_cppConfig-version.cmake
[13.565s] -- Installing: /home/tss8117/Desktop/tirth_ws/AISD_Trainee_Module/install/shm_cpp/share/shm_cpp/package.xml
[13.568s] Invoked command in '/home/tss8117/Desktop/tirth_ws/AISD_Trainee_Module/build/shm_cpp' returned '0': CMAKE_PREFIX_PATH=${CMAKE_PREFIX_PATH}:/home/tss8117/ros2_ws/src/install/my_robot_controller:/home/tss8117/ros2_ws/src/install/handshake:/home/tss8117/ros2_ws/src/install/SHM:/opt/ros/humble /usr/bin/cmake --install /home/tss8117/Desktop/tirth_ws/AISD_Trainee_Module/build/shm_cpp
