[0.143s] DEBUG:colcon:Command line arguments: ['/usr/bin/colcon', 'build']
[0.143s] DEBUG:colcon:Parsed command line arguments: Namespace(log_base=None, log_level=None, verb_name='build', build_base='build', install_base='install', merge_install=False, symlink_install=False, test_result_base=None, continue_on_error=False, executor='parallel', parallel_workers=4, event_handlers=None, ignore_user_meta=False, metas=['./colcon.meta'], base_paths=['.'], packages_ignore=None, packages_ignore_regex=None, paths=None, packages_up_to=None, packages_up_to_regex=None, packages_above=None, packages_above_and_dependencies=None, packages_above_depth=None, packages_select_by_dep=None, packages_skip_by_dep=None, packages_skip_up_to=None, packages_select_build_failed=False, packages_skip_build_finished=False, packages_select_test_failures=False, packages_skip_test_passed=False, packages_select=None, packages_skip=None, packages_select_regex=None, packages_skip_regex=None, packages_start=None, packages_end=None, allow_overriding=[], cmake_args=None, cmake_target=None, cmake_target_skip_unavailable=False, cmake_clean_cache=False, cmake_clean_first=False, cmake_force_configure=False, ament_cmake_args=None, catkin_cmake_args=None, catkin_skip_building_tests=False, verb_parser=<colcon_defaults.argument_parser.defaults.DefaultArgumentsDecorator object at 0xffffac11d570>, verb_extension=<colcon_core.verb.build.BuildVerb object at 0xffffac2b6350>, main=<bound method BuildVerb.main of <colcon_core.verb.build.BuildVerb object at 0xffffac2b6350>>)
[0.500s] Level 1:colcon.colcon_core.package_discovery:discover_packages(colcon_meta) check parameters
[0.500s] Level 1:colcon.colcon_core.package_discovery:discover_packages(recursive) check parameters
[0.500s] Level 1:colcon.colcon_core.package_discovery:discover_packages(ignore) check parameters
[0.500s] Level 1:colcon.colcon_core.package_discovery:discover_packages(path) check parameters
[0.500s] Level 1:colcon.colcon_core.package_discovery:discover_packages(colcon_meta) discover
[0.500s] Level 1:colcon.colcon_core.package_discovery:discover_packages(recursive) discover
[0.500s] INFO:colcon.colcon_core.package_discovery:Crawling recursively for packages in '/home/tss8117/Desktop/tirth_ws/AISD_Trainee_Module'
[0.501s] Level 1:colcon.colcon_core.package_identification:_identify(.) by extensions ['ignore', 'ignore_ament_install']
[0.501s] Level 1:colcon.colcon_core.package_identification:_identify(.) by extension 'ignore'
[0.501s] Level 1:colcon.colcon_core.package_identification:_identify(.) by extension 'ignore_ament_install'
[0.501s] Level 1:colcon.colcon_core.package_identification:_identify(.) by extensions ['colcon_pkg']
[0.501s] Level 1:colcon.colcon_core.package_identification:_identify(.) by extension 'colcon_pkg'
[0.501s] Level 1:colcon.colcon_core.package_identification:_identify(.) by extensions ['colcon_meta']
[0.501s] Level 1:colcon.colcon_core.package_identification:_identify(.) by extension 'colcon_meta'
[0.501s] Level 1:colcon.colcon_core.package_identification:_identify(.) by extensions ['ros']
[0.501s] Level 1:colcon.colcon_core.package_identification:_identify(.) by extension 'ros'
[0.515s] Level 1:colcon.colcon_core.package_identification:_identify(.) by extensions ['cmake', 'python']
[0.515s] Level 1:colcon.colcon_core.package_identification:_identify(.) by extension 'cmake'
[0.515s] Level 1:colcon.colcon_core.package_identification:_identify(.) by extension 'python'
[0.515s] Level 1:colcon.colcon_core.package_identification:_identify(.) by extensions ['python_setup_py']
[0.515s] Level 1:colcon.colcon_core.package_identification:_identify(.) by extension 'python_setup_py'
[0.515s] Level 1:colcon.colcon_core.package_identification:_identify(build) by extensions ['ignore', 'ignore_ament_install']
[0.515s] Level 1:colcon.colcon_core.package_identification:_identify(build) by extension 'ignore'
[0.515s] Level 1:colcon.colcon_core.package_identification:_identify(build) ignored
[0.516s] Level 1:colcon.colcon_core.package_identification:_identify(handshake) by extensions ['ignore', 'ignore_ament_install']
[0.516s] Level 1:colcon.colcon_core.package_identification:_identify(handshake) by extension 'ignore'
[0.516s] Level 1:colcon.colcon_core.package_identification:_identify(handshake) by extension 'ignore_ament_install'
[0.516s] Level 1:colcon.colcon_core.package_identification:_identify(handshake) by extensions ['colcon_pkg']
[0.516s] Level 1:colcon.colcon_core.package_identification:_identify(handshake) by extension 'colcon_pkg'
[0.516s] Level 1:colcon.colcon_core.package_identification:_identify(handshake) by extensions ['colcon_meta']
[0.516s] Level 1:colcon.colcon_core.package_identification:_identify(handshake) by extension 'colcon_meta'
[0.516s] Level 1:colcon.colcon_core.package_identification:_identify(handshake) by extensions ['ros']
[0.516s] Level 1:colcon.colcon_core.package_identification:_identify(handshake) by extension 'ros'
[0.520s] DEBUG:colcon.colcon_core.package_identification:Package 'handshake' with type 'ros.ament_python' and name 'handshake'
[0.520s] Level 1:colcon.colcon_core.package_identification:_identify(install) by extensions ['ignore', 'ignore_ament_install']
[0.520s] Level 1:colcon.colcon_core.package_identification:_identify(install) by extension 'ignore'
[0.520s] Level 1:colcon.colcon_core.package_identification:_identify(install) ignored
[0.520s] Level 1:colcon.colcon_core.package_identification:_identify(log) by extensions ['ignore', 'ignore_ament_install']
[0.520s] Level 1:colcon.colcon_core.package_identification:_identify(log) by extension 'ignore'
[0.520s] Level 1:colcon.colcon_core.package_identification:_identify(log) ignored
[0.520s] Level 1:colcon.colcon_core.package_identification:_identify(my_robot_controller) by extensions ['ignore', 'ignore_ament_install']
[0.520s] Level 1:colcon.colcon_core.package_identification:_identify(my_robot_controller) by extension 'ignore'
[0.520s] Level 1:colcon.colcon_core.package_identification:_identify(my_robot_controller) by extension 'ignore_ament_install'
[0.520s] Level 1:colcon.colcon_core.package_identification:_identify(my_robot_controller) by extensions ['colcon_pkg']
[0.520s] Level 1:colcon.colcon_core.package_identification:_identify(my_robot_controller) by extension 'colcon_pkg'
[0.520s] Level 1:colcon.colcon_core.package_identification:_identify(my_robot_controller) by extensions ['colcon_meta']
[0.521s] Level 1:colcon.colcon_core.package_identification:_identify(my_robot_controller) by extension 'colcon_meta'
[0.521s] Level 1:colcon.colcon_core.package_identification:_identify(my_robot_controller) by extensions ['ros']
[0.521s] Level 1:colcon.colcon_core.package_identification:_identify(my_robot_controller) by extension 'ros'
[0.522s] DEBUG:colcon.colcon_core.package_identification:Package 'my_robot_controller' with type 'ros.ament_python' and name 'my_robot_controller'
[0.522s] Level 1:colcon.colcon_core.package_identification:_identify(shm_cpp) by extensions ['ignore', 'ignore_ament_install']
[0.522s] Level 1:colcon.colcon_core.package_identification:_identify(shm_cpp) by extension 'ignore'
[0.522s] Level 1:colcon.colcon_core.package_identification:_identify(shm_cpp) by extension 'ignore_ament_install'
[0.522s] Level 1:colcon.colcon_core.package_identification:_identify(shm_cpp) by extensions ['colcon_pkg']
[0.522s] Level 1:colcon.colcon_core.package_identification:_identify(shm_cpp) by extension 'colcon_pkg'
[0.522s] Level 1:colcon.colcon_core.package_identification:_identify(shm_cpp) by extensions ['colcon_meta']
[0.522s] Level 1:colcon.colcon_core.package_identification:_identify(shm_cpp) by extension 'colcon_meta'
[0.522s] Level 1:colcon.colcon_core.package_identification:_identify(shm_cpp) by extensions ['ros']
[0.522s] Level 1:colcon.colcon_core.package_identification:_identify(shm_cpp) by extension 'ros'
[0.523s] DEBUG:colcon.colcon_core.package_identification:Package 'shm_cpp' with type 'ros.ament_cmake' and name 'shm_cpp'
[0.523s] Level 1:colcon.colcon_core.package_identification:_identify(src) by extensions ['ignore', 'ignore_ament_install']
[0.523s] Level 1:colcon.colcon_core.package_identification:_identify(src) by extension 'ignore'
[0.523s] Level 1:colcon.colcon_core.package_identification:_identify(src) by extension 'ignore_ament_install'
[0.523s] Level 1:colcon.colcon_core.package_identification:_identify(src) by extensions ['colcon_pkg']
[0.523s] Level 1:colcon.colcon_core.package_identification:_identify(src) by extension 'colcon_pkg'
[0.523s] Level 1:colcon.colcon_core.package_identification:_identify(src) by extensions ['colcon_meta']
[0.524s] Level 1:colcon.colcon_core.package_identification:_identify(src) by extension 'colcon_meta'
[0.524s] Level 1:colcon.colcon_core.package_identification:_identify(src) by extensions ['ros']
[0.524s] Level 1:colcon.colcon_core.package_identification:_identify(src) by extension 'ros'
[0.524s] Level 1:colcon.colcon_core.package_identification:_identify(src) by extensions ['cmake', 'python']
[0.524s] Level 1:colcon.colcon_core.package_identification:_identify(src) by extension 'cmake'
[0.524s] Level 1:colcon.colcon_core.package_identification:_identify(src) by extension 'python'
[0.524s] Level 1:colcon.colcon_core.package_identification:_identify(src) by extensions ['python_setup_py']
[0.524s] Level 1:colcon.colcon_core.package_identification:_identify(src) by extension 'python_setup_py'
[0.524s] Level 1:colcon.colcon_core.package_identification:_identify(src/my_robot_description) by extensions ['ignore', 'ignore_ament_install']
[0.524s] Level 1:colcon.colcon_core.package_identification:_identify(src/my_robot_description) by extension 'ignore'
[0.524s] Level 1:colcon.colcon_core.package_identification:_identify(src/my_robot_description) by extension 'ignore_ament_install'
[0.524s] Level 1:colcon.colcon_core.package_identification:_identify(src/my_robot_description) by extensions ['colcon_pkg']
[0.524s] Level 1:colcon.colcon_core.package_identification:_identify(src/my_robot_description) by extension 'colcon_pkg'
[0.524s] Level 1:colcon.colcon_core.package_identification:_identify(src/my_robot_description) by extensions ['colcon_meta']
[0.524s] Level 1:colcon.colcon_core.package_identification:_identify(src/my_robot_description) by extension 'colcon_meta'
[0.524s] Level 1:colcon.colcon_core.package_identification:_identify(src/my_robot_description) by extensions ['ros']
[0.524s] Level 1:colcon.colcon_core.package_identification:_identify(src/my_robot_description) by extension 'ros'
[0.525s] DEBUG:colcon.colcon_core.package_identification:Package 'src/my_robot_description' with type 'ros.ament_cmake' and name 'my_robot_description'
[0.525s] Level 1:colcon.colcon_core.package_discovery:discover_packages(recursive) using defaults
[0.525s] Level 1:colcon.colcon_core.package_discovery:discover_packages(ignore) discover
[0.525s] Level 1:colcon.colcon_core.package_discovery:discover_packages(ignore) using defaults
[0.525s] Level 1:colcon.colcon_core.package_discovery:discover_packages(path) discover
[0.525s] Level 1:colcon.colcon_core.package_discovery:discover_packages(path) using defaults
[0.563s] Level 1:colcon.colcon_core.package_discovery:discover_packages(prefix_path) check parameters
[0.563s] Level 1:colcon.colcon_core.package_discovery:discover_packages(prefix_path) discover
[0.567s] DEBUG:colcon.colcon_installed_package_information.package_discovery:Found 1 installed packages in /home/tss8117/ros2_ws/install
[0.567s] DEBUG:colcon.colcon_installed_package_information.package_discovery:Found 4 installed packages in /home/tss8117/ros2_ws/src/install
[0.570s] DEBUG:colcon.colcon_installed_package_information.package_discovery:Found 326 installed packages in /opt/ros/humble
[0.571s] Level 1:colcon.colcon_core.package_discovery:discover_packages(prefix_path) using defaults
[0.661s] Level 5:colcon.colcon_core.verb:set package 'handshake' build argument 'cmake_args' from command line to 'None'
[0.661s] Level 5:colcon.colcon_core.verb:set package 'handshake' build argument 'cmake_target' from command line to 'None'
[0.661s] Level 5:colcon.colcon_core.verb:set package 'handshake' build argument 'cmake_target_skip_unavailable' from command line to 'False'
[0.661s] Level 5:colcon.colcon_core.verb:set package 'handshake' build argument 'cmake_clean_cache' from command line to 'False'
[0.661s] Level 5:colcon.colcon_core.verb:set package 'handshake' build argument 'cmake_clean_first' from command line to 'False'
[0.661s] Level 5:colcon.colcon_core.verb:set package 'handshake' build argument 'cmake_force_configure' from command line to 'False'
[0.661s] Level 5:colcon.colcon_core.verb:set package 'handshake' build argument 'ament_cmake_args' from command line to 'None'
[0.661s] Level 5:colcon.colcon_core.verb:set package 'handshake' build argument 'catkin_cmake_args' from command line to 'None'
[0.661s] Level 5:colcon.colcon_core.verb:set package 'handshake' build argument 'catkin_skip_building_tests' from command line to 'False'
[0.661s] DEBUG:colcon.colcon_core.verb:Building package 'handshake' with the following arguments: {'ament_cmake_args': None, 'build_base': '/home/tss8117/Desktop/tirth_ws/AISD_Trainee_Module/build/handshake', 'catkin_cmake_args': None, 'catkin_skip_building_tests': False, 'cmake_args': None, 'cmake_clean_cache': False, 'cmake_clean_first': False, 'cmake_force_configure': False, 'cmake_target': None, 'cmake_target_skip_unavailable': False, 'install_base': '/home/tss8117/Desktop/tirth_ws/AISD_Trainee_Module/install/handshake', 'merge_install': False, 'path': '/home/tss8117/Desktop/tirth_ws/AISD_Trainee_Module/handshake', 'symlink_install': False, 'test_result_base': None}
[0.661s] Level 5:colcon.colcon_core.verb:set package 'my_robot_controller' build argument 'cmake_args' from command line to 'None'
[0.661s] Level 5:colcon.colcon_core.verb:set package 'my_robot_controller' build argument 'cmake_target' from command line to 'None'
[0.661s] Level 5:colcon.colcon_core.verb:set package 'my_robot_controller' build argument 'cmake_target_skip_unavailable' from command line to 'False'
[0.661s] Level 5:colcon.colcon_core.verb:set package 'my_robot_controller' build argument 'cmake_clean_cache' from command line to 'False'
[0.661s] Level 5:colcon.colcon_core.verb:set package 'my_robot_controller' build argument 'cmake_clean_first' from command line to 'False'
[0.661s] Level 5:colcon.colcon_core.verb:set package 'my_robot_controller' build argument 'cmake_force_configure' from command line to 'False'
[0.661s] Level 5:colcon.colcon_core.verb:set package 'my_robot_controller' build argument 'ament_cmake_args' from command line to 'None'
[0.661s] Level 5:colcon.colcon_core.verb:set package 'my_robot_controller' build argument 'catkin_cmake_args' from command line to 'None'
[0.661s] Level 5:colcon.colcon_core.verb:set package 'my_robot_controller' build argument 'catkin_skip_building_tests' from command line to 'False'
[0.661s] DEBUG:colcon.colcon_core.verb:Building package 'my_robot_controller' with the following arguments: {'ament_cmake_args': None, 'build_base': '/home/tss8117/Desktop/tirth_ws/AISD_Trainee_Module/build/my_robot_controller', 'catkin_cmake_args': None, 'catkin_skip_building_tests': False, 'cmake_args': None, 'cmake_clean_cache': False, 'cmake_clean_first': False, 'cmake_force_configure': False, 'cmake_target': None, 'cmake_target_skip_unavailable': False, 'install_base': '/home/tss8117/Desktop/tirth_ws/AISD_Trainee_Module/install/my_robot_controller', 'merge_install': False, 'path': '/home/tss8117/Desktop/tirth_ws/AISD_Trainee_Module/my_robot_controller', 'symlink_install': False, 'test_result_base': None}
[0.662s] Level 5:colcon.colcon_core.verb:set package 'my_robot_description' build argument 'cmake_args' from command line to 'None'
[0.662s] Level 5:colcon.colcon_core.verb:set package 'my_robot_description' build argument 'cmake_target' from command line to 'None'
[0.662s] Level 5:colcon.colcon_core.verb:set package 'my_robot_description' build argument 'cmake_target_skip_unavailable' from command line to 'False'
[0.662s] Level 5:colcon.colcon_core.verb:set package 'my_robot_description' build argument 'cmake_clean_cache' from command line to 'False'
[0.662s] Level 5:colcon.colcon_core.verb:set package 'my_robot_description' build argument 'cmake_clean_first' from command line to 'False'
[0.662s] Level 5:colcon.colcon_core.verb:set package 'my_robot_description' build argument 'cmake_force_configure' from command line to 'False'
[0.662s] Level 5:colcon.colcon_core.verb:set package 'my_robot_description' build argument 'ament_cmake_args' from command line to 'None'
[0.662s] Level 5:colcon.colcon_core.verb:set package 'my_robot_description' build argument 'catkin_cmake_args' from command line to 'None'
[0.662s] Level 5:colcon.colcon_core.verb:set package 'my_robot_description' build argument 'catkin_skip_building_tests' from command line to 'False'
[0.662s] DEBUG:colcon.colcon_core.verb:Building package 'my_robot_description' with the following arguments: {'ament_cmake_args': None, 'build_base': '/home/tss8117/Desktop/tirth_ws/AISD_Trainee_Module/build/my_robot_description', 'catkin_cmake_args': None, 'catkin_skip_building_tests': False, 'cmake_args': None, 'cmake_clean_cache': False, 'cmake_clean_first': False, 'cmake_force_configure': False, 'cmake_target': None, 'cmake_target_skip_unavailable': False, 'install_base': '/home/tss8117/Desktop/tirth_ws/AISD_Trainee_Module/install/my_robot_description', 'merge_install': False, 'path': '/home/tss8117/Desktop/tirth_ws/AISD_Trainee_Module/src/my_robot_description', 'symlink_install': False, 'test_result_base': None}
[0.662s] Level 5:colcon.colcon_core.verb:set package 'shm_cpp' build argument 'cmake_args' from command line to 'None'
[0.662s] Level 5:colcon.colcon_core.verb:set package 'shm_cpp' build argument 'cmake_target' from command line to 'None'
[0.662s] Level 5:colcon.colcon_core.verb:set package 'shm_cpp' build argument 'cmake_target_skip_unavailable' from command line to 'False'
[0.662s] Level 5:colcon.colcon_core.verb:set package 'shm_cpp' build argument 'cmake_clean_cache' from command line to 'False'
[0.662s] Level 5:colcon.colcon_core.verb:set package 'shm_cpp' build argument 'cmake_clean_first' from command line to 'False'
[0.662s] Level 5:colcon.colcon_core.verb:set package 'shm_cpp' build argument 'cmake_force_configure' from command line to 'False'
[0.662s] Level 5:colcon.colcon_core.verb:set package 'shm_cpp' build argument 'ament_cmake_args' from command line to 'None'
[0.662s] Level 5:colcon.colcon_core.verb:set package 'shm_cpp' build argument 'catkin_cmake_args' from command line to 'None'
[0.662s] Level 5:colcon.colcon_core.verb:set package 'shm_cpp' build argument 'catkin_skip_building_tests' from command line to 'False'
[0.662s] DEBUG:colcon.colcon_core.verb:Building package 'shm_cpp' with the following arguments: {'ament_cmake_args': None, 'build_base': '/home/tss8117/Desktop/tirth_ws/AISD_Trainee_Module/build/shm_cpp', 'catkin_cmake_args': None, 'catkin_skip_building_tests': False, 'cmake_args': None, 'cmake_clean_cache': False, 'cmake_clean_first': False, 'cmake_force_configure': False, 'cmake_target': None, 'cmake_target_skip_unavailable': False, 'install_base': '/home/tss8117/Desktop/tirth_ws/AISD_Trainee_Module/install/shm_cpp', 'merge_install': False, 'path': '/home/tss8117/Desktop/tirth_ws/AISD_Trainee_Module/shm_cpp', 'symlink_install': False, 'test_result_base': None}
[0.662s] INFO:colcon.colcon_core.executor:Executing jobs using 'parallel' executor
[0.663s] DEBUG:colcon.colcon_parallel_executor.executor.parallel:run_until_complete
[0.663s] INFO:colcon.colcon_ros.task.ament_python.build:Building ROS package in '/home/tss8117/Desktop/tirth_ws/AISD_Trainee_Module/handshake' with build type 'ament_python'
[0.663s] Level 1:colcon.colcon_core.shell:create_environment_hook('handshake', 'ament_prefix_path')
[0.668s] INFO:colcon.colcon_core.plugin_system:Skipping extension 'colcon_core.shell.bat': Not used on non-Windows systems
[0.668s] INFO:colcon.colcon_core.shell:Creating environment hook '/home/tss8117/Desktop/tirth_ws/AISD_Trainee_Module/install/handshake/share/handshake/hook/ament_prefix_path.ps1'
[0.669s] INFO:colcon.colcon_core.shell:Creating environment descriptor '/home/tss8117/Desktop/tirth_ws/AISD_Trainee_Module/install/handshake/share/handshake/hook/ament_prefix_path.dsv'
[0.670s] INFO:colcon.colcon_core.shell:Creating environment hook '/home/tss8117/Desktop/tirth_ws/AISD_Trainee_Module/install/handshake/share/handshake/hook/ament_prefix_path.sh'
[0.671s] INFO:colcon.colcon_core.shell:Skip shell extension 'powershell' for command environment: Not usable outside of PowerShell
[0.671s] DEBUG:colcon.colcon_core.shell:Skip shell extension 'dsv' for command environment
[0.674s] INFO:colcon.colcon_ros.task.ament_python.build:Building ROS package in '/home/tss8117/Desktop/tirth_ws/AISD_Trainee_Module/my_robot_controller' with build type 'ament_python'
[0.674s] Level 1:colcon.colcon_core.shell:create_environment_hook('my_robot_controller', 'ament_prefix_path')
[0.674s] INFO:colcon.colcon_core.shell:Creating environment hook '/home/tss8117/Desktop/tirth_ws/AISD_Trainee_Module/install/my_robot_controller/share/my_robot_controller/hook/ament_prefix_path.ps1'
[0.675s] INFO:colcon.colcon_core.shell:Creating environment descriptor '/home/tss8117/Desktop/tirth_ws/AISD_Trainee_Module/install/my_robot_controller/share/my_robot_controller/hook/ament_prefix_path.dsv'
[0.675s] INFO:colcon.colcon_core.shell:Creating environment hook '/home/tss8117/Desktop/tirth_ws/AISD_Trainee_Module/install/my_robot_controller/share/my_robot_controller/hook/ament_prefix_path.sh'
[0.676s] INFO:colcon.colcon_core.shell:Skip shell extension 'powershell' for command environment: Not usable outside of PowerShell
[0.676s] DEBUG:colcon.colcon_core.shell:Skip shell extension 'dsv' for command environment
[0.679s] INFO:colcon.colcon_ros.task.ament_cmake.build:Building ROS package in '/home/tss8117/Desktop/tirth_ws/AISD_Trainee_Module/src/my_robot_description' with build type 'ament_cmake'
[0.679s] INFO:colcon.colcon_cmake.task.cmake.build:Building CMake package in '/home/tss8117/Desktop/tirth_ws/AISD_Trainee_Module/src/my_robot_description'
[0.679s] INFO:colcon.colcon_core.shell:Skip shell extension 'powershell' for command environment: Not usable outside of PowerShell
[0.679s] DEBUG:colcon.colcon_core.shell:Skip shell extension 'dsv' for command environment
[0.682s] INFO:colcon.colcon_ros.task.ament_cmake.build:Building ROS package in '/home/tss8117/Desktop/tirth_ws/AISD_Trainee_Module/shm_cpp' with build type 'ament_cmake'
[0.682s] INFO:colcon.colcon_cmake.task.cmake.build:Building CMake package in '/home/tss8117/Desktop/tirth_ws/AISD_Trainee_Module/shm_cpp'
[0.683s] INFO:colcon.colcon_core.shell:Skip shell extension 'powershell' for command environment: Not usable outside of PowerShell
[0.683s] DEBUG:colcon.colcon_core.shell:Skip shell extension 'dsv' for command environment
[0.922s] INFO:colcon.colcon_core.task.python.build:Building Python package in '/home/tss8117/Desktop/tirth_ws/AISD_Trainee_Module/handshake'
[0.922s] INFO:colcon.colcon_core.shell:Skip shell extension 'powershell' for command environment: Not usable outside of PowerShell
[0.922s] DEBUG:colcon.colcon_core.shell:Skip shell extension 'dsv' for command environment
[1.148s] INFO:colcon.colcon_core.task.python.build:Building Python package in '/home/tss8117/Desktop/tirth_ws/AISD_Trainee_Module/my_robot_controller'
[1.148s] INFO:colcon.colcon_core.shell:Skip shell extension 'powershell' for command environment: Not usable outside of PowerShell
[1.148s] DEBUG:colcon.colcon_core.shell:Skip shell extension 'dsv' for command environment
[1.155s] DEBUG:colcon.colcon_core.event_handler.log_command:Invoking command in '/home/tss8117/Desktop/tirth_ws/AISD_Trainee_Module/build/my_robot_description': CMAKE_PREFIX_PATH=${CMAKE_PREFIX_PATH}:/home/tss8117/ros2_ws/src/install/my_robot_controller:/home/tss8117/ros2_ws/src/install/handshake:/home/tss8117/ros2_ws/src/install/SHM:/opt/ros/humble /usr/bin/cmake --build /home/tss8117/Desktop/tirth_ws/AISD_Trainee_Module/build/my_robot_description -- -j4 -l4
[1.162s] DEBUG:colcon.colcon_core.event_handler.log_command:Invoking command in '/home/tss8117/Desktop/tirth_ws/AISD_Trainee_Module/build/shm_cpp': CMAKE_PREFIX_PATH=${CMAKE_PREFIX_PATH}:/home/tss8117/ros2_ws/src/install/my_robot_controller:/home/tss8117/ros2_ws/src/install/handshake:/home/tss8117/ros2_ws/src/install/SHM:/opt/ros/humble /usr/bin/cmake /home/tss8117/Desktop/tirth_ws/AISD_Trainee_Module/shm_cpp -DCMAKE_INSTALL_PREFIX=/home/tss8117/Desktop/tirth_ws/AISD_Trainee_Module/install/shm_cpp
[1.251s] DEBUG:colcon.colcon_core.event_handler.log_command:Invoked command in '/home/tss8117/Desktop/tirth_ws/AISD_Trainee_Module/build/my_robot_description' returned '0': CMAKE_PREFIX_PATH=${CMAKE_PREFIX_PATH}:/home/tss8117/ros2_ws/src/install/my_robot_controller:/home/tss8117/ros2_ws/src/install/handshake:/home/tss8117/ros2_ws/src/install/SHM:/opt/ros/humble /usr/bin/cmake --build /home/tss8117/Desktop/tirth_ws/AISD_Trainee_Module/build/my_robot_description -- -j4 -l4
[1.261s] DEBUG:colcon.colcon_core.event_handler.log_command:Invoking command in '/home/tss8117/Desktop/tirth_ws/AISD_Trainee_Module/build/my_robot_description': CMAKE_PREFIX_PATH=${CMAKE_PREFIX_PATH}:/home/tss8117/ros2_ws/src/install/my_robot_controller:/home/tss8117/ros2_ws/src/install/handshake:/home/tss8117/ros2_ws/src/install/SHM:/opt/ros/humble /usr/bin/cmake --install /home/tss8117/Desktop/tirth_ws/AISD_Trainee_Module/build/my_robot_description
[1.282s] Level 1:colcon.colcon_core.environment:create_environment_scripts_only(my_robot_description)
[1.283s] DEBUG:colcon.colcon_core.event_handler.log_command:Invoked command in '/home/tss8117/Desktop/tirth_ws/AISD_Trainee_Module/build/my_robot_description' returned '0': CMAKE_PREFIX_PATH=${CMAKE_PREFIX_PATH}:/home/tss8117/ros2_ws/src/install/my_robot_controller:/home/tss8117/ros2_ws/src/install/handshake:/home/tss8117/ros2_ws/src/install/SHM:/opt/ros/humble /usr/bin/cmake --install /home/tss8117/Desktop/tirth_ws/AISD_Trainee_Module/build/my_robot_description
[1.290s] Level 1:colcon.colcon_core.environment:checking '/home/tss8117/Desktop/tirth_ws/AISD_Trainee_Module/install/my_robot_description' for CMake module files
[1.291s] Level 1:colcon.colcon_core.environment:checking '/home/tss8117/Desktop/tirth_ws/AISD_Trainee_Module/install/my_robot_description' for CMake config files
[1.291s] Level 1:colcon.colcon_core.shell:create_environment_hook('my_robot_description', 'cmake_prefix_path')
[1.291s] INFO:colcon.colcon_core.shell:Creating environment hook '/home/tss8117/Desktop/tirth_ws/AISD_Trainee_Module/install/my_robot_description/share/my_robot_description/hook/cmake_prefix_path.ps1'
[1.292s] INFO:colcon.colcon_core.shell:Creating environment descriptor '/home/tss8117/Desktop/tirth_ws/AISD_Trainee_Module/install/my_robot_description/share/my_robot_description/hook/cmake_prefix_path.dsv'
[1.292s] INFO:colcon.colcon_core.shell:Creating environment hook '/home/tss8117/Desktop/tirth_ws/AISD_Trainee_Module/install/my_robot_description/share/my_robot_description/hook/cmake_prefix_path.sh'
[1.293s] Level 1:colcon.colcon_core.environment:checking '/home/tss8117/Desktop/tirth_ws/AISD_Trainee_Module/install/my_robot_description/bin'
[1.293s] Level 1:colcon.colcon_core.environment:checking '/home/tss8117/Desktop/tirth_ws/AISD_Trainee_Module/install/my_robot_description/lib/pkgconfig/my_robot_description.pc'
[1.293s] Level 1:colcon.colcon_core.environment:checking '/home/tss8117/Desktop/tirth_ws/AISD_Trainee_Module/install/my_robot_description/lib/python3.10/site-packages'
[1.294s] Level 1:colcon.colcon_core.environment:checking '/home/tss8117/Desktop/tirth_ws/AISD_Trainee_Module/install/my_robot_description/bin'
[1.294s] INFO:colcon.colcon_core.shell:Creating package script '/home/tss8117/Desktop/tirth_ws/AISD_Trainee_Module/install/my_robot_description/share/my_robot_description/package.ps1'
[1.295s] INFO:colcon.colcon_core.shell:Creating package descriptor '/home/tss8117/Desktop/tirth_ws/AISD_Trainee_Module/install/my_robot_description/share/my_robot_description/package.dsv'
[1.296s] INFO:colcon.colcon_core.shell:Creating package script '/home/tss8117/Desktop/tirth_ws/AISD_Trainee_Module/install/my_robot_description/share/my_robot_description/package.sh'
[1.297s] INFO:colcon.colcon_core.shell:Creating package script '/home/tss8117/Desktop/tirth_ws/AISD_Trainee_Module/install/my_robot_description/share/my_robot_description/package.bash'
[1.298s] INFO:colcon.colcon_core.shell:Creating package script '/home/tss8117/Desktop/tirth_ws/AISD_Trainee_Module/install/my_robot_description/share/my_robot_description/package.zsh'
[1.299s] Level 1:colcon.colcon_core.environment:create_file_with_runtime_dependencies(/home/tss8117/Desktop/tirth_ws/AISD_Trainee_Module/install/my_robot_description/share/colcon-core/packages/my_robot_description)
[1.300s] Level 1:colcon.colcon_core.environment:create_environment_scripts_only(my_robot_description)
[1.300s] Level 1:colcon.colcon_core.environment:checking '/home/tss8117/Desktop/tirth_ws/AISD_Trainee_Module/install/my_robot_description' for CMake module files
[1.301s] Level 1:colcon.colcon_core.environment:checking '/home/tss8117/Desktop/tirth_ws/AISD_Trainee_Module/install/my_robot_description' for CMake config files
[1.301s] Level 1:colcon.colcon_core.shell:create_environment_hook('my_robot_description', 'cmake_prefix_path')
[1.302s] INFO:colcon.colcon_core.shell:Creating environment hook '/home/tss8117/Desktop/tirth_ws/AISD_Trainee_Module/install/my_robot_description/share/my_robot_description/hook/cmake_prefix_path.ps1'
[1.302s] INFO:colcon.colcon_core.shell:Creating environment descriptor '/home/tss8117/Desktop/tirth_ws/AISD_Trainee_Module/install/my_robot_description/share/my_robot_description/hook/cmake_prefix_path.dsv'
[1.303s] INFO:colcon.colcon_core.shell:Creating environment hook '/home/tss8117/Desktop/tirth_ws/AISD_Trainee_Module/install/my_robot_description/share/my_robot_description/hook/cmake_prefix_path.sh'
[1.303s] Level 1:colcon.colcon_core.environment:checking '/home/tss8117/Desktop/tirth_ws/AISD_Trainee_Module/install/my_robot_description/bin'
[1.303s] Level 1:colcon.colcon_core.environment:checking '/home/tss8117/Desktop/tirth_ws/AISD_Trainee_Module/install/my_robot_description/lib/pkgconfig/my_robot_description.pc'
[1.303s] Level 1:colcon.colcon_core.environment:checking '/home/tss8117/Desktop/tirth_ws/AISD_Trainee_Module/install/my_robot_description/lib/python3.10/site-packages'
[1.304s] Level 1:colcon.colcon_core.environment:checking '/home/tss8117/Desktop/tirth_ws/AISD_Trainee_Module/install/my_robot_description/bin'
[1.304s] INFO:colcon.colcon_core.shell:Creating package script '/home/tss8117/Desktop/tirth_ws/AISD_Trainee_Module/install/my_robot_description/share/my_robot_description/package.ps1'
[1.305s] INFO:colcon.colcon_core.shell:Creating package descriptor '/home/tss8117/Desktop/tirth_ws/AISD_Trainee_Module/install/my_robot_description/share/my_robot_description/package.dsv'
[1.306s] INFO:colcon.colcon_core.shell:Creating package script '/home/tss8117/Desktop/tirth_ws/AISD_Trainee_Module/install/my_robot_description/share/my_robot_description/package.sh'
[1.306s] INFO:colcon.colcon_core.shell:Creating package script '/home/tss8117/Desktop/tirth_ws/AISD_Trainee_Module/install/my_robot_description/share/my_robot_description/package.bash'
[1.307s] INFO:colcon.colcon_core.shell:Creating package script '/home/tss8117/Desktop/tirth_ws/AISD_Trainee_Module/install/my_robot_description/share/my_robot_description/package.zsh'
[1.308s] Level 1:colcon.colcon_core.environment:create_file_with_runtime_dependencies(/home/tss8117/Desktop/tirth_ws/AISD_Trainee_Module/install/my_robot_description/share/colcon-core/packages/my_robot_description)
[1.718s] DEBUG:colcon.colcon_core.event_handler.log_command:Invoking command in '/home/tss8117/Desktop/tirth_ws/AISD_Trainee_Module/my_robot_controller': PYTHONPATH=/home/tss8117/Desktop/tirth_ws/AISD_Trainee_Module/build/my_robot_controller/prefix_override:/usr/lib/python3/dist-packages/colcon_core/task/python/colcon_distutils_commands:/home/tss8117/Desktop/tirth_ws/AISD_Trainee_Module/install/my_robot_controller/lib/python3.10/site-packages:${PYTHONPATH} /usr/bin/python3 -W ignore:setup.py install is deprecated -W ignore:easy_install command is deprecated setup.py egg_info --egg-base ../build/my_robot_controller build --build-base /home/tss8117/Desktop/tirth_ws/AISD_Trainee_Module/build/my_robot_controller/build install --record /home/tss8117/Desktop/tirth_ws/AISD_Trainee_Module/build/my_robot_controller/install.log --single-version-externally-managed install_data
[1.723s] DEBUG:colcon.colcon_core.event_handler.log_command:Invoking command in '/home/tss8117/Desktop/tirth_ws/AISD_Trainee_Module/handshake': PYTHONPATH=/home/tss8117/Desktop/tirth_ws/AISD_Trainee_Module/build/handshake/prefix_override:/usr/lib/python3/dist-packages/colcon_core/task/python/colcon_distutils_commands:/home/tss8117/Desktop/tirth_ws/AISD_Trainee_Module/install/handshake/lib/python3.10/site-packages:${PYTHONPATH} /usr/bin/python3 -W ignore:setup.py install is deprecated -W ignore:easy_install command is deprecated setup.py egg_info --egg-base ../build/handshake build --build-base /home/tss8117/Desktop/tirth_ws/AISD_Trainee_Module/build/handshake/build install --record /home/tss8117/Desktop/tirth_ws/AISD_Trainee_Module/build/handshake/install.log --single-version-externally-managed install_data
[2.030s] Level 1:colcon.colcon_core.environment:checking '/home/tss8117/Desktop/tirth_ws/AISD_Trainee_Module/install/handshake' for CMake module files
[2.031s] Level 1:colcon.colcon_core.environment:checking '/home/tss8117/Desktop/tirth_ws/AISD_Trainee_Module/install/handshake' for CMake config files
[2.031s] Level 1:colcon.colcon_core.environment:checking '/home/tss8117/Desktop/tirth_ws/AISD_Trainee_Module/install/handshake/lib'
[2.031s] Level 1:colcon.colcon_core.environment:checking '/home/tss8117/Desktop/tirth_ws/AISD_Trainee_Module/install/handshake/bin'
[2.031s] Level 1:colcon.colcon_core.environment:checking '/home/tss8117/Desktop/tirth_ws/AISD_Trainee_Module/install/handshake/lib/pkgconfig/handshake.pc'
[2.032s] Level 1:colcon.colcon_core.environment:checking '/home/tss8117/Desktop/tirth_ws/AISD_Trainee_Module/install/handshake/lib/python3.10/site-packages'
[2.032s] Level 1:colcon.colcon_core.shell:create_environment_hook('handshake', 'pythonpath')
[2.032s] INFO:colcon.colcon_core.shell:Creating environment hook '/home/tss8117/Desktop/tirth_ws/AISD_Trainee_Module/install/handshake/share/handshake/hook/pythonpath.ps1'
[2.032s] INFO:colcon.colcon_core.shell:Creating environment descriptor '/home/tss8117/Desktop/tirth_ws/AISD_Trainee_Module/install/handshake/share/handshake/hook/pythonpath.dsv'
[2.033s] DEBUG:colcon.colcon_core.event_handler.log_command:Invoked command in '/home/tss8117/Desktop/tirth_ws/AISD_Trainee_Module/handshake' returned '0': PYTHONPATH=/home/tss8117/Desktop/tirth_ws/AISD_Trainee_Module/build/handshake/prefix_override:/usr/lib/python3/dist-packages/colcon_core/task/python/colcon_distutils_commands:/home/tss8117/Desktop/tirth_ws/AISD_Trainee_Module/install/handshake/lib/python3.10/site-packages:${PYTHONPATH} /usr/bin/python3 -W ignore:setup.py install is deprecated -W ignore:easy_install command is deprecated setup.py egg_info --egg-base ../build/handshake build --build-base /home/tss8117/Desktop/tirth_ws/AISD_Trainee_Module/build/handshake/build install --record /home/tss8117/Desktop/tirth_ws/AISD_Trainee_Module/build/handshake/install.log --single-version-externally-managed install_data
[2.033s] INFO:colcon.colcon_core.shell:Creating environment hook '/home/tss8117/Desktop/tirth_ws/AISD_Trainee_Module/install/handshake/share/handshake/hook/pythonpath.sh'
[2.034s] Level 1:colcon.colcon_core.environment:checking '/home/tss8117/Desktop/tirth_ws/AISD_Trainee_Module/install/handshake/bin'
[2.034s] Level 1:colcon.colcon_core.environment:create_environment_scripts_only(handshake)
[2.035s] INFO:colcon.colcon_core.shell:Creating package script '/home/tss8117/Desktop/tirth_ws/AISD_Trainee_Module/install/handshake/share/handshake/package.ps1'
[2.035s] INFO:colcon.colcon_core.shell:Creating package descriptor '/home/tss8117/Desktop/tirth_ws/AISD_Trainee_Module/install/handshake/share/handshake/package.dsv'
[2.036s] INFO:colcon.colcon_core.shell:Creating package script '/home/tss8117/Desktop/tirth_ws/AISD_Trainee_Module/install/handshake/share/handshake/package.sh'
[2.036s] INFO:colcon.colcon_core.shell:Creating package script '/home/tss8117/Desktop/tirth_ws/AISD_Trainee_Module/install/handshake/share/handshake/package.bash'
[2.037s] INFO:colcon.colcon_core.shell:Creating package script '/home/tss8117/Desktop/tirth_ws/AISD_Trainee_Module/install/handshake/share/handshake/package.zsh'
[2.037s] Level 1:colcon.colcon_core.environment:create_file_with_runtime_dependencies(/home/tss8117/Desktop/tirth_ws/AISD_Trainee_Module/install/handshake/share/colcon-core/packages/handshake)
[2.038s] Level 1:colcon.colcon_core.environment:checking '/home/tss8117/Desktop/tirth_ws/AISD_Trainee_Module/install/my_robot_controller' for CMake module files
[2.039s] DEBUG:colcon.colcon_core.event_handler.log_command:Invoked command in '/home/tss8117/Desktop/tirth_ws/AISD_Trainee_Module/my_robot_controller' returned '0': PYTHONPATH=/home/tss8117/Desktop/tirth_ws/AISD_Trainee_Module/build/my_robot_controller/prefix_override:/usr/lib/python3/dist-packages/colcon_core/task/python/colcon_distutils_commands:/home/tss8117/Desktop/tirth_ws/AISD_Trainee_Module/install/my_robot_controller/lib/python3.10/site-packages:${PYTHONPATH} /usr/bin/python3 -W ignore:setup.py install is deprecated -W ignore:easy_install command is deprecated setup.py egg_info --egg-base ../build/my_robot_controller build --build-base /home/tss8117/Desktop/tirth_ws/AISD_Trainee_Module/build/my_robot_controller/build install --record /home/tss8117/Desktop/tirth_ws/AISD_Trainee_Module/build/my_robot_controller/install.log --single-version-externally-managed install_data
[2.039s] Level 1:colcon.colcon_core.environment:checking '/home/tss8117/Desktop/tirth_ws/AISD_Trainee_Module/install/my_robot_controller' for CMake config files
[2.040s] Level 1:colcon.colcon_core.environment:checking '/home/tss8117/Desktop/tirth_ws/AISD_Trainee_Module/install/my_robot_controller/lib'
[2.040s] Level 1:colcon.colcon_core.environment:checking '/home/tss8117/Desktop/tirth_ws/AISD_Trainee_Module/install/my_robot_controller/bin'
[2.040s] Level 1:colcon.colcon_core.environment:checking '/home/tss8117/Desktop/tirth_ws/AISD_Trainee_Module/install/my_robot_controller/lib/pkgconfig/my_robot_controller.pc'
[2.040s] Level 1:colcon.colcon_core.environment:checking '/home/tss8117/Desktop/tirth_ws/AISD_Trainee_Module/install/my_robot_controller/lib/python3.10/site-packages'
[2.040s] Level 1:colcon.colcon_core.shell:create_environment_hook('my_robot_controller', 'pythonpath')
[2.040s] INFO:colcon.colcon_core.shell:Creating environment hook '/home/tss8117/Desktop/tirth_ws/AISD_Trainee_Module/install/my_robot_controller/share/my_robot_controller/hook/pythonpath.ps1'
[2.041s] INFO:colcon.colcon_core.shell:Creating environment descriptor '/home/tss8117/Desktop/tirth_ws/AISD_Trainee_Module/install/my_robot_controller/share/my_robot_controller/hook/pythonpath.dsv'
[2.041s] INFO:colcon.colcon_core.shell:Creating environment hook '/home/tss8117/Desktop/tirth_ws/AISD_Trainee_Module/install/my_robot_controller/share/my_robot_controller/hook/pythonpath.sh'
[2.042s] Level 1:colcon.colcon_core.environment:checking '/home/tss8117/Desktop/tirth_ws/AISD_Trainee_Module/install/my_robot_controller/bin'
[2.042s] Level 1:colcon.colcon_core.environment:create_environment_scripts_only(my_robot_controller)
[2.042s] INFO:colcon.colcon_core.shell:Creating package script '/home/tss8117/Desktop/tirth_ws/AISD_Trainee_Module/install/my_robot_controller/share/my_robot_controller/package.ps1'
[2.043s] INFO:colcon.colcon_core.shell:Creating package descriptor '/home/tss8117/Desktop/tirth_ws/AISD_Trainee_Module/install/my_robot_controller/share/my_robot_controller/package.dsv'
[2.043s] INFO:colcon.colcon_core.shell:Creating package script '/home/tss8117/Desktop/tirth_ws/AISD_Trainee_Module/install/my_robot_controller/share/my_robot_controller/package.sh'
[2.044s] INFO:colcon.colcon_core.shell:Creating package script '/home/tss8117/Desktop/tirth_ws/AISD_Trainee_Module/install/my_robot_controller/share/my_robot_controller/package.bash'
[2.044s] INFO:colcon.colcon_core.shell:Creating package script '/home/tss8117/Desktop/tirth_ws/AISD_Trainee_Module/install/my_robot_controller/share/my_robot_controller/package.zsh'
[2.044s] Level 1:colcon.colcon_core.environment:create_file_with_runtime_dependencies(/home/tss8117/Desktop/tirth_ws/AISD_Trainee_Module/install/my_robot_controller/share/colcon-core/packages/my_robot_controller)
[3.698s] DEBUG:colcon.colcon_core.event_handler.log_command:Invoked command in '/home/tss8117/Desktop/tirth_ws/AISD_Trainee_Module/build/shm_cpp' returned '0': CMAKE_PREFIX_PATH=${CMAKE_PREFIX_PATH}:/home/tss8117/ros2_ws/src/install/my_robot_controller:/home/tss8117/ros2_ws/src/install/handshake:/home/tss8117/ros2_ws/src/install/SHM:/opt/ros/humble /usr/bin/cmake /home/tss8117/Desktop/tirth_ws/AISD_Trainee_Module/shm_cpp -DCMAKE_INSTALL_PREFIX=/home/tss8117/Desktop/tirth_ws/AISD_Trainee_Module/install/shm_cpp
[3.699s] DEBUG:colcon.colcon_core.event_handler.log_command:Invoking command in '/home/tss8117/Desktop/tirth_ws/AISD_Trainee_Module/build/shm_cpp': CMAKE_PREFIX_PATH=${CMAKE_PREFIX_PATH}:/home/tss8117/ros2_ws/src/install/my_robot_controller:/home/tss8117/ros2_ws/src/install/handshake:/home/tss8117/ros2_ws/src/install/SHM:/opt/ros/humble /usr/bin/cmake --build /home/tss8117/Desktop/tirth_ws/AISD_Trainee_Module/build/shm_cpp -- -j4 -l4
[14.154s] DEBUG:colcon.colcon_core.event_handler.log_command:Invoked command in '/home/tss8117/Desktop/tirth_ws/AISD_Trainee_Module/build/shm_cpp' returned '0': CMAKE_PREFIX_PATH=${CMAKE_PREFIX_PATH}:/home/tss8117/ros2_ws/src/install/my_robot_controller:/home/tss8117/ros2_ws/src/install/handshake:/home/tss8117/ros2_ws/src/install/SHM:/opt/ros/humble /usr/bin/cmake --build /home/tss8117/Desktop/tirth_ws/AISD_Trainee_Module/build/shm_cpp -- -j4 -l4
[14.157s] DEBUG:colcon.colcon_core.event_handler.log_command:Invoking command in '/home/tss8117/Desktop/tirth_ws/AISD_Trainee_Module/build/shm_cpp': CMAKE_PREFIX_PATH=${CMAKE_PREFIX_PATH}:/home/tss8117/ros2_ws/src/install/my_robot_controller:/home/tss8117/ros2_ws/src/install/handshake:/home/tss8117/ros2_ws/src/install/SHM:/opt/ros/humble /usr/bin/cmake --install /home/tss8117/Desktop/tirth_ws/AISD_Trainee_Module/build/shm_cpp
[14.251s] Level 1:colcon.colcon_core.environment:create_environment_scripts_only(shm_cpp)
[14.251s] Level 1:colcon.colcon_core.environment:checking '/home/tss8117/Desktop/tirth_ws/AISD_Trainee_Module/install/shm_cpp' for CMake module files
[14.252s] DEBUG:colcon.colcon_core.event_handler.log_command:Invoked command in '/home/tss8117/Desktop/tirth_ws/AISD_Trainee_Module/build/shm_cpp' returned '0': CMAKE_PREFIX_PATH=${CMAKE_PREFIX_PATH}:/home/tss8117/ros2_ws/src/install/my_robot_controller:/home/tss8117/ros2_ws/src/install/handshake:/home/tss8117/ros2_ws/src/install/SHM:/opt/ros/humble /usr/bin/cmake --install /home/tss8117/Desktop/tirth_ws/AISD_Trainee_Module/build/shm_cpp
[14.252s] Level 1:colcon.colcon_core.environment:checking '/home/tss8117/Desktop/tirth_ws/AISD_Trainee_Module/install/shm_cpp' for CMake config files
[14.252s] Level 1:colcon.colcon_core.shell:create_environment_hook('shm_cpp', 'cmake_prefix_path')
[14.253s] INFO:colcon.colcon_core.shell:Creating environment hook '/home/tss8117/Desktop/tirth_ws/AISD_Trainee_Module/install/shm_cpp/share/shm_cpp/hook/cmake_prefix_path.ps1'
[14.253s] INFO:colcon.colcon_core.shell:Creating environment descriptor '/home/tss8117/Desktop/tirth_ws/AISD_Trainee_Module/install/shm_cpp/share/shm_cpp/hook/cmake_prefix_path.dsv'
[14.254s] INFO:colcon.colcon_core.shell:Creating environment hook '/home/tss8117/Desktop/tirth_ws/AISD_Trainee_Module/install/shm_cpp/share/shm_cpp/hook/cmake_prefix_path.sh'
[14.255s] Level 1:colcon.colcon_core.environment:checking '/home/tss8117/Desktop/tirth_ws/AISD_Trainee_Module/install/shm_cpp/lib'
[14.255s] Level 1:colcon.colcon_core.shell:create_environment_hook('shm_cpp', 'ld_library_path_lib')
[14.255s] INFO:colcon.colcon_core.shell:Creating environment hook '/home/tss8117/Desktop/tirth_ws/AISD_Trainee_Module/install/shm_cpp/share/shm_cpp/hook/ld_library_path_lib.ps1'
[14.255s] INFO:colcon.colcon_core.shell:Creating environment descriptor '/home/tss8117/Desktop/tirth_ws/AISD_Trainee_Module/install/shm_cpp/share/shm_cpp/hook/ld_library_path_lib.dsv'
[14.255s] INFO:colcon.colcon_core.shell:Creating environment hook '/home/tss8117/Desktop/tirth_ws/AISD_Trainee_Module/install/shm_cpp/share/shm_cpp/hook/ld_library_path_lib.sh'
[14.256s] Level 1:colcon.colcon_core.environment:checking '/home/tss8117/Desktop/tirth_ws/AISD_Trainee_Module/install/shm_cpp/bin'
[14.256s] Level 1:colcon.colcon_core.environment:checking '/home/tss8117/Desktop/tirth_ws/AISD_Trainee_Module/install/shm_cpp/lib/pkgconfig/shm_cpp.pc'
[14.256s] Level 1:colcon.colcon_core.environment:checking '/home/tss8117/Desktop/tirth_ws/AISD_Trainee_Module/install/shm_cpp/lib/python3.10/site-packages'
[14.256s] Level 1:colcon.colcon_core.environment:checking '/home/tss8117/Desktop/tirth_ws/AISD_Trainee_Module/install/shm_cpp/bin'
[14.257s] INFO:colcon.colcon_core.shell:Creating package script '/home/tss8117/Desktop/tirth_ws/AISD_Trainee_Module/install/shm_cpp/share/shm_cpp/package.ps1'
[14.257s] INFO:colcon.colcon_core.shell:Creating package descriptor '/home/tss8117/Desktop/tirth_ws/AISD_Trainee_Module/install/shm_cpp/share/shm_cpp/package.dsv'
[14.258s] INFO:colcon.colcon_core.shell:Creating package script '/home/tss8117/Desktop/tirth_ws/AISD_Trainee_Module/install/shm_cpp/share/shm_cpp/package.sh'
[14.258s] INFO:colcon.colcon_core.shell:Creating package script '/home/tss8117/Desktop/tirth_ws/AISD_Trainee_Module/install/shm_cpp/share/shm_cpp/package.bash'
[14.259s] INFO:colcon.colcon_core.shell:Creating package script '/home/tss8117/Desktop/tirth_ws/AISD_Trainee_Module/install/shm_cpp/share/shm_cpp/package.zsh'
[14.259s] Level 1:colcon.colcon_core.environment:create_file_with_runtime_dependencies(/home/tss8117/Desktop/tirth_ws/AISD_Trainee_Module/install/shm_cpp/share/colcon-core/packages/shm_cpp)
[14.260s] Level 1:colcon.colcon_core.environment:create_environment_scripts_only(shm_cpp)
[14.260s] Level 1:colcon.colcon_core.environment:checking '/home/tss8117/Desktop/tirth_ws/AISD_Trainee_Module/install/shm_cpp' for CMake module files
[14.260s] Level 1:colcon.colcon_core.environment:checking '/home/tss8117/Desktop/tirth_ws/AISD_Trainee_Module/install/shm_cpp' for CMake config files
[14.261s] Level 1:colcon.colcon_core.shell:create_environment_hook('shm_cpp', 'cmake_prefix_path')
[14.261s] INFO:colcon.colcon_core.shell:Creating environment hook '/home/tss8117/Desktop/tirth_ws/AISD_Trainee_Module/install/shm_cpp/share/shm_cpp/hook/cmake_prefix_path.ps1'
[14.261s] INFO:colcon.colcon_core.shell:Creating environment descriptor '/home/tss8117/Desktop/tirth_ws/AISD_Trainee_Module/install/shm_cpp/share/shm_cpp/hook/cmake_prefix_path.dsv'
[14.261s] INFO:colcon.colcon_core.shell:Creating environment hook '/home/tss8117/Desktop/tirth_ws/AISD_Trainee_Module/install/shm_cpp/share/shm_cpp/hook/cmake_prefix_path.sh'
[14.262s] Level 1:colcon.colcon_core.environment:checking '/home/tss8117/Desktop/tirth_ws/AISD_Trainee_Module/install/shm_cpp/lib'
[14.262s] Level 1:colcon.colcon_core.shell:create_environment_hook('shm_cpp', 'ld_library_path_lib')
[14.262s] INFO:colcon.colcon_core.shell:Creating environment hook '/home/tss8117/Desktop/tirth_ws/AISD_Trainee_Module/install/shm_cpp/share/shm_cpp/hook/ld_library_path_lib.ps1'
[14.262s] INFO:colcon.colcon_core.shell:Creating environment descriptor '/home/tss8117/Desktop/tirth_ws/AISD_Trainee_Module/install/shm_cpp/share/shm_cpp/hook/ld_library_path_lib.dsv'
[14.263s] INFO:colcon.colcon_core.shell:Creating environment hook '/home/tss8117/Desktop/tirth_ws/AISD_Trainee_Module/install/shm_cpp/share/shm_cpp/hook/ld_library_path_lib.sh'
[14.263s] Level 1:colcon.colcon_core.environment:checking '/home/tss8117/Desktop/tirth_ws/AISD_Trainee_Module/install/shm_cpp/bin'
[14.263s] Level 1:colcon.colcon_core.environment:checking '/home/tss8117/Desktop/tirth_ws/AISD_Trainee_Module/install/shm_cpp/lib/pkgconfig/shm_cpp.pc'
[14.263s] Level 1:colcon.colcon_core.environment:checking '/home/tss8117/Desktop/tirth_ws/AISD_Trainee_Module/install/shm_cpp/lib/python3.10/site-packages'
[14.264s] Level 1:colcon.colcon_core.environment:checking '/home/tss8117/Desktop/tirth_ws/AISD_Trainee_Module/install/shm_cpp/bin'
[14.264s] INFO:colcon.colcon_core.shell:Creating package script '/home/tss8117/Desktop/tirth_ws/AISD_Trainee_Module/install/shm_cpp/share/shm_cpp/package.ps1'
[14.265s] INFO:colcon.colcon_core.shell:Creating package descriptor '/home/tss8117/Desktop/tirth_ws/AISD_Trainee_Module/install/shm_cpp/share/shm_cpp/package.dsv'
[14.265s] INFO:colcon.colcon_core.shell:Creating package script '/home/tss8117/Desktop/tirth_ws/AISD_Trainee_Module/install/shm_cpp/share/shm_cpp/package.sh'
[14.265s] INFO:colcon.colcon_core.shell:Creating package script '/home/tss8117/Desktop/tirth_ws/AISD_Trainee_Module/install/shm_cpp/share/shm_cpp/package.bash'
[14.266s] INFO:colcon.colcon_core.shell:Creating package script '/home/tss8117/Desktop/tirth_ws/AISD_Trainee_Module/install/shm_cpp/share/shm_cpp/package.zsh'
[14.266s] Level 1:colcon.colcon_core.environment:create_file_with_runtime_dependencies(/home/tss8117/Desktop/tirth_ws/AISD_Trainee_Module/install/shm_cpp/share/colcon-core/packages/shm_cpp)
[14.266s] DEBUG:colcon.colcon_parallel_executor.executor.parallel:closing loop
[14.267s] DEBUG:colcon.colcon_parallel_executor.executor.parallel:loop closed
[14.267s] DEBUG:colcon.colcon_parallel_executor.executor.parallel:run_until_complete finished with '0'
[14.267s] DEBUG:colcon.colcon_core.event_reactor:joining thread
[14.282s] INFO:colcon.colcon_core.plugin_system:Skipping extension 'colcon_notification.desktop_notification.terminal_notifier': Not used on non-Darwin systems
[14.282s] INFO:colcon.colcon_core.plugin_system:Skipping extension 'colcon_notification.desktop_notification.win32': Not used on non-Windows systems
[14.282s] INFO:colcon.colcon_notification.desktop_notification:Sending desktop notification using 'notify2'
[14.449s] DEBUG:colcon.colcon_core.event_reactor:joined thread
[14.449s] INFO:colcon.colcon_core.shell:Creating prefix script '/home/tss8117/Desktop/tirth_ws/AISD_Trainee_Module/install/local_setup.ps1'
[14.452s] INFO:colcon.colcon_core.shell:Creating prefix util module '/home/tss8117/Desktop/tirth_ws/AISD_Trainee_Module/install/_local_setup_util_ps1.py'
[14.458s] INFO:colcon.colcon_core.shell:Creating prefix chain script '/home/tss8117/Desktop/tirth_ws/AISD_Trainee_Module/install/setup.ps1'
[14.462s] INFO:colcon.colcon_core.shell:Creating prefix script '/home/tss8117/Desktop/tirth_ws/AISD_Trainee_Module/install/local_setup.sh'
[14.462s] INFO:colcon.colcon_core.shell:Creating prefix util module '/home/tss8117/Desktop/tirth_ws/AISD_Trainee_Module/install/_local_setup_util_sh.py'
[14.463s] INFO:colcon.colcon_core.shell:Creating prefix chain script '/home/tss8117/Desktop/tirth_ws/AISD_Trainee_Module/install/setup.sh'
[14.464s] INFO:colcon.colcon_core.shell:Creating prefix script '/home/tss8117/Desktop/tirth_ws/AISD_Trainee_Module/install/local_setup.bash'
[14.465s] INFO:colcon.colcon_core.shell:Creating prefix chain script '/home/tss8117/Desktop/tirth_ws/AISD_Trainee_Module/install/setup.bash'
[14.466s] INFO:colcon.colcon_core.shell:Creating prefix script '/home/tss8117/Desktop/tirth_ws/AISD_Trainee_Module/install/local_setup.zsh'
[14.468s] INFO:colcon.colcon_core.shell:Creating prefix chain script '/home/tss8117/Desktop/tirth_ws/AISD_Trainee_Module/install/setup.zsh'
