[0.011s] Invoking command in '/home/tss8117/Desktop/tirth_ws/AISD_Trainee_Module/build/my_robot_description': CMAKE_PREFIX_PATH=${CMAKE_PREFIX_PATH}:/home/tss8117/ros2_ws/src/install/my_robot_controller:/home/tss8117/ros2_ws/src/install/handshake:/home/tss8117/ros2_ws/src/install/SHM:/opt/ros/humble /usr/bin/cmake --build /home/tss8117/Desktop/tirth_ws/AISD_Trainee_Module/build/my_robot_description -- -j4 -l4
[0.040s] -- Found ament_cmake: 1.3.12 (/opt/ros/humble/share/ament_cmake/cmake)
[0.155s] -- Found ament_lint_auto: 0.12.14 (/opt/ros/humble/share/ament_lint_auto/cmake)
[0.218s] -- Added test 'flake8' to check Python code syntax and style conventions
[0.218s] -- Added test 'lint_cmake' to check CMake code style
[0.218s] -- Added test 'pep257' to check Python code against some of the docstring style conventions in PEP 257
[0.219s] -- Added test 'xmllint' to check XML markup files
[0.220s] -- Configuring done
[0.224s] -- Generating done
[0.227s] -- Build files have been written to: /home/tss8117/Desktop/tirth_ws/AISD_Trainee_Module/build/my_robot_description
[0.247s] Invoked command in '/home/tss8117/Desktop/tirth_ws/AISD_Trainee_Module/build/my_robot_description' returned '0': CMAKE_PREFIX_PATH=${CMAKE_PREFIX_PATH}:/home/tss8117/ros2_ws/src/install/my_robot_controller:/home/tss8117/ros2_ws/src/install/handshake:/home/tss8117/ros2_ws/src/install/SHM:/opt/ros/humble /usr/bin/cmake --build /home/tss8117/Desktop/tirth_ws/AISD_Trainee_Module/build/my_robot_description -- -j4 -l4
[0.256s] Invoking command in '/home/tss8117/Desktop/tirth_ws/AISD_Trainee_Module/build/my_robot_description': CMAKE_PREFIX_PATH=${CMAKE_PREFIX_PATH}:/home/tss8117/ros2_ws/src/install/my_robot_controller:/home/tss8117/ros2_ws/src/install/handshake:/home/tss8117/ros2_ws/src/install/SHM:/opt/ros/humble /usr/bin/cmake --install /home/tss8117/Desktop/tirth_ws/AISD_Trainee_Module/build/my_robot_description
[0.261s] -- Install configuration: ""
[0.261s] -- Installing: /home/tss8117/Desktop/tirth_ws/AISD_Trainee_Module/install/my_robot_description/share/my_robot_description/launch
[0.261s] -- Installing: /home/tss8117/Desktop/tirth_ws/AISD_Trainee_Module/install/my_robot_description/share/my_robot_description/launch/display_rviz.launch.py
[0.261s] -- Installing: /home/tss8117/Desktop/tirth_ws/AISD_Trainee_Module/install/my_robot_description/share/my_robot_description/urdf
[0.261s] -- Installing: /home/tss8117/Desktop/tirth_ws/AISD_Trainee_Module/install/my_robot_description/share/my_robot_description/urdf/robot.urdf.xacro
[0.261s] -- Up-to-date: /home/tss8117/Desktop/tirth_ws/AISD_Trainee_Module/install/my_robot_description/share/ament_index/resource_index/package_run_dependencies/my_robot_description
[0.261s] -- Installing: /home/tss8117/Desktop/tirth_ws/AISD_Trainee_Module/install/my_robot_description/share/ament_index/resource_index/parent_prefix_path/my_robot_description
[0.262s] -- Up-to-date: /home/tss8117/Desktop/tirth_ws/AISD_Trainee_Module/install/my_robot_description/share/my_robot_description/environment/ament_prefix_path.sh
[0.262s] -- Installing: /home/tss8117/Desktop/tirth_ws/AISD_Trainee_Module/install/my_robot_description/share/my_robot_description/environment/ament_prefix_path.dsv
[0.262s] -- Up-to-date: /home/tss8117/Desktop/tirth_ws/AISD_Trainee_Module/install/my_robot_description/share/my_robot_description/environment/path.sh
[0.262s] -- Installing: /home/tss8117/Desktop/tirth_ws/AISD_Trainee_Module/install/my_robot_description/share/my_robot_description/environment/path.dsv
[0.262s] -- Up-to-date: /home/tss8117/Desktop/tirth_ws/AISD_Trainee_Module/install/my_robot_description/share/my_robot_description/local_setup.bash
[0.262s] -- Up-to-date: /home/tss8117/Desktop/tirth_ws/AISD_Trainee_Module/install/my_robot_description/share/my_robot_description/local_setup.sh
[0.262s] -- Up-to-date: /home/tss8117/Desktop/tirth_ws/AISD_Trainee_Module/install/my_robot_description/share/my_robot_description/local_setup.zsh
[0.262s] -- Installing: /home/tss8117/Desktop/tirth_ws/AISD_Trainee_Module/install/my_robot_description/share/my_robot_description/local_setup.dsv
[0.263s] -- Installing: /home/tss8117/Desktop/tirth_ws/AISD_Trainee_Module/install/my_robot_description/share/my_robot_description/package.dsv
[0.263s] -- Up-to-date: /home/tss8117/Desktop/tirth_ws/AISD_Trainee_Module/install/my_robot_description/share/ament_index/resource_index/packages/my_robot_description
[0.263s] -- Up-to-date: /home/tss8117/Desktop/tirth_ws/AISD_Trainee_Module/install/my_robot_description/share/my_robot_description/cmake/my_robot_descriptionConfig.cmake
[0.263s] -- Up-to-date: /home/tss8117/Desktop/tirth_ws/AISD_Trainee_Module/install/my_robot_description/share/my_robot_description/cmake/my_robot_descriptionConfig-version.cmake
[0.263s] -- Up-to-date: /home/tss8117/Desktop/tirth_ws/AISD_Trainee_Module/install/my_robot_description/share/my_robot_description/package.xml
[0.265s] Invoked command in '/home/tss8117/Desktop/tirth_ws/AISD_Trainee_Module/build/my_robot_description' returned '0': CMAKE_PREFIX_PATH=${CMAKE_PREFIX_PATH}:/home/tss8117/ros2_ws/src/install/my_robot_controller:/home/tss8117/ros2_ws/src/install/handshake:/home/tss8117/ros2_ws/src/install/SHM:/opt/ros/humble /usr/bin/cmake --install /home/tss8117/Desktop/tirth_ws/AISD_Trainee_Module/build/my_robot_description
